Component: ARM Compiler 5.05 update 2 (build 169) Tool: armlink [4d0f33]

==============================================================================

Section Cross References

    stm32f1xx_clk.o(i.SystemClock_Config) refers to memseta.o(.text) for __aeabi_memclr4
    stm32f1xx_clk.o(i.SystemClock_Config) refers to stm32f1xx_hal_rcc.o(i.HAL_RCC_OscConfig) for HAL_RCC_OscConfig
    stm32f1xx_clk.o(i.SystemClock_Config) refers to stm32f1xx_hal_rcc.o(i.HAL_RCC_ClockConfig) for HAL_RCC_ClockConfig
    system_stm32f1xx.o(i.SystemCoreClockUpdate) refers to system_stm32f1xx.o(.data) for .data
    system_stm32f1xx.o(i.SystemCoreClockUpdate) refers to system_stm32f1xx.o(.constdata) for .constdata
    startup_stm32f103xe.o(RESET) refers to startup_stm32f103xe.o(STACK) for __initial_sp
    startup_stm32f103xe.o(RESET) refers to startup_stm32f103xe.o(.text) for Reset_Handler
    startup_stm32f103xe.o(RESET) refers to stm32f1xx_it.o(i.NMI_Handler) for NMI_Handler
    startup_stm32f103xe.o(RESET) refers to stm32f1xx_it.o(i.HardFault_Handler) for HardFault_Handler
    startup_stm32f103xe.o(RESET) refers to stm32f1xx_it.o(i.MemManage_Handler) for MemManage_Handler
    startup_stm32f103xe.o(RESET) refers to stm32f1xx_it.o(i.BusFault_Handler) for BusFault_Handler
    startup_stm32f103xe.o(RESET) refers to stm32f1xx_it.o(i.UsageFault_Handler) for UsageFault_Handler
    startup_stm32f103xe.o(RESET) refers to stm32f1xx_it.o(i.SVC_Handler) for SVC_Handler
    startup_stm32f103xe.o(RESET) refers to stm32f1xx_it.o(i.DebugMon_Handler) for DebugMon_Handler
    startup_stm32f103xe.o(RESET) refers to stm32f1xx_it.o(i.PendSV_Handler) for PendSV_Handler
    startup_stm32f103xe.o(RESET) refers to systick.o(i.SysTick_Handler) for SysTick_Handler
    startup_stm32f103xe.o(RESET) refers to usbtocom.o(i.USART1_IRQHandler) for USART1_IRQHandler
    startup_stm32f103xe.o(.text) refers to system_stm32f1xx.o(i.SystemInit) for SystemInit
    startup_stm32f103xe.o(.text) refers to entry.o(.ARM.Collect$$$$00000000) for __main
    delay.o(i.DelayNums) refers to delay.o(i.DelayNus) for DelayNus
    delay.o(i.HAL_Delay) refers to delay.o(i.DelayNus) for DelayNus
    led_driver.o(i.Led_DrvInit) refers to led_driver.o(i.GPIO_CLK_ENABLE) for GPIO_CLK_ENABLE
    led_driver.o(i.Led_DrvInit) refers to stm32f1xx_hal_gpio.o(i.HAL_GPIO_Init) for HAL_GPIO_Init
    led_driver.o(i.Led_DrvInit) refers to stm32f1xx_hal_gpio.o(i.HAL_GPIO_WritePin) for HAL_GPIO_WritePin
    led_driver.o(i.Led_DrvInit) refers to led_driver.o(.data) for .data
    led_driver.o(i.ToogleLed) refers to stm32f1xx_hal_gpio.o(i.HAL_GPIO_TogglePin) for HAL_GPIO_TogglePin
    led_driver.o(i.ToogleLed) refers to led_driver.o(.data) for .data
    led_driver.o(i.TurnOffLed) refers to stm32f1xx_hal_gpio.o(i.HAL_GPIO_WritePin) for HAL_GPIO_WritePin
    led_driver.o(i.TurnOffLed) refers to led_driver.o(.data) for .data
    led_driver.o(i.TurnOnLed) refers to stm32f1xx_hal_gpio.o(i.HAL_GPIO_WritePin) for HAL_GPIO_WritePin
    led_driver.o(i.TurnOnLed) refers to led_driver.o(.data) for .data
    queue.o(i.QueuePopArry) refers to queue.o(i.QueuePop) for QueuePop
    queue.o(i.QueuePushArry) refers to queue.o(i.QueuePush) for QueuePush
    queue.o(i.QueueTest) refers to queue.o(i.QueueInit) for QueueInit
    queue.o(i.QueueTest) refers to printfa.o(i.__0printf) for __2printf
    queue.o(i.QueueTest) refers to queue.o(i.QueuePush) for QueuePush
    queue.o(i.QueueTest) refers to queue.o(i.QueuePop) for QueuePop
    systick.o(i.Get_Work_Time) refers to systick.o(.data) for .data
    systick.o(i.SysTick_Handler) refers to systick.o(.data) for .data
    systick.o(i.Work_Time_Init) refers to stm32f1xx_hal_cortex.o(i.HAL_SYSTICK_Config) for HAL_SYSTICK_Config
    systick.o(i.Work_Time_Init) refers to stm32f1xx_hal_cortex.o(i.HAL_NVIC_SetPriority) for HAL_NVIC_SetPriority
    systick.o(i.Work_Time_Init) refers to stm32f1xx_hal_cortex.o(i.HAL_NVIC_EnableIRQ) for HAL_NVIC_EnableIRQ
    systick.o(i.sheck_Init) refers to systick.o(.data) for .data
    usbtocom.o(i.USART1_IRQHandler) refers to stm32f1xx_hal_uart.o(i.HAL_UART_DMAStop) for HAL_UART_DMAStop
    usbtocom.o(i.USART1_IRQHandler) refers to stm32f1xx_hal_uart.o(i.HAL_UART_Receive_DMA) for HAL_UART_Receive_DMA
    usbtocom.o(i.USART1_IRQHandler) refers to usbtocom.o(.bss) for .bss
    usbtocom.o(i.USBtoComUsart_Init) refers to usbtocom.o(i.USBtoCom_GPIOInit) for USBtoCom_GPIOInit
    usbtocom.o(i.USBtoComUsart_Init) refers to usbtocom.o(i.USBtoCom_DMA) for USBtoCom_DMA
    usbtocom.o(i.USBtoComUsart_Init) refers to usbtocom.o(i.USBtoComUsart_UsartInit) for USBtoComUsart_UsartInit
    usbtocom.o(i.USBtoComUsart_UsartInit) refers to stm32f1xx_hal_uart.o(i.HAL_UART_Init) for HAL_UART_Init
    usbtocom.o(i.USBtoComUsart_UsartInit) refers to stm32f1xx_hal_cortex.o(i.HAL_NVIC_SetPriority) for HAL_NVIC_SetPriority
    usbtocom.o(i.USBtoComUsart_UsartInit) refers to stm32f1xx_hal_cortex.o(i.HAL_NVIC_EnableIRQ) for HAL_NVIC_EnableIRQ
[...]
    Removing stm32f1xx_hal_spi.o(i.SPI_DMAError), (34 bytes).
    Removing stm32f1xx_hal_spi.o(i.SPI_DMAHalfReceiveCplt), (10 bytes).
    Removing stm32f1xx_hal_spi.o(i.SPI_DMAHalfTransmitCplt), (10 bytes).
    Removing stm32f1xx_hal_spi.o(i.SPI_DMAHalfTransmitReceiveCplt), (10 bytes).
    Removing stm32f1xx_hal_spi.o(i.SPI_DMAReceiveCplt), (158 bytes).
    Removing stm32f1xx_hal_spi.o(i.SPI_DMARxAbortCallback), (98 bytes).
    Removing stm32f1xx_hal_spi.o(i.SPI_DMATransmitCplt), (100 bytes).
    Removing stm32f1xx_hal_spi.o(i.SPI_DMATransmitReceiveCplt), (164 bytes).
    Removing stm32f1xx_hal_spi.o(i.SPI_DMATxAbortCallback), (112 bytes).
    Removing stm32f1xx_hal_spi.o(i.SPI_EndRxTransaction), (92 bytes).
    Removing stm32f1xx_hal_spi.o(i.SPI_EndRxTxTransaction), (32 bytes).
    Removing stm32f1xx_hal_spi.o(i.SPI_ISCRCErrorValid), (4 bytes).
    Removing stm32f1xx_hal_spi.o(i.SPI_RxISR_16BIT), (88 bytes).
    Removing stm32f1xx_hal_spi.o(i.SPI_RxISR_16BITCRC), (16 bytes).
    Removing stm32f1xx_hal_spi.o(i.SPI_RxISR_8BIT), (88 bytes).
    Removing stm32f1xx_hal_spi.o(i.SPI_RxISR_8BITCRC), (8 bytes).
    Removing stm32f1xx_hal_spi.o(i.SPI_TxISR_16BIT), (50 bytes).
    Removing stm32f1xx_hal_spi.o(i.SPI_TxISR_8BIT), (50 bytes).
    Removing stm32f1xx_hal_spi.o(i.SPI_WaitFlagStateUntilTimeout), (148 bytes).
    Removing stm32f1xx_hal_sd.o(.rev16_text), (4 bytes).
    Removing stm32f1xx_hal_sd.o(.revsh_text), (4 bytes).
    Removing stm32f1xx_hal_sd.o(.rrx_text), (6 bytes).
    Removing stm32f1xx_hal_sd.o(i.HAL_SD_Abort), (120 bytes).
    Removing stm32f1xx_hal_sd.o(i.HAL_SD_AbortCallback), (2 bytes).
    Removing stm32f1xx_hal_sd.o(i.HAL_SD_Abort_IT), (156 bytes).
    Removing stm32f1xx_hal_sd.o(i.HAL_SD_ConfigWideBusOperation), (244 bytes).
    Removing stm32f1xx_hal_sd.o(i.HAL_SD_DeInit), (38 bytes).
    Removing stm32f1xx_hal_sd.o(i.HAL_SD_Erase), (196 bytes).
    Removing stm32f1xx_hal_sd.o(i.HAL_SD_ErrorCallback), (2 bytes).
    Removing stm32f1xx_hal_sd.o(i.HAL_SD_GetCardCID), (80 bytes).
    Removing stm32f1xx_hal_sd.o(i.HAL_SD_GetCardCSD), (408 bytes).
    Removing stm32f1xx_hal_sd.o(i.HAL_SD_GetCardInfo), (36 bytes).
    Removing stm32f1xx_hal_sd.o(i.HAL_SD_GetCardState), (44 bytes).
    Removing stm32f1xx_hal_sd.o(i.HAL_SD_GetCardStatus), (136 bytes).
    Removing stm32f1xx_hal_sd.o(i.HAL_SD_GetError), (4 bytes).
    Removing stm32f1xx_hal_sd.o(i.HAL_SD_GetState), (6 bytes).
    Removing stm32f1xx_hal_sd.o(i.HAL_SD_IRQHandler), (520 bytes).
    Removing stm32f1xx_hal_sd.o(i.HAL_SD_Init), (54 bytes).
    Removing stm32f1xx_hal_sd.o(i.HAL_SD_InitCard), (84 bytes).
    Removing stm32f1xx_hal_sd.o(i.HAL_SD_MspDeInit), (2 bytes).
    Removing stm32f1xx_hal_sd.o(i.HAL_SD_MspInit), (2 bytes).
    Removing stm32f1xx_hal_sd.o(i.HAL_SD_ReadBlocks), (504 bytes).
    Removing stm32f1xx_hal_sd.o(i.HAL_SD_ReadBlocks_DMA), (304 bytes).
    Removing stm32f1xx_hal_sd.o(i.HAL_SD_ReadBlocks_IT), (228 bytes).
    Removing stm32f1xx_hal_sd.o(i.HAL_SD_RxCpltCallback), (2 bytes).
    Removing stm32f1xx_hal_sd.o(i.HAL_SD_TxCpltCallback), (2 bytes).
    Removing stm32f1xx_hal_sd.o(i.HAL_SD_WriteBlocks), (460 bytes).
    Removing stm32f1xx_hal_sd.o(i.HAL_SD_WriteBlocks_DMA), (308 bytes).
    Removing stm32f1xx_hal_sd.o(i.HAL_SD_WriteBlocks_IT), (224 bytes).
    Removing stm32f1xx_hal_sd.o(i.SD_DMAError), (92 bytes).
    Removing stm32f1xx_hal_sd.o(i.SD_DMAReceiveCplt), (66 bytes).
    Removing stm32f1xx_hal_sd.o(i.SD_DMARxAbort), (68 bytes).
    Removing stm32f1xx_hal_sd.o(i.SD_DMATransmitCplt), (14 bytes).
    Removing stm32f1xx_hal_sd.o(i.SD_DMATxAbort), (68 bytes).
    Removing stm32f1xx_hal_sd.o(i.SD_FindSCR), (212 bytes).
    Removing stm32f1xx_hal_sd.o(i.SD_InitCard), (238 bytes).
    Removing stm32f1xx_hal_sd.o(i.SD_PowerON), (180 bytes).
    Removing stm32f1xx_hal_sd.o(i.SD_SendSDStatus), (232 bytes).
    Removing stm32f1xx_ll_sdmmc.o(.rev16_text), (4 bytes).
    Removing stm32f1xx_ll_sdmmc.o(.revsh_text), (4 bytes).
    Removing stm32f1xx_ll_sdmmc.o(.rrx_text), (6 bytes).
    Removing stm32f1xx_ll_sdmmc.o(i.SDIO_ConfigData), (36 bytes).
    Removing stm32f1xx_ll_sdmmc.o(i.SDIO_GetCommandResponse), (6 bytes).
    Removing stm32f1xx_ll_sdmmc.o(i.SDIO_GetDataCounter), (4 bytes).
    Removing stm32f1xx_ll_sdmmc.o(i.SDIO_GetFIFOCount), (6 bytes).
    Removing stm32f1xx_ll_sdmmc.o(i.SDIO_GetPowerState), (8 bytes).
    Removing stm32f1xx_ll_sdmmc.o(i.SDIO_GetResponse), (6 bytes).
    Removing stm32f1xx_ll_sdmmc.o(i.SDIO_Init), (36 bytes).
    Removing stm32f1xx_ll_sdmmc.o(i.SDIO_PowerState_OFF), (8 bytes).
    Removing stm32f1xx_ll_sdmmc.o(i.SDIO_PowerState_ON), (16 bytes).
    Removing stm32f1xx_ll_sdmmc.o(i.SDIO_ReadFIFO), (6 bytes).
    Removing stm32f1xx_ll_sdmmc.o(i.SDIO_SendCommand), (32 bytes).
    Removing stm32f1xx_ll_sdmmc.o(i.SDIO_SetSDMMCReadWaitMode), (14 bytes).
    Removing stm32f1xx_ll_sdmmc.o(i.SDIO_WriteFIFO), (10 bytes).
    Removing stm32f1xx_ll_sdmmc.o(i.SDMMC_CmdAppCommand), (50 bytes).
    Removing stm32f1xx_ll_sdmmc.o(i.SDMMC_CmdAppOperCommand), (52 bytes).
    Removing stm32f1xx_ll_sdmmc.o(i.SDMMC_CmdBlockLength), (50 bytes).
    Removing stm32f1xx_ll_sdmmc.o(i.SDMMC_CmdBusWidth), (50 bytes).
    Removing stm32f1xx_ll_sdmmc.o(i.SDMMC_CmdErase), (48 bytes).
    Removing stm32f1xx_ll_sdmmc.o(i.SDMMC_CmdEraseEndAdd), (50 bytes).
    Removing stm32f1xx_ll_sdmmc.o(i.SDMMC_CmdEraseStartAdd), (50 bytes).
    Removing stm32f1xx_ll_sdmmc.o(i.SDMMC_CmdGoIdleState), (80 bytes).
    Removing stm32f1xx_ll_sdmmc.o(i.SDMMC_CmdOpCondition), (44 bytes).
    Removing stm32f1xx_ll_sdmmc.o(i.SDMMC_CmdOperCond), (116 bytes).
    Removing stm32f1xx_ll_sdmmc.o(i.SDMMC_CmdReadMultiBlock), (50 bytes).
    Removing stm32f1xx_ll_sdmmc.o(i.SDMMC_CmdReadSingleBlock), (50 bytes).
    Removing stm32f1xx_ll_sdmmc.o(i.SDMMC_CmdSDEraseEndAdd), (50 bytes).
    Removing stm32f1xx_ll_sdmmc.o(i.SDMMC_CmdSDEraseStartAdd), (50 bytes).
    Removing stm32f1xx_ll_sdmmc.o(i.SDMMC_CmdSelDesel), (50 bytes).
    Removing stm32f1xx_ll_sdmmc.o(i.SDMMC_CmdSendCID), (44 bytes).
    Removing stm32f1xx_ll_sdmmc.o(i.SDMMC_CmdSendCSD), (44 bytes).
    Removing stm32f1xx_ll_sdmmc.o(i.SDMMC_CmdSendSCR), (48 bytes).
    Removing stm32f1xx_ll_sdmmc.o(i.SDMMC_CmdSendStatus), (50 bytes).
    Removing stm32f1xx_ll_sdmmc.o(i.SDMMC_CmdSetRelAdd), (48 bytes).
    Removing stm32f1xx_ll_sdmmc.o(i.SDMMC_CmdStatusRegister), (48 bytes).
    Removing stm32f1xx_ll_sdmmc.o(i.SDMMC_CmdStopTransfer), (52 bytes).
    Removing stm32f1xx_ll_sdmmc.o(i.SDMMC_CmdSwitch), (50 bytes).
    Removing stm32f1xx_ll_sdmmc.o(i.SDMMC_CmdWriteMultiBlock), (50 bytes).
    Removing stm32f1xx_ll_sdmmc.o(i.SDMMC_CmdWriteSingleBlock), (50 bytes).
    Removing stm32f1xx_ll_sdmmc.o(i.SDMMC_GetCmdResp1), (288 bytes).
    Removing stm32f1xx_ll_sdmmc.o(i.SDMMC_GetCmdResp2), (80 bytes).
    Removing stm32f1xx_ll_sdmmc.o(i.SDMMC_GetCmdResp3), (68 bytes).
    Removing stm32f1xx_ll_sdmmc.o(i.SDMMC_GetCmdResp6), (136 bytes).
    Removing main.o(.rev16_text), (4 bytes).
    Removing main.o(.revsh_text), (4 bytes).
    Removing main.o(.rrx_text), (6 bytes).
    Removing mpu6050.o(i.mpu6050_rest), (26 bytes).
    Removing kalman.o(.rev16_text), (4 bytes).
    Removing kalman.o(.revsh_text), (4 bytes).
    Removing kalman.o(.rrx_text), (6 bytes).
    Removing kalman.o(i.KalmanFilter), (536 bytes).
    Removing kalman.o(i.kalman1_filter), (136 bytes).
    Removing kalman.o(i.kalman1_init), (32 bytes).
    Removing kalman.o(i.kalman2_filter), (456 bytes).
    Removing kalman.o(i.kalman2_init), (64 bytes).
    Removing kalman.o(i.kalman_2_Update), (304 bytes).
    Removing kalman.o(i.matrix_add), (56 bytes).
    Removing kalman.o(i.matrix_multi), (100 bytes).
    Removing kalman.o(i.matrix_sub), (56 bytes).
    Removing kalman.o(.bss), (64 bytes).
    Removing kalman.o(.data), (4 bytes).
    Removing kalman.o(.data), (148 bytes).
    Removing init.o(.data), (6 bytes).
    Removing imu.o(i.GetAccz), (12 bytes).
    Removing mymath.o(.rev16_text), (4 bytes).
    Removing mymath.o(.revsh_text), (4 bytes).
    Removing mymath.o(.rrx_text), (6 bytes).
    Removing mymath.o(i.VariableParameter), (56 bytes).
    Removing mymath.o(i.arcsin), (132 bytes).
    Removing mymath.o(i.arctan), (70 bytes).
    Removing mymath.o(i.array_assign), (18 bytes).
    Removing mymath.o(i.array_astrict), (40 bytes).
    Removing mymath.o(i.cosine), (20 bytes).
    Removing mymath.o(i.data_limit), (34 bytes).
    Removing mymath.o(i.middle_3), (26 bytes).
    Removing mymath.o(i.my_deathzoom), (34 bytes).
    Removing mymath.o(i.my_deathzoom_2), (36 bytes).
    Removing mymath.o(i.safe_asin), (48 bytes).
    Removing mymath.o(i.sine), (164 bytes).
    Removing mymath.o(.constdata), (4 bytes).
    Removing mymath.o(.constdata), (4 bytes).
    Removing mymath.o(.constdata), (4 bytes).
    Removing retarget_io.o(i.__aeabi_assert), (144 bytes).
    Removing retarget_io.o(i.__backspace), (6 bytes).
    Removing retarget_io.o(i.abort), (2 bytes).
    Removing retarget_io.o(i.fgetc), (6 bytes).
    Removing retarget_io.o(i.fputc), (20 bytes).
    Removing ffltui.o(.text), (10 bytes).
    Removing cfcmple.o(.text), (20 bytes).
    Removing cfrcmple.o(.text), (20 bytes).
    Removing fsqrt.o(.text), (94 bytes).
    Removing cdcmple.o(.text), (48 bytes).

601 unused section(s) (total 40697 bytes) removed from the image.

==============================================================================

Image Symbol Table

    Local Symbols

    Symbol Name                              Value     Ov Type        Size  Object(Section)

    ../clib/microlib/division.c              0x00000000   Number         0  uidiv.o ABSOLUTE
    ../clib/microlib/division.c              0x00000000   Number         0  uldiv.o ABSOLUTE
    ../clib/microlib/errno.c                 0x00000000   Number         0  errno.o ABSOLUTE
    ../clib/microlib/init/entry.s            0x00000000   Number         0  entry2.o ABSOLUTE
    ../clib/microlib/init/entry.s            0x00000000   Number         0  entry8a.o ABSOLUTE
    ../clib/microlib/init/entry.s            0x00000000   Number         0  entry7b.o ABSOLUTE
    ../clib/microlib/init/entry.s            0x00000000   Number         0  entry8b.o ABSOLUTE
    ../clib/microlib/init/entry.s            0x00000000   Number         0  entry9a.o ABSOLUTE
    ../clib/microlib/init/entry.s            0x00000000   Number         0  entry9b.o ABSOLUTE
    ../clib/microlib/init/entry.s            0x00000000   Number         0  entry10a.o ABSOLUTE
    ../clib/microlib/init/entry.s            0x00000000   Number         0  entry.o ABSOLUTE
    ../clib/microlib/init/entry.s            0x00000000   Number         0  entry5.o ABSOLUTE
    ../clib/microlib/init/entry.s            0x00000000   Number         0  entry7a.o ABSOLUTE
    ../clib/microlib/init/entry.s            0x00000000   Number         0  entry11b.o ABSOLUTE
    ../clib/microlib/init/entry.s            0x00000000   Number         0  entry11a.o ABSOLUTE
    ../clib/microlib/init/entry.s            0x00000000   Number         0  entry10b.o ABSOLUTE
    ../clib/microlib/longlong.c              0x00000000   Number         0  llsshr.o ABSOLUTE
    ../clib/microlib/longlong.c              0x00000000   Number         0  llushr.o ABSOLUTE
    ../clib/microlib/longlong.c              0x00000000   Number         0  llshl.o ABSOLUTE
    ../clib/microlib/printf/printf.c         0x00000000   Number         0  printf4.o ABSOLUTE
    ../clib/microlib/printf/printf.c         0x00000000   Number         0  printf6.o ABSOLUTE
    ../clib/microlib/printf/printf.c         0x00000000   Number         0  printfb.o ABSOLUTE
    ../clib/microlib/printf/printf.c         0x00000000   Number         0  printf0.o ABSOLUTE
    ../clib/microlib/printf/printf.c         0x00000000   Number         0  printf1.o ABSOLUTE
    ../clib/microlib/printf/printf.c         0x00000000   Number         0  printf2.o ABSOLUTE
    ../clib/microlib/printf/printf.c         0x00000000   Number         0  printf5.o ABSOLUTE
    ../clib/microlib/printf/printf.c         0x00000000   Number         0  printf8.o ABSOLUTE
    ../clib/microlib/printf/printf.c         0x00000000   Number         0  printfa.o ABSOLUTE
    ../clib/microlib/printf/printf.c         0x00000000   Number         0  printf7.o ABSOLUTE
    ../clib/microlib/printf/printf.c         0x00000000   Number         0  printf3.o ABSOLUTE
    ../clib/microlib/printf/stubs.s          0x00000000   Number         0  stubs.o ABSOLUTE
    ../clib/microlib/stdio/fputs.c           0x00000000   Number         0  fputs.o ABSOLUTE
    ../clib/microlib/stdio/fputs.c           0x00000000   Number         0  fputs_e.o ABSOLUTE
    ../clib/microlib/stdio/streams.c         0x00000000   Number         0  stderr.o ABSOLUTE
    ../clib/microlib/stdio/streams.c         0x00000000   Number         0  stdout.o ABSOLUTE
    ../clib/microlib/string/memset.c         0x00000000   Number         0  memseta.o ABSOLUTE
    ../clib/microlib/stubs.s                 0x00000000   Number         0  iusefp.o ABSOLUTE
    ../fplib/microlib/d2f.c                  0x00000000   Number         0  d2f.o ABSOLUTE
    ../fplib/microlib/f2d.c                  0x00000000   Number         0  f2d.o ABSOLUTE
    ../fplib/microlib/fpadd.c                0x00000000   Number         0  fadd.o ABSOLUTE
    ../fplib/microlib/fpadd.c                0x00000000   Number         0  dadd.o ABSOLUTE
    ../fplib/microlib/fpdiv.c                0x00000000   Number         0  ddiv.o ABSOLUTE
    ../fplib/microlib/fpdiv.c                0x00000000   Number         0  fdiv.o ABSOLUTE
    ../fplib/microlib/fpepilogue.c           0x00000000   Number         0  depilogue.o ABSOLUTE
    ../fplib/microlib/fpepilogue.c           0x00000000   Number         0  fepilogue.o ABSOLUTE
    ../fplib/microlib/fpfix.c                0x00000000   Number         0  dfixul.o ABSOLUTE
    ../fplib/microlib/fpfix.c                0x00000000   Number         0  ffixi.o ABSOLUTE
    ../fplib/microlib/fpflt.c                0x00000000   Number         0  fflti.o ABSOLUTE
    ../fplib/microlib/fpflt.c                0x00000000   Number         0  ffltui.o ABSOLUTE
    ../fplib/microlib/fpmul.c                0x00000000   Number         0  dmul.o ABSOLUTE
    ../fplib/microlib/fpmul.c                0x00000000   Number         0  fmul.o ABSOLUTE
    ../fplib/microlib/fpscalb.c              0x00000000   Number         0  dscalb.o ABSOLUTE
    ../fplib/microlib/fpscalb.c              0x00000000   Number         0  fscalb.o ABSOLUTE
    ../fplib/microlib/fpsqrt.c               0x00000000   Number         0  fsqrt.o ABSOLUTE
    ../fplib/microlib/fpsqrt.c               0x00000000   Number         0  dsqrt.o ABSOLUTE
    ../mathlib/asin.c                        0x00000000   Number         0  asin_x.o ABSOLUTE
    ../mathlib/asin.c                        0x00000000   Number         0  asin.o ABSOLUTE
    ../mathlib/asinf.c                       0x00000000   Number         0  asinf.o ABSOLUTE
    ../mathlib/asinf.c                       0x00000000   Number         0  asinf_x.o ABSOLUTE
    ../mathlib/atan2f.c                      0x00000000   Number         0  atan2f.o ABSOLUTE
    ../mathlib/atan2f.c                      0x00000000   Number         0  atan2f_x.o ABSOLUTE
    ../mathlib/dunder.c                      0x00000000   Number         0  dunder.o ABSOLUTE
    ../mathlib/fpclassify.c                  0x00000000   Number         0  fpclassify.o ABSOLUTE
    ../mathlib/fpclassifyf.c                 0x00000000   Number         0  fpclassifyf.o ABSOLUTE
    ../mathlib/funder.c                      0x00000000   Number         0  funder.o ABSOLUTE
    ../mathlib/poly.c                        0x00000000   Number         0  poly.o ABSOLUTE
    ../mathlib/sqrt.c                        0x00000000   Number         0  sqrt.o ABSOLUTE
    ../mathlib/sqrt.c                        0x00000000   Number         0  sqrt_x.o ABSOLUTE
    ../mathlib/sqrtf.c                       0x00000000   Number         0  sqrtf_x.o ABSOLUTE
    ../mathlib/sqrtf.c                       0x00000000   Number         0  sqrtf.o ABSOLUTE
    ..\BSP\IIC.c                             0x00000000   Number         0  iic.o ABSOLUTE
    ..\BSP\KEY.c                             0x00000000   Number         0  key.o ABSOLUTE
    ..\BSP\Systick.c                         0x00000000   Number         0  systick.o ABSOLUTE
    ..\BSP\USBtoCom.c                        0x00000000   Number         0  usbtocom.o ABSOLUTE
    ..\BSP\USBtoComApp.c                     0x00000000   Number         0  usbtocomapp.o ABSOLUTE
    ..\BSP\delay.c                           0x00000000   Number         0  delay.o ABSOLUTE
    ..\BSP\led_driver.c                      0x00000000   Number         0  led_driver.o ABSOLUTE
    ..\BSP\queue.c                           0x00000000   Number         0  queue.o ABSOLUTE
    ..\Core\startup_stm32f103xe.s            0x00000000   Number         0  startup_stm32f103xe.o ABSOLUTE
    ..\Core\stm32f1xx_clk.c                  0x00000000   Number         0  stm32f1xx_clk.o ABSOLUTE
    ..\Core\stm32f1xx_it.c                   0x00000000   Number         0  stm32f1xx_it.o ABSOLUTE
    ..\Core\system_stm32f1xx.c               0x00000000   Number         0  system_stm32f1xx.o ABSOLUTE
    ..\HAL_Driver\Src\stm32f1xx_hal.c        0x00000000   Number         0  stm32f1xx_hal.o ABSOLUTE
    ..\HAL_Driver\Src\stm32f1xx_hal_cortex.c 0x00000000   Number         0  stm32f1xx_hal_cortex.o ABSOLUTE
    ..\HAL_Driver\Src\stm32f1xx_hal_dma.c    0x00000000   Number         0  stm32f1xx_hal_dma.o ABSOLUTE
    ..\HAL_Driver\Src\stm32f1xx_hal_gpio.c   0x00000000   Number         0  stm32f1xx_hal_gpio.o ABSOLUTE
    ..\HAL_Driver\Src\stm32f1xx_hal_gpio_ex.c 0x00000000   Number         0  stm32f1xx_hal_gpio_ex.o ABSOLUTE
    ..\HAL_Driver\Src\stm32f1xx_hal_pwr.c    0x00000000   Number         0  stm32f1xx_hal_pwr.o ABSOLUTE
    ..\HAL_Driver\Src\stm32f1xx_hal_rcc.c    0x00000000   Number         0  stm32f1xx_hal_rcc.o ABSOLUTE
    ..\HAL_Driver\Src\stm32f1xx_hal_rcc_ex.c 0x00000000   Number         0  stm32f1xx_hal_rcc_ex.o ABSOLUTE
    ..\HAL_Driver\Src\stm32f1xx_hal_rtc.c    0x00000000   Number         0  stm32f1xx_hal_rtc.o ABSOLUTE
    ..\HAL_Driver\Src\stm32f1xx_hal_rtc_ex.c 0x00000000   Number         0  stm32f1xx_hal_rtc_ex.o ABSOLUTE
    ..\HAL_Driver\Src\stm32f1xx_hal_sd.c     0x00000000   Number         0  stm32f1xx_hal_sd.o ABSOLUTE
    ..\HAL_Driver\Src\stm32f1xx_hal_spi.c    0x00000000   Number         0  stm32f1xx_hal_spi.o ABSOLUTE
    ..\HAL_Driver\Src\stm32f1xx_hal_tim.c    0x00000000   Number         0  stm32f1xx_hal_tim.o ABSOLUTE
    ..\HAL_Driver\Src\stm32f1xx_hal_tim_ex.c 0x00000000   Number         0  stm32f1xx_hal_tim_ex.o ABSOLUTE
    ..\HAL_Driver\Src\stm32f1xx_hal_uart.c   0x00000000   Number         0  stm32f1xx_hal_uart.o ABSOLUTE
    ..\HAL_Driver\Src\stm32f1xx_ll_sdmmc.c   0x00000000   Number         0  stm32f1xx_ll_sdmmc.o ABSOLUTE
    ..\Mpu6050\INIT.c                        0x00000000   Number         0  init.o ABSOLUTE
    ..\Mpu6050\imu.c                         0x00000000   Number         0  imu.o ABSOLUTE
    ..\Mpu6050\kalman.c                      0x00000000   Number         0  kalman.o ABSOLUTE
    ..\Mpu6050\mpu6050.c                     0x00000000   Number         0  mpu6050.o ABSOLUTE
    ..\Mpu6050\myMath.c                      0x00000000   Number         0  mymath.o ABSOLUTE
    ..\User\main.c                           0x00000000   Number         0  main.o ABSOLUTE
    ..\\BSP\\IIC.c                           0x00000000   Number         0  iic.o ABSOLUTE
    ..\\BSP\\KEY.c                           0x00000000   Number         0  key.o ABSOLUTE
    ..\\BSP\\Systick.c                       0x00000000   Number         0  systick.o ABSOLUTE
    ..\\BSP\\USBtoCom.c                      0x00000000   Number         0  usbtocom.o ABSOLUTE
    ..\\BSP\\USBtoComApp.c                   0x00000000   Number         0  usbtocomapp.o ABSOLUTE
    ..\\BSP\\delay.c                         0x00000000   Number         0  delay.o ABSOLUTE
    ..\\BSP\\led_driver.c                    0x00000000   Number         0  led_driver.o ABSOLUTE
    ..\\BSP\\queue.c                         0x00000000   Number         0  queue.o ABSOLUTE
    ..\\Core\\stm32f1xx_clk.c                0x00000000   Number         0  stm32f1xx_clk.o ABSOLUTE
    ..\\Core\\stm32f1xx_it.c                 0x00000000   Number         0  stm32f1xx_it.o ABSOLUTE
    ..\\Core\\system_stm32f1xx.c             0x00000000   Number         0  system_stm32f1xx.o ABSOLUTE
    ..\\HAL_Driver\\Src\\stm32f1xx_hal.c     0x00000000   Number         0  stm32f1xx_hal.o ABSOLUTE
    ..\\HAL_Driver\\Src\\stm32f1xx_hal_cortex.c 0x00000000   Number         0  stm32f1xx_hal_cortex.o ABSOLUTE
    ..\\HAL_Driver\\Src\\stm32f1xx_hal_dma.c 0x00000000   Number         0  stm32f1xx_hal_dma.o ABSOLUTE
    ..\\HAL_Driver\\Src\\stm32f1xx_hal_gpio.c 0x00000000   Number         0  stm32f1xx_hal_gpio.o ABSOLUTE
    ..\\HAL_Driver\\Src\\stm32f1xx_hal_gpio_ex.c 0x00000000   Number         0  stm32f1xx_hal_gpio_ex.o ABSOLUTE
    ..\\HAL_Driver\\Src\\stm32f1xx_hal_pwr.c 0x00000000   Number         0  stm32f1xx_hal_pwr.o ABSOLUTE
    ..\\HAL_Driver\\Src\\stm32f1xx_hal_rcc.c 0x00000000   Number         0  stm32f1xx_hal_rcc.o ABSOLUTE
    ..\\HAL_Driver\\Src\\stm32f1xx_hal_rcc_ex.c 0x00000000   Number         0  stm32f1xx_hal_rcc_ex.o ABSOLUTE
    ..\\HAL_Driver\\Src\\stm32f1xx_hal_rtc.c 0x00000000   Number         0  stm32f1xx_hal_rtc.o ABSOLUTE
    ..\\HAL_Driver\\Src\\stm32f1xx_hal_rtc_ex.c 0x00000000   Number         0  stm32f1xx_hal_rtc_ex.o ABSOLUTE
    ..\\HAL_Driver\\Src\\stm32f1xx_hal_sd.c  0x00000000   Number         0  stm32f1xx_hal_sd.o ABSOLUTE
    ..\\HAL_Driver\\Src\\stm32f1xx_hal_spi.c 0x00000000   Number         0  stm32f1xx_hal_spi.o ABSOLUTE
    ..\\HAL_Driver\\Src\\stm32f1xx_hal_tim.c 0x00000000   Number         0  stm32f1xx_hal_tim.o ABSOLUTE
    ..\\HAL_Driver\\Src\\stm32f1xx_hal_tim_ex.c 0x00000000   Number         0  stm32f1xx_hal_tim_ex.o ABSOLUTE
    ..\\HAL_Driver\\Src\\stm32f1xx_hal_uart.c 0x00000000   Number         0  stm32f1xx_hal_uart.o ABSOLUTE
    ..\\HAL_Driver\\Src\\stm32f1xx_ll_sdmmc.c 0x00000000   Number         0  stm32f1xx_ll_sdmmc.o ABSOLUTE
    ..\\Mpu6050\\kalman.c                    0x00000000   Number         0  kalman.o ABSOLUTE
    ..\\Mpu6050\\myMath.c                    0x00000000   Number         0  mymath.o ABSOLUTE
    ..\\User\\main.c                         0x00000000   Number         0  main.o ABSOLUTE
    D:\software\stm32\Keil\KIEL_OTHER\Keil\ARM_Compiler\1.0.0\Source\retarget_io.c 0x00000000   Number         0  retarget_io.o ABSOLUTE
    cdcmple.s                                0x00000000   Number         0  cdcmple.o ABSOLUTE
    cdrcmple.s                               0x00000000   Number         0  cdrcmple.o ABSOLUTE
    cfcmple.s                                0x00000000   Number         0  cfcmple.o ABSOLUTE
    cfrcmple.s                               0x00000000   Number         0  cfrcmple.o ABSOLUTE
    dc.s                                     0x00000000   Number         0  dc.o ABSOLUTE
    handlers.s                               0x00000000   Number         0  handlers.o ABSOLUTE
    init.s                                   0x00000000   Number         0  init.o ABSOLUTE
    RESET                                    0x08000000   Section      304  startup_stm32f103xe.o(RESET)
    .ARM.Collect$$$$00000000                 0x08000130   Section        0  entry.o(.ARM.Collect$$$$00000000)
    .ARM.Collect$$$$00000001                 0x08000130   Section        4  entry2.o(.ARM.Collect$$$$00000001)
    .ARM.Collect$$$$00000004                 0x08000134   Section        4  entry5.o(.ARM.Collect$$$$00000004)
    .ARM.Collect$$$$00000008                 0x08000138   Section        0  entry7b.o(.ARM.Collect$$$$00000008)
    .ARM.Collect$$$$0000000A                 0x08000138   Section        0  entry8b.o(.ARM.Collect$$$$0000000A)
    .ARM.Collect$$$$0000000B                 0x08000138   Section        8  entry9a.o(.ARM.Collect$$$$0000000B)
    .ARM.Collect$$$$0000000D                 0x08000140   Section        0  entry10a.o(.ARM.Collect$$$$0000000D)
    .ARM.Collect$$$$0000000F                 0x08000140   Section        0  entry11a.o(.ARM.Collect$$$$0000000F)
    .ARM.Collect$$$$00002712                 0x08000140   Section        4  entry2.o(.ARM.Collect$$$$00002712)
    __lit__00000000                          0x08000140   Data           4  entry2.o(.ARM.Collect$$$$00002712)
    .text                                    0x08000144   Section       36  startup_stm32f103xe.o(.text)
    .text                                    0x08000168   Section        0  memseta.o(.text)
    .text                                    0x0800018c   Section        0  fadd.o(.text)
    .text                                    0x0800023c   Section        0  fmul.o(.text)
    .text                                    0x080002a0   Section        0  fdiv.o(.text)
    .text                                    0x0800031c   Section        0  fscalb.o(.text)
    .text                                    0x08000334   Section        0  dadd.o(.text)
    .text                                    0x08000482   Section        0  dmul.o(.text)
    .text                                    0x08000566   Section        0  fflti.o(.text)
    .text                                    0x08000578   Section        0  ffixi.o(.text)
    .text                                    0x080005aa   Section        0  f2d.o(.text)
    .text                                    0x080005d0   Section        0  d2f.o(.text)
    .text                                    0x08000608   Section        0  uidiv.o(.text)
    .text                                    0x08000634   Section        0  uldiv.o(.text)
    .text                                    0x08000696   Section        0  llshl.o(.text)
    .text                                    0x080006b4   Section        0  llsshr.o(.text)
    .text                                    0x080006d8   Section        0  iusefp.o(.text)
    .text                                    0x080006d8   Section        0  fepilogue.o(.text)
    .text                                    0x08000746   Section        0  depilogue.o(.text)
    .text                                    0x08000800   Section        0  ddiv.o(.text)
    .text                                    0x080008de   Section        0  dscalb.o(.text)
    .text                                    0x0800090c   Section        0  dfixul.o(.text)
    .text                                    0x0800093c   Section       48  cdrcmple.o(.text)
    .text                                    0x0800096c   Section       36  init.o(.text)
    .text                                    0x08000990   Section        0  llushr.o(.text)
    .text                                    0x080009b0   Section        0  dsqrt.o(.text)
    i.BusFault_Handler                       0x08000a52   Section        0  stm32f1xx_it.o(i.BusFault_Handler)
    i.Check                                  0x08000a54   Section        0  main.o(i.Check)
    i.DMA_SetConfig                          0x08000a6c   Section        0  stm32f1xx_hal_dma.o(i.DMA_SetConfig)
    DMA_SetConfig                            0x08000a6d   Thumb Code    42  stm32f1xx_hal_dma.o(i.DMA_SetConfig)
    i.DebugMon_Handler                       0x08000a96   Section        0  stm32f1xx_it.o(i.DebugMon_Handler)
    i.DelayNums                              0x08000a98   Section        0  delay.o(i.DelayNums)
    i.DelayNus                               0x08000ab4   Section        0  delay.o(i.DelayNus)
    i.Delay_Init                             0x08000acc   Section        0  delay.o(i.Delay_Init)
    i.GPIO_CLK_ENABLE                        0x08000b00   Section        0  led_driver.o(i.GPIO_CLK_ENABLE)
    i.GetAngle                               0x08000bc0   Section        0  imu.o(i.GetAngle)
    i.GetMpu                                 0x08001050   Section        0  main.o(i.GetMpu)
    i.HAL_DMA_Abort                          0x08001054   Section        0  stm32f1xx_hal_dma.o(i.HAL_DMA_Abort)
    i.HAL_DMA_Init                           0x0800109c   Section        0  stm32f1xx_hal_dma.o(i.HAL_DMA_Init)
    i.HAL_DMA_Start_IT                       0x08001118   Section        0  stm32f1xx_hal_dma.o(i.HAL_DMA_Start_IT)
    i.HAL_GPIO_Init                          0x08001188   Section        0  stm32f1xx_hal_gpio.o(i.HAL_GPIO_Init)
    i.HAL_GPIO_ReadPin                       0x08001380   Section        0  stm32f1xx_hal_gpio.o(i.HAL_GPIO_ReadPin)
    i.HAL_GPIO_WritePin                      0x0800138a   Section        0  stm32f1xx_hal_gpio.o(i.HAL_GPIO_WritePin)
    i.HAL_GetTick                            0x08001394   Section        0  stm32f1xx_hal.o(i.HAL_GetTick)
    i.HAL_Init                               0x080013a0   Section        0  stm32f1xx_hal.o(i.HAL_Init)
    i.HAL_InitTick                           0x080013c4   Section        0  stm32f1xx_hal.o(i.HAL_InitTick)
    i.HAL_MspInit                            0x08001404   Section        0  stm32f1xx_hal.o(i.HAL_MspInit)
    i.HAL_NVIC_EnableIRQ                     0x08001406   Section        0  stm32f1xx_hal_cortex.o(i.HAL_NVIC_EnableIRQ)
    i.HAL_NVIC_SetPriority                   0x08001420   Section        0  stm32f1xx_hal_cortex.o(i.HAL_NVIC_SetPriority)
    i.HAL_NVIC_SetPriorityGrouping           0x08001460   Section        0  stm32f1xx_hal_cortex.o(i.HAL_NVIC_SetPriorityGrouping)
    i.HAL_RCC_ClockConfig                    0x08001484   Section        0  stm32f1xx_hal_rcc.o(i.HAL_RCC_ClockConfig)
    i.HAL_RCC_GetPCLK1Freq                   0x080015b0   Section        0  stm32f1xx_hal_rcc.o(i.HAL_RCC_GetPCLK1Freq)
    i.HAL_RCC_GetPCLK2Freq                   0x080015d0   Section        0  stm32f1xx_hal_rcc.o(i.HAL_RCC_GetPCLK2Freq)
    i.HAL_RCC_GetSysClockFreq                0x080015f0   Section        0  stm32f1xx_hal_rcc.o(i.HAL_RCC_GetSysClockFreq)
    i.HAL_RCC_OscConfig                      0x0800165c   Section        0  stm32f1xx_hal_rcc.o(i.HAL_RCC_OscConfig)
    i.HAL_SYSTICK_Config                     0x0800197c   Section        0  stm32f1xx_hal_cortex.o(i.HAL_SYSTICK_Config)
    i.HAL_UART_DMAStop                       0x080019a4   Section        0  stm32f1xx_hal_uart.o(i.HAL_UART_DMAStop)
    i.HAL_UART_ErrorCallback                 0x080019fc   Section        0  stm32f1xx_hal_uart.o(i.HAL_UART_ErrorCallback)
    i.HAL_UART_Init                          0x080019fe   Section        0  stm32f1xx_hal_uart.o(i.HAL_UART_Init)
    i.HAL_UART_MspInit                       0x08001a60   Section        0  stm32f1xx_hal_uart.o(i.HAL_UART_MspInit)
    i.HAL_UART_Receive_DMA                   0x08001a64   Section        0  stm32f1xx_hal_uart.o(i.HAL_UART_Receive_DMA)
    i.HAL_UART_RxCpltCallback                0x08001afc   Section        0  stm32f1xx_hal_uart.o(i.HAL_UART_RxCpltCallback)
    i.HAL_UART_RxHalfCpltCallback            0x08001afe   Section        0  stm32f1xx_hal_uart.o(i.HAL_UART_RxHalfCpltCallback)
    i.HAL_UART_Transmit                      0x08001b00   Section        0  stm32f1xx_hal_uart.o(i.HAL_UART_Transmit)
    i.HardFault_Handler                      0x08001bba   Section        0  stm32f1xx_it.o(i.HardFault_Handler)
    i.IIC_Get_ACK                            0x08001bbc   Section        0  iic.o(i.IIC_Get_ACK)
    i.IIC_Init                               0x08001c18   Section        0  iic.o(i.IIC_Init)
    i.IIC_RECIVE_Byte                        0x08001c60   Section        0  iic.o(i.IIC_RECIVE_Byte)
    i.IIC_Read_One_Byte                      0x08001cb4   Section        0  iic.o(i.IIC_Read_One_Byte)
    i.IIC_SEND_Byte                          0x08001d1c   Section        0  iic.o(i.IIC_SEND_Byte)
    i.IIC_STOP                               0x08001d68   Section        0  iic.o(i.IIC_STOP)
    i.IIC_Send_ACK                           0x08001da4   Section        0  iic.o(i.IIC_Send_ACK)
    i.IIC_Send_NACK                          0x08001df0   Section        0  iic.o(i.IIC_Send_NACK)
    i.IIC_Start                              0x08001e2c   Section        0  iic.o(i.IIC_Start)
    i.IIC_Write_One_Byte                     0x08001e74   Section        0  iic.o(i.IIC_Write_One_Byte)
    i.IIC_read_Bytes                         0x08001ea8   Section        0  iic.o(i.IIC_read_Bytes)
    i.MemManage_Handler                      0x08001f30   Section        0  stm32f1xx_it.o(i.MemManage_Handler)
    i.MpuGetData                             0x08001f34   Section        0  mpu6050.o(i.MpuGetData)
    i.MpuGetOffset                           0x08001ff4   Section        0  mpu6050.o(i.MpuGetOffset)
    i.MpuInit                                0x080020e4   Section        0  mpu6050.o(i.MpuInit)
    i.NMI_Handler                            0x0800216c   Section        0  stm32f1xx_it.o(i.NMI_Handler)
    i.PendSV_Handler                         0x0800216e   Section        0  stm32f1xx_it.o(i.PendSV_Handler)
    i.Print                                  0x08002170   Section        0  main.o(i.Print)
    i.Q_rsqrt                                0x080021dc   Section        0  mymath.o(i.Q_rsqrt)
    i.QueuePush                              0x08002214   Section        0  queue.o(i.QueuePush)
    i.QueuePushArry                          0x08002238   Section        0  queue.o(i.QueuePushArry)
    i.SVC_Handler                            0x0800225a   Section        0  stm32f1xx_it.o(i.SVC_Handler)
    i.SysTick_Handler                        0x0800225c   Section        0  systick.o(i.SysTick_Handler)
    i.SystemClock_Config                     0x0800227c   Section        0  stm32f1xx_clk.o(i.SystemClock_Config)
    i.SystemInit                             0x080022d8   Section        0  system_stm32f1xx.o(i.SystemInit)
    i.UART_DMAError                          0x08002320   Section        0  stm32f1xx_hal_uart.o(i.UART_DMAError)
    UART_DMAError                            0x08002321   Thumb Code    74  stm32f1xx_hal_uart.o(i.UART_DMAError)
    i.UART_DMAReceiveCplt                    0x0800236a   Section        0  stm32f1xx_hal_uart.o(i.UART_DMAReceiveCplt)
    UART_DMAReceiveCplt                      0x0800236b   Thumb Code    60  stm32f1xx_hal_uart.o(i.UART_DMAReceiveCplt)
    i.UART_DMARxHalfCplt                     0x080023a6   Section        0  stm32f1xx_hal_uart.o(i.UART_DMARxHalfCplt)
    UART_DMARxHalfCplt                       0x080023a7   Thumb Code    10  stm32f1xx_hal_uart.o(i.UART_DMARxHalfCplt)
    i.UART_EndRxTransfer                     0x080023b0   Section        0  stm32f1xx_hal_uart.o(i.UART_EndRxTransfer)
    UART_EndRxTransfer                       0x080023b1   Thumb Code    28  stm32f1xx_hal_uart.o(i.UART_EndRxTransfer)
    i.UART_EndTxTransfer                     0x080023cc   Section        0  stm32f1xx_hal_uart.o(i.UART_EndTxTransfer)
    UART_EndTxTransfer                       0x080023cd   Thumb Code    18  stm32f1xx_hal_uart.o(i.UART_EndTxTransfer)
    i.UART_SetConfig                         0x080023e0   Section        0  stm32f1xx_hal_uart.o(i.UART_SetConfig)
    UART_SetConfig                           0x080023e1   Thumb Code   178  stm32f1xx_hal_uart.o(i.UART_SetConfig)
    i.UART_WaitOnFlagUntilTimeout            0x08002498   Section        0  stm32f1xx_hal_uart.o(i.UART_WaitOnFlagUntilTimeout)
    UART_WaitOnFlagUntilTimeout              0x08002499   Thumb Code   100  stm32f1xx_hal_uart.o(i.UART_WaitOnFlagUntilTimeout)
    i.USART1_IRQHandler                      0x080024fc   Section        0  usbtocom.o(i.USART1_IRQHandler)
    i.USBtoComApp                            0x08002540   Section        0  usbtocomapp.o(i.USBtoComApp)
    i.USBtoComUsart_Init                     0x08002550   Section        0  usbtocom.o(i.USBtoComUsart_Init)
    i.USBtoComUsart_UsartInit                0x08002568   Section        0  usbtocom.o(i.USBtoComUsart_UsartInit)
    i.USBtoCom_DMA                           0x080025e0   Section        0  usbtocom.o(i.USBtoCom_DMA)
    i.USBtoCom_GPIOInit                      0x08002624   Section        0  usbtocom.o(i.USBtoCom_GPIOInit)
    i.UsageFault_Handler                     0x0800267c   Section        0  stm32f1xx_it.o(i.UsageFault_Handler)
    i.Work_Time_Init                         0x08002680   Section        0  systick.o(i.Work_Time_Init)
    i.__0printf                              0x080026a4   Section        0  printfa.o(i.__0printf)
    i.__ARM_fpclassify                       0x080026c4   Section        0  fpclassify.o(i.__ARM_fpclassify)
    i.__ARM_fpclassifyf                      0x080026ec   Section        0  fpclassifyf.o(i.__ARM_fpclassifyf)
    i.__NVIC_SetPriority                     0x08002712   Section        0  stm32f1xx_hal_cortex.o(i.__NVIC_SetPriority)
    __NVIC_SetPriority                       0x08002713   Thumb Code    32  stm32f1xx_hal_cortex.o(i.__NVIC_SetPriority)
    i.__kernel_poly                          0x08002732   Section        0  poly.o(i.__kernel_poly)
    i.__mathlib_dbl_infnan                   0x080027dc   Section        0  dunder.o(i.__mathlib_dbl_infnan)
    i.__mathlib_dbl_invalid                  0x080027e2   Section        0  dunder.o(i.__mathlib_dbl_invalid)
    i.__mathlib_dbl_underflow                0x080027f0   Section        0  dunder.o(i.__mathlib_dbl_underflow)
    i.__mathlib_flt_infnan2                  0x08002800   Section        0  funder.o(i.__mathlib_flt_infnan2)
    i.__mathlib_flt_underflow                0x08002804   Section        0  funder.o(i.__mathlib_flt_underflow)
    i.__scatterload_copy                     0x0800280e   Section       14  handlers.o(i.__scatterload_copy)
    i.__scatterload_null                     0x0800281c   Section        2  handlers.o(i.__scatterload_null)
    i.__scatterload_zeroinit                 0x0800281e   Section       14  handlers.o(i.__scatterload_zeroinit)
    i.__set_errno                            0x0800282c   Section        0  errno.o(i.__set_errno)
    i._fp_digits                             0x08002838   Section        0  printfa.o(i._fp_digits)
    _fp_digits                               0x08002839   Thumb Code   334  printfa.o(i._fp_digits)
    i._printf_core                           0x0800299c   Section        0  printfa.o(i._printf_core)
    _printf_core                             0x0800299d   Thumb Code  1744  printfa.o(i._printf_core)
    i._printf_post_padding                   0x08003078   Section        0  printfa.o(i._printf_post_padding)
    _printf_post_padding                     0x08003079   Thumb Code    36  printfa.o(i._printf_post_padding)
    i._printf_pre_padding                    0x0800309c   Section        0  printfa.o(i._printf_pre_padding)
    _printf_pre_padding                      0x0800309d   Thumb Code    46  printfa.o(i._printf_pre_padding)
    i.asin                                   0x080030cc   Section        0  asin.o(i.asin)
    i.atan2f                                 0x0800333c   Section        0  atan2f.o(i.atan2f)
    i.fputc                                  0x08003598   Section        0  usbtocom.o(i.fputc)
    i.kalman_1                               0x080035b4   Section        0  kalman.o(i.kalman_1)
    i.main                                   0x08003608   Section        0  main.o(i.main)
    i.sheck_Init                             0x08003670   Section        0  systick.o(i.sheck_Init)
    i.sheck_task                             0x0800367c   Section        0  main.o(i.sheck_task)
    i.sqrt                                   0x080036a4   Section        0  sqrt.o(i.sqrt)
    .constdata                               0x080036f0   Section       16  system_stm32f1xx.o(.constdata)
    .constdata                               0x08003700   Section        8  system_stm32f1xx.o(.constdata)
    .constdata                               0x08003708   Section        4  mymath.o(.constdata)
    .constdata                               0x0800370c   Section        4  mymath.o(.constdata)
    .constdata                               0x08003710   Section        4  mymath.o(.constdata)
    .constdata                               0x08003718   Section       80  asin.o(.constdata)
    pS                                       0x08003718   Data          48  asin.o(.constdata)
    qS                                       0x08003748   Data          32  asin.o(.constdata)
    .data                                    0x20000000   Section        4  system_stm32f1xx.o(.data)
    .data                                    0x20000008   Section       16  systick.o(.data)
    tiem_sheck                               0x20000008   Data           4  systick.o(.data)
    .data                                    0x20000018   Section       12  stm32f1xx_hal.o(.data)
    .data                                    0x20000024   Section       48  main.o(.data)
    Task_table                               0x20000024   Data          48  main.o(.data)
    .data                                    0x20000054   Section       76  mpu6050.o(.data)
    pMpu                                     0x20000054   Data           4  mpu6050.o(.data)
    ekf                                      0x20000058   Data          72  mpu6050.o(.data)
    .data                                    0x200000a0   Section       28  imu.o(.data)
    KpDef                                    0x200000a0   Data           4  imu.o(.data)
    KiDef                                    0x200000a4   Data           4  imu.o(.data)
    NormAccz                                 0x200000a8   Data           4  imu.o(.data)
    NumQ                                     0x200000ac   Data          16  imu.o(.data)
    .data                                    0x200000bc   Section        4  stdout.o(.data)
    .data                                    0x200000c0   Section        4  errno.o(.data)
    _errno                                   0x200000c0   Data           4  errno.o(.data)
    .bss                                     0x200000c4   Section     1176  usbtocom.o(.bss)
    USBcom                                   0x200000c4   Data        1176  usbtocom.o(.bss)
    .bss                                     0x2000055c   Section       93  usbtocomapp.o(.bss)
    .bss                                     0x200005bc   Section       24  mpu6050.o(.bss)
    tBuff                                    0x200005c8   Data          12  mpu6050.o(.bss)
    .bss                                     0x200005d4   Section       12  init.o(.bss)
    .bss                                     0x200005e0   Section       12  init.o(.bss)
    .bss                                     0x200005ec   Section       12  imu.o(.bss)
    GyroIntegError                           0x200005ec   Data          12  imu.o(.bss)
    STACK                                    0x200005f8   Section     4096  startup_stm32f103xe.o(STACK)

    Global Symbols

    Symbol Name                              Value     Ov Type        Size  Object(Section)

    BuildAttributes$$THM_ISAv4$P$D$K$B$S$PE$A:L22UL41UL21$X:L11$S22US41US21$IEEE1$IW$USESV6$~STKCKD$USESV7$~SHL$OTIME$ROPI$IEEEX$EBA8$MICROLIB$REQ8$PRES8$EABIv2 0x00000000   Number         0  anon$$obj.o ABSOLUTE
    __ARM_use_no_argv                        0x00000000   Number         0  main.o ABSOLUTE
    _printf_a                                0x00000000   Number         0  stubs.o ABSOLUTE
    _printf_c                                0x00000000   Number         0  stubs.o ABSOLUTE
    _printf_charcount                        0x00000000   Number         0  stubs.o ABSOLUTE
    _printf_d                                0x00000000   Number         0  stubs.o ABSOLUTE
    _printf_e                                0x00000000   Number         0  stubs.o ABSOLUTE
    _printf_f                                0x00000000   Number         0  stubs.o ABSOLUTE
    _printf_flags                            0x00000000   Number         0  stubs.o ABSOLUTE
    _printf_fp_dec                           0x00000000   Number         0  stubs.o ABSOLUTE
    _printf_fp_hex                           0x00000000   Number         0  stubs.o ABSOLUTE
    _printf_g                                0x00000000   Number         0  stubs.o ABSOLUTE
    _printf_i                                0x00000000   Number         0  stubs.o ABSOLUTE
    _printf_int_dec                          0x00000000   Number         0  stubs.o ABSOLUTE
    _printf_l                                0x00000000   Number         0  stubs.o ABSOLUTE
    _printf_lc                               0x00000000   Number         0  stubs.o ABSOLUTE
    _printf_ll                               0x00000000   Number         0  stubs.o ABSOLUTE
    _printf_lld                              0x00000000   Number         0  stubs.o ABSOLUTE
    _printf_lli                              0x00000000   Number         0  stubs.o ABSOLUTE
    _printf_llo                              0x00000000   Number         0  stubs.o ABSOLUTE
    _printf_llu                              0x00000000   Number         0  stubs.o ABSOLUTE
    _printf_llx                              0x00000000   Number         0  stubs.o ABSOLUTE
    _printf_longlong_dec                     0x00000000   Number         0  stubs.o ABSOLUTE
    _printf_longlong_hex                     0x00000000   Number         0  stubs.o ABSOLUTE
    _printf_longlong_oct                     0x00000000   Number         0  stubs.o ABSOLUTE
    _printf_ls                               0x00000000   Number         0  stubs.o ABSOLUTE
    _printf_mbtowc                           0x00000000   Number         0  stubs.o ABSOLUTE
    _printf_n                                0x00000000   Number         0  stubs.o ABSOLUTE
    _printf_o                                0x00000000   Number         0  stubs.o ABSOLUTE
    _printf_p                                0x00000000   Number         0  stubs.o ABSOLUTE
    _printf_percent                          0x00000000   Number         0  stubs.o ABSOLUTE
    _printf_pre_padding                      0x00000000   Number         0  stubs.o ABSOLUTE
    _printf_return_value                     0x00000000   Number         0  stubs.o ABSOLUTE
    _printf_s                                0x00000000   Number         0  stubs.o ABSOLUTE
    _printf_sizespec                         0x00000000   Number         0  stubs.o ABSOLUTE
    _printf_str                              0x00000000   Number         0  stubs.o ABSOLUTE
    _printf_truncate_signed                  0x00000000   Number         0  stubs.o ABSOLUTE
    _printf_truncate_unsigned                0x00000000   Number         0  stubs.o ABSOLUTE
    _printf_u                                0x00000000   Number         0  stubs.o ABSOLUTE
    _printf_wc                               0x00000000   Number         0  stubs.o ABSOLUTE
    _printf_wctomb                           0x00000000   Number         0  stubs.o ABSOLUTE
    _printf_widthprec                        0x00000000   Number         0  stubs.o ABSOLUTE
    _printf_x                                0x00000000   Number         0  stubs.o ABSOLUTE
    __cpp_initialize__aeabi_                  - Undefined Weak Reference
    __cxa_finalize                            - Undefined Weak Reference
    __decompress                              - Undefined Weak Reference
    _clock_init                               - Undefined Weak Reference
    _microlib_exit                            - Undefined Weak Reference
    __Vectors_Size                           0x00000130   Number         0  startup_stm32f103xe.o ABSOLUTE
    __Vectors                                0x08000000   Data           4  startup_stm32f103xe.o(RESET)
    __Vectors_End                            0x08000130   Data           0  startup_stm32f103xe.o(RESET)
    __main                                   0x08000131   Thumb Code     0  entry.o(.ARM.Collect$$$$00000000)
    _main_stk                                0x08000131   Thumb Code     0  entry2.o(.ARM.Collect$$$$00000001)
    _main_scatterload                        0x08000135   Thumb Code     0  entry5.o(.ARM.Collect$$$$00000004)
    __main_after_scatterload                 0x08000139   Thumb Code     0  entry5.o(.ARM.Collect$$$$00000004)
    _main_clock                              0x08000139   Thumb Code     0  entry7b.o(.ARM.Collect$$$$00000008)
    _main_cpp_init                           0x08000139   Thumb Code     0  entry8b.o(.ARM.Collect$$$$0000000A)
    _main_init                               0x08000139   Thumb Code     0  entry9a.o(.ARM.Collect$$$$0000000B)
    __rt_final_cpp                           0x08000141   Thumb Code     0  entry10a.o(.ARM.Collect$$$$0000000D)
    __rt_final_exit                          0x08000141   Thumb Code     0  entry11a.o(.ARM.Collect$$$$0000000F)
    Reset_Handler                            0x08000145   Thumb Code     8  startup_stm32f103xe.o(.text)
    ADC1_2_IRQHandler                        0x0800015f   Thumb Code     0  startup_stm32f103xe.o(.text)
    ADC3_IRQHandler                          0x0800015f   Thumb Code     0  startup_stm32f103xe.o(.text)
    CAN1_RX1_IRQHandler                      0x0800015f   Thumb Code     0  startup_stm32f103xe.o(.text)
    CAN1_SCE_IRQHandler                      0x0800015f   Thumb Code     0  startup_stm32f103xe.o(.text)
    DMA1_Channel1_IRQHandler                 0x0800015f   Thumb Code     0  startup_stm32f103xe.o(.text)
    DMA1_Channel2_IRQHandler                 0x0800015f   Thumb Code     0  startup_stm32f103xe.o(.text)
    DMA1_Channel3_IRQHandler                 0x0800015f   Thumb Code     0  startup_stm32f103xe.o(.text)
    DMA1_Channel4_IRQHandler                 0x0800015f   Thumb Code     0  startup_stm32f103xe.o(.text)
    DMA1_Channel5_IRQHandler                 0x0800015f   Thumb Code     0  startup_stm32f103xe.o(.text)
    DMA1_Channel6_IRQHandler                 0x0800015f   Thumb Code     0  startup_stm32f103xe.o(.text)
    DMA1_Channel7_IRQHandler                 0x0800015f   Thumb Code     0  startup_stm32f103xe.o(.text)
    DMA2_Channel1_IRQHandler                 0x0800015f   Thumb Code     0  startup_stm32f103xe.o(.text)
    DMA2_Channel2_IRQHandler                 0x0800015f   Thumb Code     0  startup_stm32f103xe.o(.text)
    DMA2_Channel3_IRQHandler                 0x0800015f   Thumb Code     0  startup_stm32f103xe.o(.text)
    DMA2_Channel4_5_IRQHandler               0x0800015f   Thumb Code     0  startup_stm32f103xe.o(.text)
    EXTI0_IRQHandler                         0x0800015f   Thumb Code     0  startup_stm32f103xe.o(.text)
    EXTI15_10_IRQHandler                     0x0800015f   Thumb Code     0  startup_stm32f103xe.o(.text)
    EXTI1_IRQHandler                         0x0800015f   Thumb Code     0  startup_stm32f103xe.o(.text)
    EXTI2_IRQHandler                         0x0800015f   Thumb Code     0  startup_stm32f103xe.o(.text)
    EXTI3_IRQHandler                         0x0800015f   Thumb Code     0  startup_stm32f103xe.o(.text)
    EXTI4_IRQHandler                         0x0800015f   Thumb Code     0  startup_stm32f103xe.o(.text)
    EXTI9_5_IRQHandler                       0x0800015f   Thumb Code     0  startup_stm32f103xe.o(.text)
    FLASH_IRQHandler                         0x0800015f   Thumb Code     0  startup_stm32f103xe.o(.text)
    FSMC_IRQHandler                          0x0800015f   Thumb Code     0  startup_stm32f103xe.o(.text)
    I2C1_ER_IRQHandler                       0x0800015f   Thumb Code     0  startup_stm32f103xe.o(.text)
    I2C1_EV_IRQHandler                       0x0800015f   Thumb Code     0  startup_stm32f103xe.o(.text)
    I2C2_ER_IRQHandler                       0x0800015f   Thumb Code     0  startup_stm32f103xe.o(.text)
    I2C2_EV_IRQHandler                       0x0800015f   Thumb Code     0  startup_stm32f103xe.o(.text)
    PVD_IRQHandler                           0x0800015f   Thumb Code     0  startup_stm32f103xe.o(.text)
    RCC_IRQHandler                           0x0800015f   Thumb Code     0  startup_stm32f103xe.o(.text)
    RTC_Alarm_IRQHandler                     0x0800015f   Thumb Code     0  startup_stm32f103xe.o(.text)
    RTC_IRQHandler                           0x0800015f   Thumb Code     0  startup_stm32f103xe.o(.text)
    SDIO_IRQHandler                          0x0800015f   Thumb Code     0  startup_stm32f103xe.o(.text)
    SPI1_IRQHandler                          0x0800015f   Thumb Code     0  startup_stm32f103xe.o(.text)
    SPI2_IRQHandler                          0x0800015f   Thumb Code     0  startup_stm32f103xe.o(.text)
    SPI3_IRQHandler                          0x0800015f   Thumb Code     0  startup_stm32f103xe.o(.text)
    TAMPER_IRQHandler                        0x0800015f   Thumb Code     0  startup_stm32f103xe.o(.text)
    TIM1_BRK_IRQHandler                      0x0800015f   Thumb Code     0  startup_stm32f103xe.o(.text)
    TIM1_CC_IRQHandler                       0x0800015f   Thumb Code     0  startup_stm32f103xe.o(.text)
    TIM1_TRG_COM_IRQHandler                  0x0800015f   Thumb Code     0  startup_stm32f103xe.o(.text)
    TIM1_UP_IRQHandler                       0x0800015f   Thumb Code     0  startup_stm32f103xe.o(.text)
    TIM2_IRQHandler                          0x0800015f   Thumb Code     0  startup_stm32f103xe.o(.text)
    TIM3_IRQHandler                          0x0800015f   Thumb Code     0  startup_stm32f103xe.o(.text)
    TIM4_IRQHandler                          0x0800015f   Thumb Code     0  startup_stm32f103xe.o(.text)
    TIM5_IRQHandler                          0x0800015f   Thumb Code     0  startup_stm32f103xe.o(.text)
    TIM6_IRQHandler                          0x0800015f   Thumb Code     0  startup_stm32f103xe.o(.text)
    TIM7_IRQHandler                          0x0800015f   Thumb Code     0  startup_stm32f103xe.o(.text)
    TIM8_BRK_IRQHandler                      0x0800015f   Thumb Code     0  startup_stm32f103xe.o(.text)
    TIM8_CC_IRQHandler                       0x0800015f   Thumb Code     0  startup_stm32f103xe.o(.text)
    TIM8_TRG_COM_IRQHandler                  0x0800015f   Thumb Code     0  startup_stm32f103xe.o(.text)
    TIM8_UP_IRQHandler                       0x0800015f   Thumb Code     0  startup_stm32f103xe.o(.text)
    UART4_IRQHandler                         0x0800015f   Thumb Code     0  startup_stm32f103xe.o(.text)
    UART5_IRQHandler                         0x0800015f   Thumb Code     0  startup_stm32f103xe.o(.text)
    USART2_IRQHandler                        0x0800015f   Thumb Code     0  startup_stm32f103xe.o(.text)
    USART3_IRQHandler                        0x0800015f   Thumb Code     0  startup_stm32f103xe.o(.text)
    USBWakeUp_IRQHandler                     0x0800015f   Thumb Code     0  startup_stm32f103xe.o(.text)
    USB_HP_CAN1_TX_IRQHandler                0x0800015f   Thumb Code     0  startup_stm32f103xe.o(.text)
    USB_LP_CAN1_RX0_IRQHandler               0x0800015f   Thumb Code     0  startup_stm32f103xe.o(.text)
    WWDG_IRQHandler                          0x0800015f   Thumb Code     0  startup_stm32f103xe.o(.text)
    __aeabi_memset                           0x08000169   Thumb Code    14  memseta.o(.text)
    __aeabi_memset4                          0x08000169   Thumb Code     0  memseta.o(.text)
    __aeabi_memset8                          0x08000169   Thumb Code     0  memseta.o(.text)
    __aeabi_memclr                           0x08000177   Thumb Code     4  memseta.o(.text)
    __aeabi_memclr4                          0x08000177   Thumb Code     0  memseta.o(.text)
    __aeabi_memclr8                          0x08000177   Thumb Code     0  memseta.o(.text)
    _memset$wrapper                          0x0800017b   Thumb Code    18  memseta.o(.text)
    __aeabi_fadd                             0x0800018d   Thumb Code   164  fadd.o(.text)
    __aeabi_fsub                             0x08000231   Thumb Code     6  fadd.o(.text)
    __aeabi_frsub                            0x08000237   Thumb Code     6  fadd.o(.text)
    __aeabi_fmul                             0x0800023d   Thumb Code   100  fmul.o(.text)
    __aeabi_fdiv                             0x080002a1   Thumb Code   124  fdiv.o(.text)
    __ARM_scalbnf                            0x0800031d   Thumb Code    24  fscalb.o(.text)
    scalbnf                                  0x0800031d   Thumb Code     0  fscalb.o(.text)
    __aeabi_dadd                             0x08000335   Thumb Code   322  dadd.o(.text)
    __aeabi_dsub                             0x08000477   Thumb Code     6  dadd.o(.text)
    __aeabi_drsub                            0x0800047d   Thumb Code     6  dadd.o(.text)
    __aeabi_dmul                             0x08000483   Thumb Code   228  dmul.o(.text)
    __aeabi_i2f                              0x08000567   Thumb Code    18  fflti.o(.text)
    __aeabi_f2iz                             0x08000579   Thumb Code    50  ffixi.o(.text)
    __aeabi_f2d                              0x080005ab   Thumb Code    38  f2d.o(.text)
    __aeabi_d2f                              0x080005d1   Thumb Code    56  d2f.o(.text)
    __aeabi_uidiv                            0x08000609   Thumb Code     0  uidiv.o(.text)
    __aeabi_uidivmod                         0x08000609   Thumb Code    44  uidiv.o(.text)
    __aeabi_uldivmod                         0x08000635   Thumb Code    98  uldiv.o(.text)
    __aeabi_llsl                             0x08000697   Thumb Code    30  llshl.o(.text)
    _ll_shift_l                              0x08000697   Thumb Code     0  llshl.o(.text)
    __aeabi_lasr                             0x080006b5   Thumb Code    36  llsshr.o(.text)
    _ll_sshift_r                             0x080006b5   Thumb Code     0  llsshr.o(.text)
    __I$use$fp                               0x080006d9   Thumb Code     0  iusefp.o(.text)
    _float_round                             0x080006d9   Thumb Code    18  fepilogue.o(.text)
    _float_epilogue                          0x080006eb   Thumb Code    92  fepilogue.o(.text)
    _double_round                            0x08000747   Thumb Code    30  depilogue.o(.text)
    _double_epilogue                         0x08000765   Thumb Code   156  depilogue.o(.text)
    __aeabi_ddiv                             0x08000801   Thumb Code   222  ddiv.o(.text)
    __ARM_scalbn                             0x080008df   Thumb Code    46  dscalb.o(.text)
    scalbn                                   0x080008df   Thumb Code     0  dscalb.o(.text)
    __aeabi_d2ulz                            0x0800090d   Thumb Code    48  dfixul.o(.text)
    __aeabi_cdrcmple                         0x0800093d   Thumb Code    48  cdrcmple.o(.text)
    __scatterload                            0x0800096d   Thumb Code    28  init.o(.text)
    __scatterload_rt2                        0x0800096d   Thumb Code     0  init.o(.text)
    __aeabi_llsr                             0x08000991   Thumb Code    32  llushr.o(.text)
    _ll_ushift_r                             0x08000991   Thumb Code     0  llushr.o(.text)
    _dsqrt                                   0x080009b1   Thumb Code   162  dsqrt.o(.text)
    BusFault_Handler                         0x08000a53   Thumb Code     2  stm32f1xx_it.o(i.BusFault_Handler)
    Check                                    0x08000a55   Thumb Code    10  main.o(i.Check)
    DebugMon_Handler                         0x08000a97   Thumb Code     2  stm32f1xx_it.o(i.DebugMon_Handler)
    DelayNums                                0x08000a99   Thumb Code    26  delay.o(i.DelayNums)
    DelayNus                                 0x08000ab5   Thumb Code    20  delay.o(i.DelayNus)
    Delay_Init                               0x08000acd   Thumb Code    42  delay.o(i.Delay_Init)
    GPIO_CLK_ENABLE                          0x08000b01   Thumb Code   160  led_driver.o(i.GPIO_CLK_ENABLE)
    GetAngle                                 0x08000bc1   Thumb Code  1168  imu.o(i.GetAngle)
    GetMpu                                   0x08001051   Thumb Code     4  main.o(i.GetMpu)
    HAL_DMA_Abort                            0x08001055   Thumb Code    70  stm32f1xx_hal_dma.o(i.HAL_DMA_Abort)
    HAL_DMA_Init                             0x0800109d   Thumb Code   112  stm32f1xx_hal_dma.o(i.HAL_DMA_Init)
    HAL_DMA_Start_IT                         0x08001119   Thumb Code   112  stm32f1xx_hal_dma.o(i.HAL_DMA_Start_IT)
    HAL_GPIO_Init                            0x08001189   Thumb Code   462  stm32f1xx_hal_gpio.o(i.HAL_GPIO_Init)
    HAL_GPIO_ReadPin                         0x08001381   Thumb Code    10  stm32f1xx_hal_gpio.o(i.HAL_GPIO_ReadPin)
    HAL_GPIO_WritePin                        0x0800138b   Thumb Code    10  stm32f1xx_hal_gpio.o(i.HAL_GPIO_WritePin)
    HAL_GetTick                              0x08001395   Thumb Code     6  stm32f1xx_hal.o(i.HAL_GetTick)
    HAL_Init                                 0x080013a1   Thumb Code    32  stm32f1xx_hal.o(i.HAL_Init)
    HAL_InitTick                             0x080013c5   Thumb Code    54  stm32f1xx_hal.o(i.HAL_InitTick)
    HAL_MspInit                              0x08001405   Thumb Code     2  stm32f1xx_hal.o(i.HAL_MspInit)
    HAL_NVIC_EnableIRQ                       0x08001407   Thumb Code    26  stm32f1xx_hal_cortex.o(i.HAL_NVIC_EnableIRQ)
    HAL_NVIC_SetPriority                     0x08001421   Thumb Code    60  stm32f1xx_hal_cortex.o(i.HAL_NVIC_SetPriority)
    HAL_NVIC_SetPriorityGrouping             0x08001461   Thumb Code    26  stm32f1xx_hal_cortex.o(i.HAL_NVIC_SetPriorityGrouping)
    HAL_RCC_ClockConfig                      0x08001485   Thumb Code   280  stm32f1xx_hal_rcc.o(i.HAL_RCC_ClockConfig)
    HAL_RCC_GetPCLK1Freq                     0x080015b1   Thumb Code    20  stm32f1xx_hal_rcc.o(i.HAL_RCC_GetPCLK1Freq)
    HAL_RCC_GetPCLK2Freq                     0x080015d1   Thumb Code    20  stm32f1xx_hal_rcc.o(i.HAL_RCC_GetPCLK2Freq)
    HAL_RCC_GetSysClockFreq                  0x080015f1   Thumb Code    74  stm32f1xx_hal_rcc.o(i.HAL_RCC_GetSysClockFreq)
    HAL_RCC_OscConfig                        0x0800165d   Thumb Code   778  stm32f1xx_hal_rcc.o(i.HAL_RCC_OscConfig)
    HAL_SYSTICK_Config                       0x0800197d   Thumb Code    40  stm32f1xx_hal_cortex.o(i.HAL_SYSTICK_Config)
    HAL_UART_DMAStop                         0x080019a5   Thumb Code    88  stm32f1xx_hal_uart.o(i.HAL_UART_DMAStop)
    HAL_UART_ErrorCallback                   0x080019fd   Thumb Code     2  stm32f1xx_hal_uart.o(i.HAL_UART_ErrorCallback)
    HAL_UART_Init                            0x080019ff   Thumb Code    98  stm32f1xx_hal_uart.o(i.HAL_UART_Init)
    HAL_UART_MspInit                         0x08001a61   Thumb Code     2  stm32f1xx_hal_uart.o(i.HAL_UART_MspInit)
    HAL_UART_Receive_DMA                     0x08001a65   Thumb Code   138  stm32f1xx_hal_uart.o(i.HAL_UART_Receive_DMA)
    HAL_UART_RxCpltCallback                  0x08001afd   Thumb Code     2  stm32f1xx_hal_uart.o(i.HAL_UART_RxCpltCallback)
    HAL_UART_RxHalfCpltCallback              0x08001aff   Thumb Code     2  stm32f1xx_hal_uart.o(i.HAL_UART_RxHalfCpltCallback)
    HAL_UART_Transmit                        0x08001b01   Thumb Code   186  stm32f1xx_hal_uart.o(i.HAL_UART_Transmit)
    HardFault_Handler                        0x08001bbb   Thumb Code     2  stm32f1xx_it.o(i.HardFault_Handler)
    IIC_Get_ACK                              0x08001bbd   Thumb Code    88  iic.o(i.IIC_Get_ACK)
    IIC_Init                                 0x08001c19   Thumb Code    62  iic.o(i.IIC_Init)
    IIC_RECIVE_Byte                          0x08001c61   Thumb Code    80  iic.o(i.IIC_RECIVE_Byte)
    IIC_Read_One_Byte                        0x08001cb5   Thumb Code    92  iic.o(i.IIC_Read_One_Byte)
    IIC_SEND_Byte                            0x08001d1d   Thumb Code    72  iic.o(i.IIC_SEND_Byte)
    IIC_STOP                                 0x08001d69   Thumb Code    56  iic.o(i.IIC_STOP)
    IIC_Send_ACK                             0x08001da5   Thumb Code    72  iic.o(i.IIC_Send_ACK)
    IIC_Send_NACK                            0x08001df1   Thumb Code    56  iic.o(i.IIC_Send_NACK)
    IIC_Start                                0x08001e2d   Thumb Code    66  iic.o(i.IIC_Start)
    IIC_Write_One_Byte                       0x08001e75   Thumb Code    50  iic.o(i.IIC_Write_One_Byte)
    IIC_read_Bytes                           0x08001ea9   Thumb Code   124  iic.o(i.IIC_read_Bytes)
    MemManage_Handler                        0x08001f31   Thumb Code     2  stm32f1xx_it.o(i.MemManage_Handler)
    MpuGetData                               0x08001f35   Thumb Code   174  mpu6050.o(i.MpuGetData)
    MpuGetOffset                             0x08001ff5   Thumb Code   232  mpu6050.o(i.MpuGetOffset)
    MpuInit                                  0x080020e5   Thumb Code   120  mpu6050.o(i.MpuInit)
    NMI_Handler                              0x0800216d   Thumb Code     2  stm32f1xx_it.o(i.NMI_Handler)
    PendSV_Handler                           0x0800216f   Thumb Code     2  stm32f1xx_it.o(i.PendSV_Handler)
    Print                                    0x08002171   Thumb Code    56  main.o(i.Print)
    Q_rsqrt                                  0x080021dd   Thumb Code    50  mymath.o(i.Q_rsqrt)
    QueuePush                                0x08002215   Thumb Code    36  queue.o(i.QueuePush)
    QueuePushArry                            0x08002239   Thumb Code    34  queue.o(i.QueuePushArry)
    SVC_Handler                              0x0800225b   Thumb Code     2  stm32f1xx_it.o(i.SVC_Handler)
    SysTick_Handler                          0x0800225d   Thumb Code    26  systick.o(i.SysTick_Handler)
    SystemClock_Config                       0x0800227d   Thumb Code    90  stm32f1xx_clk.o(i.SystemClock_Config)
    SystemInit                               0x080022d9   Thumb Code    56  system_stm32f1xx.o(i.SystemInit)
    USART1_IRQHandler                        0x080024fd   Thumb Code    64  usbtocom.o(i.USART1_IRQHandler)
    USBtoComApp                              0x08002541   Thumb Code    10  usbtocomapp.o(i.USBtoComApp)
    USBtoComUsart_Init                       0x08002551   Thumb Code    22  usbtocom.o(i.USBtoComUsart_Init)
    USBtoComUsart_UsartInit                  0x08002569   Thumb Code   104  usbtocom.o(i.USBtoComUsart_UsartInit)
    USBtoCom_DMA                             0x080025e1   Thumb Code    56  usbtocom.o(i.USBtoCom_DMA)
    USBtoCom_GPIOInit                        0x08002625   Thumb Code    78  usbtocom.o(i.USBtoCom_GPIOInit)
    UsageFault_Handler                       0x0800267d   Thumb Code     2  stm32f1xx_it.o(i.UsageFault_Handler)
    Work_Time_Init                           0x08002681   Thumb Code    30  systick.o(i.Work_Time_Init)
    __0printf                                0x080026a5   Thumb Code    22  printfa.o(i.__0printf)
    __1printf                                0x080026a5   Thumb Code     0  printfa.o(i.__0printf)
    __2printf                                0x080026a5   Thumb Code     0  printfa.o(i.__0printf)
    __c89printf                              0x080026a5   Thumb Code     0  printfa.o(i.__0printf)
    printf                                   0x080026a5   Thumb Code     0  printfa.o(i.__0printf)
    __ARM_fpclassify                         0x080026c5   Thumb Code    40  fpclassify.o(i.__ARM_fpclassify)
    __ARM_fpclassifyf                        0x080026ed   Thumb Code    38  fpclassifyf.o(i.__ARM_fpclassifyf)
    __kernel_poly                            0x08002733   Thumb Code   170  poly.o(i.__kernel_poly)
    __mathlib_dbl_infnan                     0x080027dd   Thumb Code     6  dunder.o(i.__mathlib_dbl_infnan)
    __mathlib_dbl_invalid                    0x080027e3   Thumb Code    12  dunder.o(i.__mathlib_dbl_invalid)
    __mathlib_dbl_underflow                  0x080027f1   Thumb Code    10  dunder.o(i.__mathlib_dbl_underflow)
    __mathlib_flt_infnan2                    0x08002801   Thumb Code     4  funder.o(i.__mathlib_flt_infnan2)
    __mathlib_flt_underflow                  0x08002805   Thumb Code    10  funder.o(i.__mathlib_flt_underflow)
    __scatterload_copy                       0x0800280f   Thumb Code    14  handlers.o(i.__scatterload_copy)
    __scatterload_null                       0x0800281d   Thumb Code     2  handlers.o(i.__scatterload_null)
    __scatterload_zeroinit                   0x0800281f   Thumb Code    14  handlers.o(i.__scatterload_zeroinit)
    __set_errno                              0x0800282d   Thumb Code     6  errno.o(i.__set_errno)
    asin                                     0x080030cd   Thumb Code   572  asin.o(i.asin)
    atan2f                                   0x0800333d   Thumb Code   528  atan2f.o(i.atan2f)
    fputc                                    0x08003599   Thumb Code    24  usbtocom.o(i.fputc)
    kalman_1                                 0x080035b5   Thumb Code    84  kalman.o(i.kalman_1)
    main                                     0x08003609   Thumb Code    86  main.o(i.main)
    sheck_Init                               0x08003671   Thumb Code     6  systick.o(i.sheck_Init)
    sheck_task                               0x0800367d   Thumb Code    36  main.o(i.sheck_task)
    sqrt                                     0x080036a5   Thumb Code    76  sqrt.o(i.sqrt)
    AHBPrescTable                            0x080036f0   Data          16  system_stm32f1xx.o(.constdata)
    APBPrescTable                            0x08003700   Data           8  system_stm32f1xx.o(.constdata)
    RtA                                      0x08003708   Data           4  mymath.o(.constdata)
    Gyro_G                                   0x0800370c   Data           4  mymath.o(.constdata)
    Gyro_Gr                                  0x08003710   Data           4  mymath.o(.constdata)
    Region$$Table$$Base                      0x08003768   Number         0  anon$$obj.o(Region$$Table)
    Region$$Table$$Limit                     0x08003788   Number         0  anon$$obj.o(Region$$Table)
    SystemCoreClock                          0x20000000   Data           4  system_stm32f1xx.o(.data)
    work_time                                0x20000010   Data           8  systick.o(.data)
    uwTickFreq                               0x20000018   Data           1  stm32f1xx_hal.o(.data)
    uwTickPrio                               0x2000001c   Data           4  stm32f1xx_hal.o(.data)
    uwTick                                   0x20000020   Data           4  stm32f1xx_hal.o(.data)
    __stdout                                 0x200000bc   Data           4  stdout.o(.data)
    queue                                    0x2000055c   Data          16  usbtocomapp.o(.bss)
    Queue_Buf                                0x2000056c   Data          77  usbtocomapp.o(.bss)
    MpuOffset                                0x200005bc   Data          12  mpu6050.o(.bss)
    MPU6050                                  0x200005d4   Data          12  init.o(.bss)
    Angle                                    0x200005e0   Data          12  init.o(.bss)
    __initial_sp                             0x200015f8   Data           0  startup_stm32f103xe.o(STACK)



==============================================================================

Memory Map of the image

  Image Entry point : 0x08000131

  Load Region LR_IROM1 (Base: 0x08000000, Size: 0x0000384c, Max: 0x00080000, ABSOLUTE)

    Execution Region ER_IROM1 (Base: 0x08000000, Size: 0x00003788, Max: 0x00080000, ABSOLUTE)

    Base Addr    Size         Type   Attr      Idx    E Section Name        Object

    0x08000000   0x00000130   Data   RO          236    RESET               startup_stm32f103xe.o
    0x08000130   0x00000000   Code   RO         4268  * .ARM.Collect$$$$00000000  mc_w.l(entry.o)
    0x08000130   0x00000004   Code   RO         4615    .ARM.Collect$$$$00000001  mc_w.l(entry2.o)
    0x08000134   0x00000004   Code   RO         4618    .ARM.Collect$$$$00000004  mc_w.l(entry5.o)
    0x08000138   0x00000000   Code   RO         4620    .ARM.Collect$$$$00000008  mc_w.l(entry7b.o)
    0x08000138   0x00000000   Code   RO         4622    .ARM.Collect$$$$0000000A  mc_w.l(entry8b.o)
    0x08000138   0x00000008   Code   RO         4623    .ARM.Collect$$$$0000000B  mc_w.l(entry9a.o)
    0x08000140   0x00000000   Code   RO         4625    .ARM.Collect$$$$0000000D  mc_w.l(entry10a.o)
    0x08000140   0x00000000   Code   RO         4627    .ARM.Collect$$$$0000000F  mc_w.l(entry11a.o)
    0x08000140   0x00000004   Code   RO         4616    .ARM.Collect$$$$00002712  mc_w.l(entry2.o)
    0x08000144   0x00000024   Code   RO          237    .text               startup_stm32f103xe.o
    0x08000168   0x00000024   Code   RO         4276    .text               mc_w.l(memseta.o)
    0x0800018c   0x000000b0   Code   RO         4539    .text               mf_w.l(fadd.o)
    0x0800023c   0x00000064   Code   RO         4541    .text               mf_w.l(fmul.o)
    0x080002a0   0x0000007c   Code   RO         4543    .text               mf_w.l(fdiv.o)
    0x0800031c   0x00000018   Code   RO         4545    .text               mf_w.l(fscalb.o)
    0x08000334   0x0000014e   Code   RO         4547    .text               mf_w.l(dadd.o)
    0x08000482   0x000000e4   Code   RO         4549    .text               mf_w.l(dmul.o)
    0x08000566   0x00000012   Code   RO         4551    .text               mf_w.l(fflti.o)
    0x08000578   0x00000032   Code   RO         4555    .text               mf_w.l(ffixi.o)
    0x080005aa   0x00000026   Code   RO         4557    .text               mf_w.l(f2d.o)
    0x080005d0   0x00000038   Code   RO         4559    .text               mf_w.l(d2f.o)
    0x08000608   0x0000002c   Code   RO         4630    .text               mc_w.l(uidiv.o)
    0x08000634   0x00000062   Code   RO         4632    .text               mc_w.l(uldiv.o)
    0x08000696   0x0000001e   Code   RO         4634    .text               mc_w.l(llshl.o)
    0x080006b4   0x00000024   Code   RO         4636    .text               mc_w.l(llsshr.o)
    0x080006d8   0x00000000   Code   RO         4645    .text               mc_w.l(iusefp.o)
    0x080006d8   0x0000006e   Code   RO         4646    .text               mf_w.l(fepilogue.o)
    0x08000746   0x000000ba   Code   RO         4648    .text               mf_w.l(depilogue.o)
    0x08000800   0x000000de   Code   RO         4650    .text               mf_w.l(ddiv.o)
    0x080008de   0x0000002e   Code   RO         4652    .text               mf_w.l(dscalb.o)
    0x0800090c   0x00000030   Code   RO         4654    .text               mf_w.l(dfixul.o)
    0x0800093c   0x00000030   Code   RO         4656    .text               mf_w.l(cdrcmple.o)
    0x0800096c   0x00000024   Code   RO         4658    .text               mc_w.l(init.o)
    0x08000990   0x00000020   Code   RO         4660    .text               mc_w.l(llushr.o)
    0x080009b0   0x000000a2   Code   RO         4664    .text               mf_w.l(dsqrt.o)
    0x08000a52   0x00000002   Code   RO          130    i.BusFault_Handler  stm32f1xx_it.o
    0x08000a54   0x00000018   Code   RO         3806    i.Check             main.o
    0x08000a6c   0x0000002a   Code   RO          866    i.DMA_SetConfig     stm32f1xx_hal_dma.o
    0x08000a96   0x00000002   Code   RO          131    i.DebugMon_Handler  stm32f1xx_it.o
    0x08000a98   0x0000001a   Code   RO          244    i.DelayNums         delay.o
    0x08000ab2   0x00000002   PAD
    0x08000ab4   0x00000018   Code   RO          245    i.DelayNus          delay.o
    0x08000acc   0x00000034   Code   RO          246    i.Delay_Init        delay.o
    0x08000b00   0x000000c0   Code   RO          289    i.GPIO_CLK_ENABLE   led_driver.o
    0x08000bc0   0x00000490   Code   RO         4062    i.GetAngle          imu.o
    0x08001050   0x00000004   Code   RO         3807    i.GetMpu            main.o
    0x08001054   0x00000046   Code   RO          867    i.HAL_DMA_Abort     stm32f1xx_hal_dma.o
    0x0800109a   0x00000002   PAD
    0x0800109c   0x0000007c   Code   RO          873    i.HAL_DMA_Init      stm32f1xx_hal_dma.o
    0x08001118   0x00000070   Code   RO          877    i.HAL_DMA_Start_IT  stm32f1xx_hal_dma.o
    0x08001188   0x000001f8   Code   RO          964    i.HAL_GPIO_Init     stm32f1xx_hal_gpio.o
    0x08001380   0x0000000a   Code   RO          966    i.HAL_GPIO_ReadPin  stm32f1xx_hal_gpio.o
    0x0800138a   0x0000000a   Code   RO          968    i.HAL_GPIO_WritePin  stm32f1xx_hal_gpio.o
    0x08001394   0x0000000c   Code   RO          703    i.HAL_GetTick       stm32f1xx_hal.o
    0x080013a0   0x00000024   Code   RO          710    i.HAL_Init          stm32f1xx_hal.o
    0x080013c4   0x00000040   Code   RO          711    i.HAL_InitTick      stm32f1xx_hal.o
    0x08001404   0x00000002   Code   RO          713    i.HAL_MspInit       stm32f1xx_hal.o
    0x08001406   0x0000001a   Code   RO         2457    i.HAL_NVIC_EnableIRQ  stm32f1xx_hal_cortex.o
    0x08001420   0x00000040   Code   RO         2463    i.HAL_NVIC_SetPriority  stm32f1xx_hal_cortex.o
    0x08001460   0x00000024   Code   RO         2464    i.HAL_NVIC_SetPriorityGrouping  stm32f1xx_hal_cortex.o
    0x08001484   0x0000012c   Code   RO         1064    i.HAL_RCC_ClockConfig  stm32f1xx_hal_rcc.o
    0x080015b0   0x00000020   Code   RO         1071    i.HAL_RCC_GetPCLK1Freq  stm32f1xx_hal_rcc.o
    0x080015d0   0x00000020   Code   RO         1072    i.HAL_RCC_GetPCLK2Freq  stm32f1xx_hal_rcc.o
    0x080015f0   0x0000006c   Code   RO         1073    i.HAL_RCC_GetSysClockFreq  stm32f1xx_hal_rcc.o
    0x0800165c   0x00000320   Code   RO         1076    i.HAL_RCC_OscConfig  stm32f1xx_hal_rcc.o
    0x0800197c   0x00000028   Code   RO         2468    i.HAL_SYSTICK_Config  stm32f1xx_hal_cortex.o
    0x080019a4   0x00000058   Code   RO         2148    i.HAL_UART_DMAStop  stm32f1xx_hal_uart.o
    0x080019fc   0x00000002   Code   RO         2150    i.HAL_UART_ErrorCallback  stm32f1xx_hal_uart.o
    0x080019fe   0x00000062   Code   RO         2154    i.HAL_UART_Init     stm32f1xx_hal_uart.o
    0x08001a60   0x00000002   Code   RO         2156    i.HAL_UART_MspInit  stm32f1xx_hal_uart.o
    0x08001a62   0x00000002   PAD
    0x08001a64   0x00000098   Code   RO         2158    i.HAL_UART_Receive_DMA  stm32f1xx_hal_uart.o
    0x08001afc   0x00000002   Code   RO         2160    i.HAL_UART_RxCpltCallback  stm32f1xx_hal_uart.o
    0x08001afe   0x00000002   Code   RO         2161    i.HAL_UART_RxHalfCpltCallback  stm32f1xx_hal_uart.o
    0x08001b00   0x000000ba   Code   RO         2162    i.HAL_UART_Transmit  stm32f1xx_hal_uart.o
    0x08001bba   0x00000002   Code   RO          132    i.HardFault_Handler  stm32f1xx_it.o
    0x08001bbc   0x0000005c   Code   RO          551    i.IIC_Get_ACK       iic.o
    0x08001c18   0x00000048   Code   RO          552    i.IIC_Init          iic.o
    0x08001c60   0x00000054   Code   RO          553    i.IIC_RECIVE_Byte   iic.o
    0x08001cb4   0x00000068   Code   RO          554    i.IIC_Read_One_Byte  iic.o
    0x08001d1c   0x0000004c   Code   RO          555    i.IIC_SEND_Byte     iic.o
    0x08001d68   0x0000003c   Code   RO          556    i.IIC_STOP          iic.o
    0x08001da4   0x0000004c   Code   RO          557    i.IIC_Send_ACK      iic.o
    0x08001df0   0x0000003c   Code   RO          558    i.IIC_Send_NACK     iic.o
    0x08001e2c   0x00000048   Code   RO          559    i.IIC_Start         iic.o
    0x08001e74   0x00000032   Code   RO          560    i.IIC_Write_One_Byte  iic.o
    0x08001ea6   0x00000002   PAD
    0x08001ea8   0x00000088   Code   RO          561    i.IIC_read_Bytes    iic.o
    0x08001f30   0x00000002   Code   RO          133    i.MemManage_Handler  stm32f1xx_it.o
    0x08001f32   0x00000002   PAD
    0x08001f34   0x000000c0   Code   RO         3902    i.MpuGetData        mpu6050.o
    0x08001ff4   0x000000f0   Code   RO         3903    i.MpuGetOffset      mpu6050.o
    0x080020e4   0x00000088   Code   RO         3904    i.MpuInit           mpu6050.o
    0x0800216c   0x00000002   Code   RO          134    i.NMI_Handler       stm32f1xx_it.o
    0x0800216e   0x00000002   Code   RO          135    i.PendSV_Handler    stm32f1xx_it.o
    0x08002170   0x0000006c   Code   RO         3808    i.Print             main.o
    0x080021dc   0x00000038   Code   RO         4089    i.Q_rsqrt           mymath.o
    0x08002214   0x00000024   Code   RO          345    i.QueuePush         queue.o
    0x08002238   0x00000022   Code   RO          346    i.QueuePushArry     queue.o
    0x0800225a   0x00000002   Code   RO          136    i.SVC_Handler       stm32f1xx_it.o
    0x0800225c   0x00000020   Code   RO          402    i.SysTick_Handler   systick.o
    0x0800227c   0x0000005a   Code   RO            4    i.SystemClock_Config  stm32f1xx_clk.o
    0x080022d6   0x00000002   PAD
    0x080022d8   0x00000048   Code   RO          200    i.SystemInit        system_stm32f1xx.o
    0x08002320   0x0000004a   Code   RO         2168    i.UART_DMAError     stm32f1xx_hal_uart.o
    0x0800236a   0x0000003c   Code   RO         2169    i.UART_DMAReceiveCplt  stm32f1xx_hal_uart.o
    0x080023a6   0x0000000a   Code   RO         2171    i.UART_DMARxHalfCplt  stm32f1xx_hal_uart.o
    0x080023b0   0x0000001c   Code   RO         2177    i.UART_EndRxTransfer  stm32f1xx_hal_uart.o
    0x080023cc   0x00000012   Code   RO         2178    i.UART_EndTxTransfer  stm32f1xx_hal_uart.o
    0x080023de   0x00000002   PAD
    0x080023e0   0x000000b8   Code   RO         2180    i.UART_SetConfig    stm32f1xx_hal_uart.o
    0x08002498   0x00000064   Code   RO         2182    i.UART_WaitOnFlagUntilTimeout  stm32f1xx_hal_uart.o
    0x080024fc   0x00000044   Code   RO          446    i.USART1_IRQHandler  usbtocom.o
    0x08002540   0x00000010   Code   RO          511    i.USBtoComApp       usbtocomapp.o
    0x08002550   0x00000016   Code   RO          447    i.USBtoComUsart_Init  usbtocom.o
    0x08002566   0x00000002   PAD
    0x08002568   0x00000078   Code   RO          448    i.USBtoComUsart_UsartInit  usbtocom.o
    0x080025e0   0x00000044   Code   RO          449    i.USBtoCom_DMA      usbtocom.o
    0x08002624   0x00000058   Code   RO          450    i.USBtoCom_GPIOInit  usbtocom.o
    0x0800267c   0x00000002   Code   RO          137    i.UsageFault_Handler  stm32f1xx_it.o
    0x0800267e   0x00000002   PAD
    0x08002680   0x00000024   Code   RO          403    i.Work_Time_Init    systick.o
    0x080026a4   0x00000020   Code   RO         4511    i.__0printf         mc_w.l(printfa.o)
    0x080026c4   0x00000028   Code   RO         4579    i.__ARM_fpclassify  m_ws.l(fpclassify.o)
    0x080026ec   0x00000026   Code   RO         4581    i.__ARM_fpclassifyf  m_ws.l(fpclassifyf.o)
    0x08002712   0x00000020   Code   RO         2470    i.__NVIC_SetPriority  stm32f1xx_hal_cortex.o
    0x08002732   0x000000aa   Code   RO         4597    i.__kernel_poly     m_ws.l(poly.o)
    0x080027dc   0x00000006   Code   RO         4566    i.__mathlib_dbl_infnan  m_ws.l(dunder.o)
    0x080027e2   0x0000000c   Code   RO         4568    i.__mathlib_dbl_invalid  m_ws.l(dunder.o)
    0x080027ee   0x00000002   PAD
    0x080027f0   0x00000010   Code   RO         4571    i.__mathlib_dbl_underflow  m_ws.l(dunder.o)
    0x08002800   0x00000004   Code   RO         4585    i.__mathlib_flt_infnan2  m_ws.l(funder.o)
    0x08002804   0x0000000a   Code   RO         4589    i.__mathlib_flt_underflow  m_ws.l(funder.o)
    0x0800280e   0x0000000e   Code   RO         4670    i.__scatterload_copy  mc_w.l(handlers.o)
    0x0800281c   0x00000002   Code   RO         4671    i.__scatterload_null  mc_w.l(handlers.o)
    0x0800281e   0x0000000e   Code   RO         4672    i.__scatterload_zeroinit  mc_w.l(handlers.o)
    0x0800282c   0x0000000c   Code   RO         4640    i.__set_errno       mc_w.l(errno.o)
    0x08002838   0x00000164   Code   RO         4518    i._fp_digits        mc_w.l(printfa.o)
    0x0800299c   0x000006dc   Code   RO         4519    i._printf_core      mc_w.l(printfa.o)
    0x08003078   0x00000024   Code   RO         4520    i._printf_post_padding  mc_w.l(printfa.o)
    0x0800309c   0x0000002e   Code   RO         4521    i._printf_pre_padding  mc_w.l(printfa.o)
    0x080030ca   0x00000002   PAD
    0x080030cc   0x00000270   Code   RO         4243    i.asin              m_ws.l(asin.o)
    0x0800333c   0x0000025c   Code   RO         4261    i.atan2f            m_ws.l(atan2f.o)
    0x08003598   0x0000001c   Code   RO          452    i.fputc             usbtocom.o
    0x080035b4   0x00000054   Code   RO         3968    i.kalman_1          kalman.o
    0x08003608   0x00000068   Code   RO         3809    i.main              main.o
    0x08003670   0x0000000c   Code   RO          404    i.sheck_Init        systick.o
    0x0800367c   0x00000028   Code   RO         3810    i.sheck_task        main.o
    0x080036a4   0x0000004c   Code   RO         4600    i.sqrt              m_ws.l(sqrt.o)
    0x080036f0   0x00000010   Data   RO          201    .constdata          system_stm32f1xx.o
    0x08003700   0x00000008   Data   RO          202    .constdata          system_stm32f1xx.o
    0x08003708   0x00000004   Data   RO         4103    .constdata          mymath.o
    0x0800370c   0x00000004   Data   RO         4105    .constdata          mymath.o
    0x08003710   0x00000004   Data   RO         4106    .constdata          mymath.o
    0x08003714   0x00000004   PAD
    0x08003718   0x00000050   Data   RO         4244    .constdata          m_ws.l(asin.o)
    0x08003768   0x00000020   Data   RO         4668    Region$$Table       anon$$obj.o


    Execution Region RW_IRAM1 (Base: 0x20000000, Size: 0x000015f8, Max: 0x00010000, ABSOLUTE)

    Base Addr    Size         Type   Attr      Idx    E Section Name        Object

    0x20000000   0x00000004   Data   RW          203    .data               system_stm32f1xx.o
    0x20000004   0x00000004   PAD
    0x20000008   0x00000010   Data   RW          405    .data               systick.o
    0x20000018   0x0000000c   Data   RW          717    .data               stm32f1xx_hal.o
    0x20000024   0x00000030   Data   RW         3811    .data               main.o
    0x20000054   0x0000004c   Data   RW         3907    .data               mpu6050.o
    0x200000a0   0x0000001c   Data   RW         4064    .data               imu.o
    0x200000bc   0x00000004   Data   RW         4629    .data               mc_w.l(stdout.o)
    0x200000c0   0x00000004   Data   RW         4641    .data               mc_w.l(errno.o)
    0x200000c4   0x00000498   Zero   RW          453    .bss                usbtocom.o
    0x2000055c   0x0000005d   Zero   RW          514    .bss                usbtocomapp.o
    0x200005b9   0x00000003   PAD
    0x200005bc   0x00000018   Zero   RW         3906    .bss                mpu6050.o
    0x200005d4   0x0000000c   Zero   RW         4047    .bss                init.o
    0x200005e0   0x0000000c   Zero   RW         4048    .bss                init.o
    0x200005ec   0x0000000c   Zero   RW         4063    .bss                imu.o
    0x200005f8   0x00001000   Zero   RW          234    STACK               startup_stm32f103xe.o


==============================================================================

Image component sizes


      Code (inc. data)   RO Data    RW Data    ZI Data      Debug   Object Name

       102         14          0          0          0       1692   delay.o
       882         64          0          0          0       6779   iic.o
      1168         24          0         28         12       1835   imu.o
         0          0          0          0         24       1035   init.o
        84          0          0          0          0       1215   kalman.o
       192         32          0          0          0       1330   led_driver.o
       280         88          0         48          0       2925   main.o
       568         42          0         76         24       4717   mpu6050.o
        56          6         12          0          0        953   mymath.o
        70          0          0          0          0       3447   queue.o
        36          8        304          0       4096        780   startup_stm32f103xe.o
        90          0          0          0          0     452509   stm32f1xx_clk.o
       114         20          0         12          0       5605   stm32f1xx_hal.o
       198         14          0          0          0      28627   stm32f1xx_hal_cortex.o
       348         12          0          0          0       3014   stm32f1xx_hal_dma.o
       524         42          0          0          0       3303   stm32f1xx_hal_gpio.o
      1272        100          0          0          0       4908   stm32f1xx_hal_rcc.o
      1006         20          0          0          0       9378   stm32f1xx_hal_uart.o
        16          0          0          0          0       3340   stm32f1xx_it.o
        72         16         24          4          0       1135   system_stm32f1xx.o
        80         18          0         16          0       1844   systick.o
       394         46          0          0       1176       3982   usbtocom.o
        16          6          0          0         93       1469   usbtocomapp.o

    ----------------------------------------------------------------------
      7586        572        376        188       5428     545822   Object Totals
         0          0         32          0          0          0   (incl. Generated)
        18          0          4          4          3          0   (incl. Padding)

    ----------------------------------------------------------------------

      Code (inc. data)   RO Data    RW Data    ZI Data      Debug   Library Member Name

       624         52         80          0          0        168   asin.o
       604         76          0          0          0        116   atan2f.o
        34          6          0          0          0        204   dunder.o
        40          0          0          0          0         68   fpclassify.o
        38          0          0          0          0         68   fpclassifyf.o
        14          0          0          0          0        136   funder.o
       170          0          0          0          0         96   poly.o
        76          0          0          0          0         84   sqrt.o
         0          0          0          0          0          0   entry.o
         0          0          0          0          0          0   entry10a.o
         0          0          0          0          0          0   entry11a.o
         8          4          0          0          0          0   entry2.o
         4          0          0          0          0          0   entry5.o
         0          0          0          0          0          0   entry7b.o
         0          0          0          0          0          0   entry8b.o
         8          4          0          0          0          0   entry9a.o
        12          6          0          4          0         68   errno.o
        30          0          0          0          0          0   handlers.o
        36          8          0          0          0         68   init.o
         0          0          0          0          0          0   iusefp.o
        30          0          0          0          0         68   llshl.o
        36          0          0          0          0         68   llsshr.o
        32          0          0          0          0         68   llushr.o
        36          0          0          0          0        108   memseta.o
      2226         90          0          0          0        444   printfa.o
         0          0          0          4          0          0   stdout.o
        44          0          0          0          0         80   uidiv.o
        98          0          0          0          0         92   uldiv.o
        48          0          0          0          0         68   cdrcmple.o
        56          0          0          0          0         88   d2f.o
       334          0          0          0          0        148   dadd.o
       222          0          0          0          0        100   ddiv.o
       186          0          0          0          0        176   depilogue.o
        48          0          0          0          0         68   dfixul.o
       228          0          0          0          0         96   dmul.o
        46          0          0          0          0         80   dscalb.o
       162          0          0          0          0        100   dsqrt.o
        38          0          0          0          0         68   f2d.o
       176          0          0          0          0        140   fadd.o
       124          0          0          0          0         88   fdiv.o
       110          0          0          0          0        168   fepilogue.o
        50          0          0          0          0         68   ffixi.o
        18          0          0          0          0         68   fflti.o
       100          0          0          0          0         76   fmul.o
        24          0          0          0          0         68   fscalb.o

    ----------------------------------------------------------------------
      6174        246         80          8          0       3672   Library Totals
         4          0          0          0          0          0   (incl. Padding)

    ----------------------------------------------------------------------

      Code (inc. data)   RO Data    RW Data    ZI Data      Debug   Library Name

      1600        134         80          0          0        940   m_ws.l
      2600        112          0          8          0       1064   mc_w.l
      1970          0          0          0          0       1668   mf_w.l

    ----------------------------------------------------------------------
      6174        246         80          8          0       3672   Library Totals

    ----------------------------------------------------------------------

==============================================================================


      Code (inc. data)   RO Data    RW Data    ZI Data      Debug   

     13760        818        456        196       5428     543354   Grand Totals
     13760        818        456        196       5428     543354   ELF Image Totals
     13760        818        456        196          0          0   ROM Totals

==============================================================================

    Total RO  Size (Code + RO Data)                14216 (  13.88kB)
    Total RW  Size (RW Data + ZI Data)              5624 (   5.49kB)
    Total ROM Size (Code + RO Data + RW Data)      14412 (  14.07kB)

==============================================================================

