<html>
<body>
<pre>
<h1>µVision Build Log</h1>
<h2>Tool Versions:</h2>
IDE-Version: ¦ÌVision V5.15
Copyright (C) 2015 ARM Ltd and ARM Germany GmbH. All rights reserved.
License Information:  ,  , LIC=MPPLD-8B6TZ-74XS0-BVAVQ-U5XI6-FTTQJ
 
Tool Versions:
Toolchain:       MDK-ARM Standard  Version: 5.15.0
Toolchain Path:  D:\software\stm32\Keil\KEIL\ARM\ARMCC\Bin
C Compiler:      Armcc.exe V5.05 update 2 (build 169)
Assembler:       Armasm.exe V5.05 update 2 (build 169)
Linker/Locator:  ArmLink.exe V5.05 update 2 (build 169)
Library Manager: ArmAr.exe V5.05 update 2 (build 169)
Hex Converter:   FromElf.exe V5.05 update 2 (build 169)
CPU DLL:         SARMCM3.DLL V5.15.0
Dialog DLL:      DCM.DLL V1.13.2.0
Target DLL:      STLink\ST-LINKIII-KEIL_SWO.dll V2.0.15.0_KEIL
Dialog DLL:      TCM.DLL V1.14.5.0
 
<h2>Project:</h2>
D:\±Ê¼Ç\stm32\HAL\NO_LVGL\Project\NO_LVGL.uvprojx
Project File Date:  04/26/2024

<h2>Output:</h2>
*** Using Compiler 'V5.05 update 2 (build 169)', folder: 'D:\software\stm32\Keil\KEIL\ARM\ARMCC\Bin'
Build target 'Target 1'
compiling wifi_app.c...
..\APP\wifi_app.c(203): warning:  #188-D: enumerated type mixed with another type
                                cmdType = 0xff;
..\APP\wifi_app.c(226): warning:  #188-D: enumerated type mixed with another type
                                cmdType = 0xff;
..\APP\wifi_app.c(272): warning:  #188-D: enumerated type mixed with another type
                                cmdType = 0xff;
..\APP\wifi_app.c: 3 warnings, 0 errors
compiling retarget_io.c...
linking...
Program Size: Code=8872 RO-data=512 RW-data=344 ZI-data=7192  
FromELF: creating hex file...
".\Objects\NO_LVGL.axf" - 0 Error(s), 3 Warning(s).

<h2>Software Packages used:</h2>

Package Vendor: Keil
                http://www.keil.com/pack/Keil.ARM_Compiler.1.0.0.pack
                Keil::Compiler:I/O:STDERR:Breakpoint:1.0.0
                Keil ARM Compiler extensions
   * Component: STDERR Variant: Breakpoint Version: 1.0.0

<h2>Collection of Component include folders:</h2>
  D:\±Ê¼Ç\stm32\HAL\NO_LVGL\Project\RTE
  D:\software\stm32\Keil\KIEL_OTHER\Keil\STM32F1xx_DFP\1.1.0\Device\Include

<h2>Collection of Component Files used:</h2>

   * Component: Keil::Compiler:I/O:STDERR:Breakpoint:1.0.0
      Source file:   Source\retarget_io.c
</pre>
</body>
</html>
