<html>
<body>
<pre>
<h1>µVision Build Log</h1>
<h2>Tool Versions:</h2>
IDE-Version: ¦ÌVision V5.15
Copyright (C) 2015 ARM Ltd and ARM Germany GmbH. All rights reserved.
License Information:  ,  , LIC=MPPLD-8B6TZ-74XS0-BVAVQ-U5XI6-FTTQJ
 
Tool Versions:
Toolchain:       MDK-ARM Standard  Version: 5.15.0
Toolchain Path:  D:\software\stm32\Keil\KEIL\ARM\ARMCC\Bin
C Compiler:      Armcc.exe V5.05 update 2 (build 169)
Assembler:       Armasm.exe V5.05 update 2 (build 169)
Linker/Locator:  ArmLink.exe V5.05 update 2 (build 169)
Library Manager: ArmAr.exe V5.05 update 2 (build 169)
Hex Converter:   FromElf.exe V5.05 update 2 (build 169)
CPU DLL:         SARMCM3.DLL V5.15.0
Dialog DLL:      DCM.DLL V1.13.2.0
Target DLL:      STLink\ST-LINKIII-KEIL_SWO.dll V2.0.15.0_KEIL
Dialog DLL:      TCM.DLL V1.14.5.0
 
<h2>Project:</h2>
D:\±Ê¼Ç\stm32\HAL\Template\MDK-ARM\Template.uvprojx
Project File Date:  04/04/2024

<h2>Output:</h2>
*** Using Compiler 'V5.05 update 2 (build 169)', folder: 'D:\software\stm32\Keil\KEIL\ARM\ARMCC\Bin'
Build target 'Target 1'
assembling startup_stm32f103xe.s...
compiling stm32f1xx_clk.c...
compiling stm32f1xx_it.c...
compiling system_stm32f1xx.c...
compiling main.c...
..\User\main.c(104): warning:  #111-D: statement is unreachable
        return 0;
..\User\main.c: 1 warning, 0 errors
compiling stm32f1xx_hal.c...
compiling stm32f1xx_hal_cortex.c...
compiling stm32f1xx_hal_rcc.c...
compiling stm32f1xx_hal_rcc_ex.c...
compiling stm32f1xx_hal_gpio.c...
compiling stm32f1xx_hal_uart.c...
compiling stm32f1xx_hal_usart.c...
compiling stm32f1xx_hal_dma.c...
compiling stm32f1xx_hal_tim.c...
compiling stm32f1xx_hal_tim_ex.c...
compiling stm32f1xx_hal_pwr.c...
compiling stm32f1xx_hal_rtc.c...
compiling stm32f1xx_hal_rtc_ex.c...
compiling stm32f1xx_hal_adc_ex.c...
compiling stm32f1xx_hal_adc.c...
compiling stm32f1xx_hal_i2c.c...
compiling stm32f1xx_hal_spi.c...
compiling stm32f1xx_hal_sram.c...
compiling stm32f1xx_hal_nor.c...
compiling stm32f1xx_ll_fsmc.c...
compiling delay.c...
compiling led_driver.c...
compiling KEY.c...
compiling Systick.c...
compiling USBtoCom.c...
compiling USBtoComApp.c...
compiling queue.c...
compiling tim_driver.c...
compiling pwm_driver.c...
compiling Calendar.c...
compiling secor.c...
compiling Temp.c...
compiling Parse.c...
compiling Him.c...
compiling IIC.c...
compiling at24c02.c...
..\BSP\at24c02.c(125): warning:  #177-D: variable "write_buf" was declared but never referenced
        uint8_t write_buf[255] = {0xbb};
..\BSP\at24c02.c: 1 warning, 0 errors
compiling AP3426.c...
compiling noFlash.c...
compiling ICM20608.c...
compiling SPI.c...
compiling FSMC.c...
compiling LCD.c...
compiling PIC.c...
compiling XPT2046.c...
compiling lv_demo_widgets.c...
..\BSP\widgets\lv_demo_widgets.c(1103): warning:  #188-D: enumerated type mixed with another type
          lv_palette_t palette_secondary = (*palette_primary) + 3; /*Use another palette as secondary*/
..\BSP\widgets\lv_demo_widgets.c(1104): warning:  #188-D: enumerated type mixed with another type
          if(palette_secondary >= _LV_PALETTE_LAST) palette_secondary = 0;
..\BSP\widgets\lv_demo_widgets.c: 2 warnings, 0 errors
compiling img_clothes.c...
compiling img_demo_widgets_avatar.c...
compiling img_lvgl_logo.c...
compiling light.c...
compiling lrda.c...
compiling tmp.c...
compiling lv_font_sy_24.c...
compiling siyuan_24.c...
compiling lv_disp.c...
compiling lv_event.c...
..\Mid_lvgl\src\core\lv_event.c(120): warning:  #188-D: enumerated type mixed with another type
      return e->code & ~LV_EVENT_PREPROCESS;
..\Mid_lvgl\src\core\lv_event.c: 1 warning, 0 errors
compiling lv_group.c...
compiling lv_indev.c...
compiling lv_indev_scroll.c...
compiling lv_obj.c...
compiling lv_obj_class.c...
compiling lv_obj_draw.c...
..\Mid_lvgl\src\core\lv_obj_draw.c(392): warning:  #188-D: enumerated type mixed with another type
      if(obj->spec_attr) return obj->spec_attr->layer_type;
..\Mid_lvgl\src\core\lv_obj_draw.c: 1 warning, 0 errors
compiling lv_obj_pos.c...
compiling lv_obj_scroll.c...
compiling lv_obj_style.c...
compiling lv_obj_style_gen.c...
compiling lv_obj_tree.c...
compiling lv_refr.c...
compiling lv_theme.c...
compiling lv_flex.c...
compiling lv_grid.c...
..\Mid_lvgl\src\extra\layouts\grid\lv_grid.c(591): warning:  #188-D: enumerated type mixed with another type
      lv_grid_align_t col_align = get_cell_col_align(item);
..\Mid_lvgl\src\extra\layouts\grid\lv_grid.c(592): warning:  #188-D: enumerated type mixed with another type
      lv_grid_align_t row_align = get_cell_row_align(item);
..\Mid_lvgl\src\extra\layouts\grid\lv_grid.c: 2 warnings, 0 errors
compiling lv_theme_basic.c...
compiling lv_theme_default.c...
..\Mid_lvgl\src\extra\themes\default\lv_theme_default.c(213): warning:  #188-D: enumerated type mixed with another type
..\Mid_lvgl\src\extra\themes\default\lv_theme_default.c: 1 warning, 0 errors
compiling lv_theme_mono.c...
compiling lv_extra.c...
compiling lv_animimg.c...
compiling lv_calendar.c...
compiling lv_calendar_header_arrow.c...
compiling lv_calendar_header_dropdown.c...
compiling lv_chart.c...
compiling lv_colorwheel.c...
compiling lv_imgbtn.c...
compiling lv_keyboard.c...
compiling lv_led.c...
compiling lv_list.c...
compiling lv_menu.c...
compiling lv_meter.c...
compiling lv_msgbox.c...
compiling lv_span.c...
..\Mid_lvgl\src\extra\widgets\span\lv_span.c(901): warning:  #546-D: transfer of control bypasses initialization of:
            variable "align" (declared at line 905)
              goto Next_line_init;
              ^
..\Mid_lvgl\src\extra\widgets\span\lv_span.c: 1 warning, 0 errors
compiling lv_spinbox.c...
compiling lv_spinner.c...
compiling lv_tabview.c...
compiling lv_tileview.c...
compiling lv_win.c...
compiling lv_font.c...
compiling lv_font_dejavu_16_persian_hebrew.c...
compiling lv_font_fmt_txt.c...
..\Mid_lvgl\src\font\lv_font_fmt_txt.c(137): warning:  #111-D: statement is unreachable
      return NULL;
..\Mid_lvgl\src\font\lv_font_fmt_txt.c: 1 warning, 0 errors
compiling lv_font_loader.c...
compiling lv_font_montserrat_8.c...
compiling lv_font_montserrat_10.c...
compiling lv_font_montserrat_12.c...
compiling lv_font_montserrat_12_subpx.c...
compiling lv_font_montserrat_14.c...
compiling lv_font_montserrat_16.c...
compiling lv_font_montserrat_18.c...
compiling lv_font_montserrat_20.c...
compiling lv_font_montserrat_22.c...
compiling lv_font_montserrat_24.c...
compiling lv_font_montserrat_26.c...
compiling lv_font_montserrat_28.c...
compiling lv_font_montserrat_28_compressed.c...
compiling lv_font_montserrat_30.c...
compiling lv_font_montserrat_32.c...
compiling lv_font_montserrat_34.c...
compiling lv_font_montserrat_36.c...
compiling lv_font_montserrat_38.c...
compiling lv_font_montserrat_40.c...
compiling lv_font_montserrat_42.c...
compiling lv_font_montserrat_44.c...
compiling lv_font_montserrat_46.c...
compiling lv_font_montserrat_48.c...
compiling lv_font_simsun_16_cjk.c...
compiling lv_font_unscii_8.c...
compiling lv_font_unscii_16.c...
compiling lv_hal_disp.c...
..\Mid_lvgl\src\hal\lv_hal_disp.c(582): warning:  #188-D: enumerated type mixed with another type
      return disp->driver->rotated;
..\Mid_lvgl\src\hal\lv_hal_disp.c: 1 warning, 0 errors
compiling lv_hal_indev.c...
compiling lv_hal_tick.c...
compiling lv_anim.c...
compiling lv_anim_timeline.c...
compiling lv_area.c...
compiling lv_async.c...
compiling lv_bidi.c...
compiling lv_color.c...
compiling lv_fs.c...
compiling lv_gc.c...
compiling lv_ll.c...
compiling lv_log.c...
compiling lv_lru.c...
..\Mid_lvgl\src\misc\lv_lru.c(241): warning:  #68-D: integer conversion resulted in a change of sign
      uint32_t i = 0, min_index = -1;
..\Mid_lvgl\src\misc\lv_lru.c(242): warning:  #68-D: integer conversion resulted in a change of sign
      uint64_t min_access_count = -1;
..\Mid_lvgl\src\misc\lv_lru.c: 2 warnings, 0 errors
compiling lv_math.c...
compiling lv_mem.c...
..\Mid_lvgl\src\misc\lv_mem.c(325): warning:  #111-D: statement is unreachable
      return NULL;
..\Mid_lvgl\src\misc\lv_mem.c: 1 warning, 0 errors
compiling lv_printf.c...
compiling lv_style.c...
..\Mid_lvgl\src\misc\lv_style.c(214): warning:  #188-D: enumerated type mixed with another type
      return last_custom_prop_id;
..\Mid_lvgl\src\misc\lv_style.c(219): warning:  #188-D: enumerated type mixed with another type
      return last_custom_prop_id - _LV_STYLE_LAST_BUILT_IN_PROP;
..\Mid_lvgl\src\misc\lv_style.c(290): warning:  #188-D: enumerated type mixed with another type
      lv_style_set_prop_internal(style, prop | meta, null_style_value, lv_style_set_prop_meta_helper);
..\Mid_lvgl\src\misc\lv_style.c: 3 warnings, 0 errors
compiling lv_style_gen.c...
compiling lv_templ.c...
compiling lv_timer.c...
compiling lv_tlsf.c...
..\Mid_lvgl\src\misc\lv_tlsf.c(898): warning:  #68-D: integer conversion resulted in a change of sign
          offset_to_block(pool, -(int)block_header_overhead);
..\Mid_lvgl\src\misc\lv_tlsf.c(1000): warning:  #68-D: integer conversion resulted in a change of sign
      block = offset_to_block(mem, -(tlsfptr_t)block_header_overhead);
..\Mid_lvgl\src\misc\lv_tlsf.c(1018): warning:  #68-D: integer conversion resulted in a change of sign
      block_header_t * block = offset_to_block(pool, -(int)block_header_overhead);
..\Mid_lvgl\src\misc\lv_tlsf.c: 3 warnings, 0 errors
compiling lv_txt.c...
compiling lv_txt_ap.c...
compiling lv_utils.c...
compiling lv_arc.c...
compiling lv_bar.c...
compiling lv_btn.c...
compiling lv_btnmatrix.c...
compiling lv_canvas.c...
compiling lv_checkbox.c...
compiling lv_dropdown.c...
compiling lv_img.c...
compiling lv_label.c...
compiling lv_line.c...
compiling lv_objx_templ.c...
compiling lv_roller.c...
compiling lv_slider.c...
compiling lv_switch.c...
compiling lv_table.c...
compiling lv_textarea.c...
compiling lv_port_disp.c...
compiling lv_port_indev.c...
..\Mid_lvgl\examples\driver\lv_port_indev.c(224): warning:  #167-D: argument of type "lv_coord_t *" is incompatible with parameter of type "uint16_t *"
                XPT2046_Read_XY(x,y);
..\Mid_lvgl\examples\driver\lv_port_indev.c(224): warning:  #167-D: argument of type "lv_coord_t *" is incompatible with parameter of type "uint16_t *"
                XPT2046_Read_XY(x,y);
..\Mid_lvgl\examples\driver\lv_port_indev.c(233): warning:  #177-D: function "mouse_init" was declared but never referenced
  static void mouse_init(void)
..\Mid_lvgl\examples\driver\lv_port_indev.c(239): warning:  #177-D: function "mouse_read" was declared but never referenced
  static void mouse_read(lv_indev_drv_t * indev_drv, lv_indev_data_t * data)
..\Mid_lvgl\examples\driver\lv_port_indev.c(275): warning:  #177-D: function "keypad_init" was declared but never referenced
  static void keypad_init(void)
..\Mid_lvgl\examples\driver\lv_port_indev.c(281): warning:  #177-D: function "keypad_read" was declared but never referenced
  static void keypad_read(lv_indev_drv_t * indev_drv, lv_indev_data_t * data)
..\Mid_lvgl\examples\driver\lv_port_indev.c(334): warning:  #177-D: function "encoder_init" was declared but never referenced
  static void encoder_init(void)
..\Mid_lvgl\examples\driver\lv_port_indev.c(340): warning:  #177-D: function "encoder_read" was declared but never referenced
  static void encoder_read(lv_indev_drv_t * indev_drv, lv_indev_data_t * data)
..\Mid_lvgl\examples\driver\lv_port_indev.c(348): warning:  #177-D: function "encoder_handler" was declared but never referenced
  static void encoder_handler(void)
..\Mid_lvgl\examples\driver\lv_port_indev.c(361): warning:  #177-D: function "button_init" was declared but never referenced
  static void button_init(void)
..\Mid_lvgl\examples\driver\lv_port_indev.c(367): warning:  #177-D: function "button_read" was declared but never referenced
  static void button_read(lv_indev_drv_t * indev_drv, lv_indev_data_t * data)
..\Mid_lvgl\examples\driver\lv_port_indev.c: 11 warnings, 0 errors
compiling lv_draw_sw.c...
compiling lv_draw_sw_arc.c...
compiling lv_draw_sw_blend.c...
compiling lv_draw_sw_dither.c...
compiling lv_draw_sw_gradient.c...
compiling lv_draw_sw_img.c...
compiling lv_draw_sw_layer.c...
compiling lv_draw_sw_letter.c...
compiling lv_draw_sw_line.c...
compiling lv_draw_sw_polygon.c...
compiling lv_draw_sw_rect.c...
..\Mid_lvgl\src\draw\sw\lv_draw_sw_rect.c(238): warning:  #546-D: transfer of control bypasses initialization of:
            variable "mask_any_center" (declared at line 285)
          goto bg_clean_up;
          ^
..\Mid_lvgl\src\draw\sw\lv_draw_sw_rect.c: 1 warning, 0 errors
compiling lv_draw_sw_transform.c...
compiling lv_draw.c...
compiling lv_draw_arc.c...
compiling lv_draw_img.c...
compiling lv_draw_label.c...
compiling lv_draw_layer.c...
compiling lv_draw_line.c...
compiling lv_draw_mask.c...
compiling lv_draw_rect.c...
compiling lv_draw_transform.c...
compiling lv_draw_triangle.c...
compiling lv_img_buf.c...
compiling lv_img_cache.c...
compiling lv_img_decoder.c...
linking...
Program Size: Code=215366 RO-data=23606 RW-data=756 ZI-data=670188  
".\Objects\Template.axf" - 0 Error(s), 33 Warning(s).

<h2>Collection of Component include folders:</h2>
  D:\±Ê¼Ç\stm32\HAL\Template\MDK-ARM\RTE
  D:\software\stm32\Keil\KIEL_OTHER\Keil\STM32F1xx_DFP\1.1.0\Device\Include

<h2>Collection of Component Files used:</h2>
</pre>
</body>
</html>
