Component: ARM Compiler 5.05 update 2 (build 169) Tool: armlink [4d0f33]

==============================================================================

Section Cross References

    stm32f1xx_clk.o(i.SystemClock_Config) refers to memseta.o(.text) for __aeabi_memclr4
    stm32f1xx_clk.o(i.SystemClock_Config) refers to stm32f1xx_hal_rcc.o(i.HAL_RCC_OscConfig) for HAL_RCC_OscConfig
    stm32f1xx_clk.o(i.SystemClock_Config) refers to stm32f1xx_hal_rcc.o(i.HAL_RCC_ClockConfig) for HAL_RCC_ClockConfig
    system_stm32f1xx.o(i.SystemCoreClockUpdate) refers to system_stm32f1xx.o(.data) for .data
    system_stm32f1xx.o(i.SystemCoreClockUpdate) refers to system_stm32f1xx.o(.constdata) for .constdata
    startup_stm32f103xe.o(RESET) refers to startup_stm32f103xe.o(STACK) for __initial_sp
    startup_stm32f103xe.o(RESET) refers to startup_stm32f103xe.o(.text) for Reset_Handler
    startup_stm32f103xe.o(RESET) refers to stm32f1xx_it.o(i.NMI_Handler) for NMI_Handler
    startup_stm32f103xe.o(RESET) refers to stm32f1xx_it.o(i.HardFault_Handler) for HardFault_Handler
    startup_stm32f103xe.o(RESET) refers to stm32f1xx_it.o(i.MemManage_Handler) for MemManage_Handler
    startup_stm32f103xe.o(RESET) refers to stm32f1xx_it.o(i.BusFault_Handler) for BusFault_Handler
    startup_stm32f103xe.o(RESET) refers to stm32f1xx_it.o(i.UsageFault_Handler) for UsageFault_Handler
    startup_stm32f103xe.o(RESET) refers to stm32f1xx_it.o(i.SVC_Handler) for SVC_Handler
    startup_stm32f103xe.o(RESET) refers to stm32f1xx_it.o(i.DebugMon_Handler) for DebugMon_Handler
    startup_stm32f103xe.o(RESET) refers to stm32f1xx_it.o(i.PendSV_Handler) for PendSV_Handler
    startup_stm32f103xe.o(RESET) refers to systick.o(i.SysTick_Handler) for SysTick_Handler
    startup_stm32f103xe.o(RESET) refers to calendar.o(i.RTC_IRQHandler) for RTC_IRQHandler
    startup_stm32f103xe.o(RESET) refers to infared.o(i.TIM3_IRQHandler) for TIM3_IRQHandler
    startup_stm32f103xe.o(RESET) refers to usbtocom.o(i.USART1_IRQHandler) for USART1_IRQHandler
    startup_stm32f103xe.o(RESET) refers to portserial.o(i.USART2_IRQHandler) for USART2_IRQHandler
    startup_stm32f103xe.o(RESET) refers to esp8266.o(i.USART3_IRQHandler) for USART3_IRQHandler
    startup_stm32f103xe.o(RESET) refers to porttimer.o(i.TIM6_IRQHandler) for TIM6_IRQHandler
    startup_stm32f103xe.o(.text) refers to system_stm32f1xx.o(i.SystemInit) for SystemInit
    startup_stm32f103xe.o(.text) refers to entry.o(.ARM.Collect$$$$00000000) for __main
    delay.o(i.DelayNums) refers to delay.o(i.DelayNus) for DelayNus
    delay.o(i.HAL_Delay) refers to delay.o(i.DelayNus) for DelayNus
    infared.o(i.InFare_Init) refers to stm32f1xx_hal_gpio.o(i.HAL_GPIO_Init) for HAL_GPIO_Init
    infared.o(i.InFare_Init) refers to infared.o(i.TIM_IC_Init) for TIM_IC_Init
    infared.o(i.InFare_Init) refers to queue.o(i.QueueInit) for QueueInit
    infared.o(i.InFare_Init) refers to infared.o(.bss) for .bss
    infared.o(i.InFared_Task) refers to printf5.o(i.__0printf$5) for __2printf
    infared.o(i.InFared_Task) refers to queue.o(i.QueuePop) for QueuePop
    infared.o(i.InFared_Task) refers to infared.o(.bss) for .bss
    infared.o(i.ParseIrFrame) refers to queue.o(i.QueuePush) for QueuePush
    infared.o(i.ParseIrFrame) refers to infared.o(.data) for .data
    infared.o(i.ParseIrFrame) refers to infared.o(.bss) for .bss
    infared.o(i.TIM3_IRQHandler) refers to stm32f1xx_hal_tim.o(i.HAL_TIM_ReadCapturedValue) for HAL_TIM_ReadCapturedValue
    infared.o(i.TIM3_IRQHandler) refers to infared.o(i.ParseIrFrame) for ParseIrFrame
    infared.o(i.TIM3_IRQHandler) refers to infared.o(.bss) for .bss
    infared.o(i.TIM3_IRQHandler) refers to infared.o(.data) for .data
    infared.o(i.TIM_IC_Init) refers to stm32f1xx_hal_tim.o(i.HAL_TIM_IC_Init) for HAL_TIM_IC_Init
    infared.o(i.TIM_IC_Init) refers to stm32f1xx_hal_tim.o(i.HAL_TIM_IC_ConfigChannel) for HAL_TIM_IC_ConfigChannel
    infared.o(i.TIM_IC_Init) refers to stm32f1xx_hal_cortex.o(i.HAL_NVIC_SetPriority) for HAL_NVIC_SetPriority
    infared.o(i.TIM_IC_Init) refers to stm32f1xx_hal_cortex.o(i.HAL_NVIC_EnableIRQ) for HAL_NVIC_EnableIRQ
    infared.o(i.TIM_IC_Init) refers to stm32f1xx_hal_tim.o(i.HAL_TIM_IC_Start_IT) for HAL_TIM_IC_Start_IT
    infared.o(i.TIM_IC_Init) refers to infared.o(.bss) for .bss
    led_driver.o(i.Led_DrvInit) refers to led_driver.o(i.GPIO_CLK_ENABLE) for GPIO_CLK_ENABLE
    led_driver.o(i.Led_DrvInit) refers to stm32f1xx_hal_gpio.o(i.HAL_GPIO_Init) for HAL_GPIO_Init
    led_driver.o(i.Led_DrvInit) refers to stm32f1xx_hal_gpio.o(i.HAL_GPIO_WritePin) for HAL_GPIO_WritePin
    led_driver.o(i.Led_DrvInit) refers to led_driver.o(.data) for .data
    led_driver.o(i.ToogleLed) refers to stm32f1xx_hal_gpio.o(i.HAL_GPIO_TogglePin) for HAL_GPIO_TogglePin
    led_driver.o(i.ToogleLed) refers to led_driver.o(.data) for .data
    led_driver.o(i.TurnOffLed) refers to stm32f1xx_hal_gpio.o(i.HAL_GPIO_WritePin) for HAL_GPIO_WritePin
[...]
    Removing stm32f1xx_hal_sd.o(i.HAL_SD_Abort_IT), (156 bytes).
    Removing stm32f1xx_hal_sd.o(i.HAL_SD_ConfigWideBusOperation), (244 bytes).
    Removing stm32f1xx_hal_sd.o(i.HAL_SD_DeInit), (38 bytes).
    Removing stm32f1xx_hal_sd.o(i.HAL_SD_Erase), (196 bytes).
    Removing stm32f1xx_hal_sd.o(i.HAL_SD_ErrorCallback), (2 bytes).
    Removing stm32f1xx_hal_sd.o(i.HAL_SD_GetCardCID), (80 bytes).
    Removing stm32f1xx_hal_sd.o(i.HAL_SD_GetCardCSD), (408 bytes).
    Removing stm32f1xx_hal_sd.o(i.HAL_SD_GetCardInfo), (36 bytes).
    Removing stm32f1xx_hal_sd.o(i.HAL_SD_GetCardState), (44 bytes).
    Removing stm32f1xx_hal_sd.o(i.HAL_SD_GetCardStatus), (136 bytes).
    Removing stm32f1xx_hal_sd.o(i.HAL_SD_GetError), (4 bytes).
    Removing stm32f1xx_hal_sd.o(i.HAL_SD_GetState), (6 bytes).
    Removing stm32f1xx_hal_sd.o(i.HAL_SD_IRQHandler), (520 bytes).
    Removing stm32f1xx_hal_sd.o(i.HAL_SD_Init), (54 bytes).
    Removing stm32f1xx_hal_sd.o(i.HAL_SD_InitCard), (84 bytes).
    Removing stm32f1xx_hal_sd.o(i.HAL_SD_MspDeInit), (2 bytes).
    Removing stm32f1xx_hal_sd.o(i.HAL_SD_MspInit), (2 bytes).
    Removing stm32f1xx_hal_sd.o(i.HAL_SD_ReadBlocks), (504 bytes).
    Removing stm32f1xx_hal_sd.o(i.HAL_SD_ReadBlocks_DMA), (304 bytes).
    Removing stm32f1xx_hal_sd.o(i.HAL_SD_ReadBlocks_IT), (228 bytes).
    Removing stm32f1xx_hal_sd.o(i.HAL_SD_RxCpltCallback), (2 bytes).
    Removing stm32f1xx_hal_sd.o(i.HAL_SD_TxCpltCallback), (2 bytes).
    Removing stm32f1xx_hal_sd.o(i.HAL_SD_WriteBlocks), (460 bytes).
    Removing stm32f1xx_hal_sd.o(i.HAL_SD_WriteBlocks_DMA), (308 bytes).
    Removing stm32f1xx_hal_sd.o(i.HAL_SD_WriteBlocks_IT), (224 bytes).
    Removing stm32f1xx_hal_sd.o(i.SD_DMAError), (92 bytes).
    Removing stm32f1xx_hal_sd.o(i.SD_DMAReceiveCplt), (66 bytes).
    Removing stm32f1xx_hal_sd.o(i.SD_DMARxAbort), (68 bytes).
    Removing stm32f1xx_hal_sd.o(i.SD_DMATransmitCplt), (14 bytes).
    Removing stm32f1xx_hal_sd.o(i.SD_DMATxAbort), (68 bytes).
    Removing stm32f1xx_hal_sd.o(i.SD_FindSCR), (212 bytes).
    Removing stm32f1xx_hal_sd.o(i.SD_InitCard), (238 bytes).
    Removing stm32f1xx_hal_sd.o(i.SD_PowerON), (180 bytes).
    Removing stm32f1xx_hal_sd.o(i.SD_SendSDStatus), (232 bytes).
    Removing stm32f1xx_ll_sdmmc.o(.rev16_text), (4 bytes).
    Removing stm32f1xx_ll_sdmmc.o(.revsh_text), (4 bytes).
    Removing stm32f1xx_ll_sdmmc.o(.rrx_text), (6 bytes).
    Removing stm32f1xx_ll_sdmmc.o(i.SDIO_ConfigData), (36 bytes).
    Removing stm32f1xx_ll_sdmmc.o(i.SDIO_GetCommandResponse), (6 bytes).
    Removing stm32f1xx_ll_sdmmc.o(i.SDIO_GetDataCounter), (4 bytes).
    Removing stm32f1xx_ll_sdmmc.o(i.SDIO_GetFIFOCount), (6 bytes).
    Removing stm32f1xx_ll_sdmmc.o(i.SDIO_GetPowerState), (8 bytes).
    Removing stm32f1xx_ll_sdmmc.o(i.SDIO_GetResponse), (6 bytes).
    Removing stm32f1xx_ll_sdmmc.o(i.SDIO_Init), (36 bytes).
    Removing stm32f1xx_ll_sdmmc.o(i.SDIO_PowerState_OFF), (8 bytes).
    Removing stm32f1xx_ll_sdmmc.o(i.SDIO_PowerState_ON), (16 bytes).
    Removing stm32f1xx_ll_sdmmc.o(i.SDIO_ReadFIFO), (6 bytes).
    Removing stm32f1xx_ll_sdmmc.o(i.SDIO_SendCommand), (32 bytes).
    Removing stm32f1xx_ll_sdmmc.o(i.SDIO_SetSDMMCReadWaitMode), (14 bytes).
    Removing stm32f1xx_ll_sdmmc.o(i.SDIO_WriteFIFO), (10 bytes).
    Removing stm32f1xx_ll_sdmmc.o(i.SDMMC_CmdAppCommand), (50 bytes).
    Removing stm32f1xx_ll_sdmmc.o(i.SDMMC_CmdAppOperCommand), (52 bytes).
    Removing stm32f1xx_ll_sdmmc.o(i.SDMMC_CmdBlockLength), (50 bytes).
    Removing stm32f1xx_ll_sdmmc.o(i.SDMMC_CmdBusWidth), (50 bytes).
    Removing stm32f1xx_ll_sdmmc.o(i.SDMMC_CmdErase), (48 bytes).
    Removing stm32f1xx_ll_sdmmc.o(i.SDMMC_CmdEraseEndAdd), (50 bytes).
    Removing stm32f1xx_ll_sdmmc.o(i.SDMMC_CmdEraseStartAdd), (50 bytes).
    Removing stm32f1xx_ll_sdmmc.o(i.SDMMC_CmdGoIdleState), (80 bytes).
    Removing stm32f1xx_ll_sdmmc.o(i.SDMMC_CmdOpCondition), (44 bytes).
    Removing stm32f1xx_ll_sdmmc.o(i.SDMMC_CmdOperCond), (116 bytes).
    Removing stm32f1xx_ll_sdmmc.o(i.SDMMC_CmdReadMultiBlock), (50 bytes).
    Removing stm32f1xx_ll_sdmmc.o(i.SDMMC_CmdReadSingleBlock), (50 bytes).
    Removing stm32f1xx_ll_sdmmc.o(i.SDMMC_CmdSDEraseEndAdd), (50 bytes).
    Removing stm32f1xx_ll_sdmmc.o(i.SDMMC_CmdSDEraseStartAdd), (50 bytes).
    Removing stm32f1xx_ll_sdmmc.o(i.SDMMC_CmdSelDesel), (50 bytes).
    Removing stm32f1xx_ll_sdmmc.o(i.SDMMC_CmdSendCID), (44 bytes).
    Removing stm32f1xx_ll_sdmmc.o(i.SDMMC_CmdSendCSD), (44 bytes).
    Removing stm32f1xx_ll_sdmmc.o(i.SDMMC_CmdSendSCR), (48 bytes).
    Removing stm32f1xx_ll_sdmmc.o(i.SDMMC_CmdSendStatus), (50 bytes).
    Removing stm32f1xx_ll_sdmmc.o(i.SDMMC_CmdSetRelAdd), (48 bytes).
    Removing stm32f1xx_ll_sdmmc.o(i.SDMMC_CmdStatusRegister), (48 bytes).
    Removing stm32f1xx_ll_sdmmc.o(i.SDMMC_CmdStopTransfer), (52 bytes).
    Removing stm32f1xx_ll_sdmmc.o(i.SDMMC_CmdSwitch), (50 bytes).
    Removing stm32f1xx_ll_sdmmc.o(i.SDMMC_CmdWriteMultiBlock), (50 bytes).
    Removing stm32f1xx_ll_sdmmc.o(i.SDMMC_CmdWriteSingleBlock), (50 bytes).
    Removing stm32f1xx_ll_sdmmc.o(i.SDMMC_GetCmdResp1), (288 bytes).
    Removing stm32f1xx_ll_sdmmc.o(i.SDMMC_GetCmdResp2), (80 bytes).
    Removing stm32f1xx_ll_sdmmc.o(i.SDMMC_GetCmdResp3), (68 bytes).
    Removing stm32f1xx_ll_sdmmc.o(i.SDMMC_GetCmdResp6), (136 bytes).
    Removing main.o(.rev16_text), (4 bytes).
    Removing main.o(.revsh_text), (4 bytes).
    Removing main.o(.rrx_text), (6 bytes).
    Removing diskio.o(.rev16_text), (4 bytes).
    Removing diskio.o(.revsh_text), (4 bytes).
    Removing diskio.o(.rrx_text), (6 bytes).
    Removing diskio.o(i.disk_initialize), (20 bytes).
    Removing diskio.o(i.disk_ioctl), (68 bytes).
    Removing diskio.o(i.disk_read), (26 bytes).
    Removing diskio.o(i.disk_status), (4 bytes).
    Removing diskio.o(i.disk_write), (26 bytes).
    Removing diskio.o(i.get_fattime), (60 bytes).
    Removing ff.o(i.check_fs), (208 bytes).
    Removing ff.o(i.clmt_clust), (38 bytes).
    Removing ff.o(i.clst2sect), (24 bytes).
    Removing ff.o(i.cmp_lfn), (128 bytes).
    Removing ff.o(i.create_chain), (218 bytes).
    Removing ff.o(i.create_name), (576 bytes).
    Removing ff.o(i.create_partition), (312 bytes).
    Removing ff.o(i.dbc_1st), (8 bytes).
    Removing ff.o(i.dir_alloc), (72 bytes).
    Removing ff.o(i.dir_clear), (88 bytes).
    Removing ff.o(i.dir_find), (190 bytes).
    Removing ff.o(i.dir_next), (188 bytes).
    Removing ff.o(i.dir_read), (182 bytes).
    Removing ff.o(i.dir_register), (428 bytes).
    Removing ff.o(i.dir_remove), (78 bytes).
    Removing ff.o(i.dir_sdi), (142 bytes).
    Removing ff.o(i.f_close), (30 bytes).
    Removing ff.o(i.f_closedir), (20 bytes).
    Removing ff.o(i.f_getfree), (206 bytes).
    Removing ff.o(i.f_getlabel), (150 bytes).
    Removing ff.o(i.f_gets), (68 bytes).
    Removing ff.o(i.f_lseek), (570 bytes).
    Removing ff.o(i.f_mkdir), (258 bytes).
    Removing ff.o(i.f_mkfs), (1464 bytes).
    Removing ff.o(i.f_mount), (76 bytes).
    Removing ff.o(i.f_open), (450 bytes).
    Removing ff.o(i.f_opendir), (98 bytes).
    Removing ff.o(i.f_printf), (702 bytes).
    Removing ff.o(i.f_putc), (30 bytes).
    Removing ff.o(i.f_puts), (36 bytes).
    Removing ff.o(i.f_read), (374 bytes).
    Removing ff.o(i.f_readdir), (64 bytes).
    Removing ff.o(i.f_rename), (250 bytes).
    Removing ff.o(i.f_setlabel), (252 bytes).
    Removing ff.o(i.f_stat), (60 bytes).
    Removing ff.o(i.f_sync), (142 bytes).
    Removing ff.o(i.f_truncate), (162 bytes).
    Removing ff.o(i.f_unlink), (146 bytes).
    Removing ff.o(i.f_write), (434 bytes).
    Removing ff.o(i.follow_path), (124 bytes).
    Removing ff.o(i.ftoa), (472 bytes).
    Removing ff.o(i.gen_numname), (156 bytes).
    Removing ff.o(i.get_fat), (232 bytes).
    Removing ff.o(i.get_fileinfo), (338 bytes).
    Removing ff.o(i.get_ldnumber), (56 bytes).
    Removing ff.o(i.i10x), (100 bytes).
    Removing ff.o(i.ilog10), (188 bytes).
    Removing ff.o(i.ld_clust), (38 bytes).
    Removing ff.o(i.ld_dword), (22 bytes).
    Removing ff.o(i.ld_word), (10 bytes).
    Removing ff.o(i.mount_volume), (648 bytes).
    Removing ff.o(i.move_window), (50 bytes).
    Removing ff.o(i.pick_lfn), (116 bytes).
    Removing ff.o(i.put_fat), (292 bytes).
    Removing ff.o(i.putc_bfd), (58 bytes).
    Removing ff.o(i.putc_flush), (42 bytes).
    Removing ff.o(i.putc_init), (16 bytes).
    Removing ff.o(i.remove_chain), (116 bytes).
    Removing ff.o(i.st_clust), (40 bytes).
    Removing ff.o(i.st_dword), (16 bytes).
    Removing ff.o(i.st_word), (8 bytes).
    Removing ff.o(i.sum_sfn), (26 bytes).
    Removing ff.o(i.sync_fs), (132 bytes).
    Removing ff.o(i.sync_window), (70 bytes).
    Removing ff.o(i.tchar2uni), (52 bytes).
    Removing ff.o(i.validate), (52 bytes).
    Removing ff.o(.bss), (512 bytes).
    Removing ff.o(.constdata), (204 bytes).
    Removing ff.o(.data), (12 bytes).
    Removing ffunicode.o(i.ff_oem2uni), (48 bytes).
    Removing ffunicode.o(i.ff_uni2oem), (60 bytes).
    Removing ffunicode.o(i.ff_wtoupper), (136 bytes).
    Removing ffunicode.o(.constdata), (942 bytes).
    Removing mbutils.o(i.xMBUtilGetBits), (34 bytes).
    Removing mbutils.o(i.xMBUtilSetBits), (50 bytes).
    Removing mbcrc.o(i.usMBCRC16), (44 bytes).
    Removing mbcrc.o(.constdata), (512 bytes).
    Removing mbrtu.o(i.eMBRTUInit), (60 bytes).
    Removing mbrtu.o(i.eMBRTUReceive), (80 bytes).
    Removing mbrtu.o(i.eMBRTUSend), (108 bytes).
    Removing mbrtu.o(i.eMBRTUStart), (28 bytes).
    Removing mbrtu.o(i.eMBRTUStop), (18 bytes).
    Removing mbrtu.o(i.xMBRTUReceiveFSM), (104 bytes).
    Removing mbrtu.o(i.xMBRTUTimerT35Expired), (64 bytes).
    Removing mbrtu.o(i.xMBRTUTransmitFSM), (92 bytes).
    Removing mbrtu.o(.bss), (256 bytes).
    Removing mbrtu.o(.data), (12 bytes).
    Removing mb.o(i.eMBClose), (32 bytes).
    Removing mb.o(i.eMBDisable), (32 bytes).
    Removing mb.o(i.eMBEnable), (32 bytes).
    Removing mb.o(i.eMBInit), (128 bytes).
    Removing mb.o(i.eMBPoll), (180 bytes).
    Removing mb.o(i.eMBRegisterCB), (96 bytes).
    Removing mb.o(.data), (4 bytes).
    Removing mb.o(.data), (4 bytes).
    Removing modbus_slave.o(i.Modbus_Init), (26 bytes).
    Removing portevent.o(i.xMBPortEventGet), (28 bytes).
    Removing portevent.o(i.xMBPortEventInit), (16 bytes).
    Removing portevent.o(i.xMBPortEventPost), (16 bytes).
    Removing portevent.o(.data), (2 bytes).
    Removing portserial.o(.rev16_text), (4 bytes).
    Removing portserial.o(.revsh_text), (4 bytes).
    Removing portserial.o(.rrx_text), (6 bytes).
    Removing portserial.o(i.Modbus_GPIOInit), (116 bytes).
    Removing portserial.o(i.Modbus_UsartInit), (100 bytes).
    Removing portserial.o(i.vMBPortSerialEnable), (88 bytes).
    Removing portserial.o(i.xMBPortSerialGetByte), (24 bytes).
    Removing portserial.o(i.xMBPortSerialInit), (68 bytes).
    Removing portserial.o(i.xMBPortSerialPutByte), (24 bytes).
    Removing porttimer.o(.rev16_text), (4 bytes).
    Removing porttimer.o(.revsh_text), (4 bytes).
    Removing porttimer.o(.rrx_text), (6 bytes).
    Removing porttimer.o(i.xMBPortTimersInit), (96 bytes).
    Removing wifi_app.o(.rev16_text), (4 bytes).
    Removing wifi_app.o(.revsh_text), (4 bytes).
    Removing wifi_app.o(.rrx_text), (6 bytes).
    Removing retarget_io.o(i.__aeabi_assert), (144 bytes).
    Removing retarget_io.o(i.__backspace), (6 bytes).
    Removing retarget_io.o(i.abort), (2 bytes).
    Removing retarget_io.o(i.fgetc), (6 bytes).
    Removing retarget_io.o(i.fputc), (20 bytes).
    Removing dadd.o(.text), (334 bytes).
    Removing dmul.o(.text), (228 bytes).
    Removing ddiv.o(.text), (222 bytes).
    Removing dscalb.o(.text), (46 bytes).
    Removing dflti.o(.text), (34 bytes).
    Removing dfixi.o(.text), (62 bytes).
    Removing cdcmple.o(.text), (48 bytes).
    Removing cdrcmple.o(.text), (48 bytes).
    Removing depilogue.o(.text), (186 bytes).
    Removing dfixul.o(.text), (48 bytes).
    Removing porttimer.o(i.vMBPortTimersEnable), (20 bytes).
    Removing porttimer.o(i.vMBPortTimersDisable), (28 bytes).

748 unused section(s) (total 75002 bytes) removed from the image.

==============================================================================

Image Symbol Table

    Local Symbols

    Symbol Name                              Value     Ov Type        Size  Object(Section)

    ../clib/../cmprslib/zerorunl2.c          0x00000000   Number         0  __dczerorl2.o ABSOLUTE
    ../clib/microlib/division.c              0x00000000   Number         0  uldiv.o ABSOLUTE
    ../clib/microlib/division.c              0x00000000   Number         0  ldiv.o ABSOLUTE
    ../clib/microlib/division.c              0x00000000   Number         0  uidiv.o ABSOLUTE
    ../clib/microlib/init/entry.s            0x00000000   Number         0  entry7a.o ABSOLUTE
    ../clib/microlib/init/entry.s            0x00000000   Number         0  entry5.o ABSOLUTE
    ../clib/microlib/init/entry.s            0x00000000   Number         0  entry11b.o ABSOLUTE
    ../clib/microlib/init/entry.s            0x00000000   Number         0  entry8b.o ABSOLUTE
    ../clib/microlib/init/entry.s            0x00000000   Number         0  entry10b.o ABSOLUTE
    ../clib/microlib/init/entry.s            0x00000000   Number         0  entry10a.o ABSOLUTE
    ../clib/microlib/init/entry.s            0x00000000   Number         0  entry.o ABSOLUTE
    ../clib/microlib/init/entry.s            0x00000000   Number         0  entry11a.o ABSOLUTE
    ../clib/microlib/init/entry.s            0x00000000   Number         0  entry9b.o ABSOLUTE
    ../clib/microlib/init/entry.s            0x00000000   Number         0  entry9a.o ABSOLUTE
    ../clib/microlib/init/entry.s            0x00000000   Number         0  entry2.o ABSOLUTE
    ../clib/microlib/init/entry.s            0x00000000   Number         0  entry8a.o ABSOLUTE
    ../clib/microlib/init/entry.s            0x00000000   Number         0  entry7b.o ABSOLUTE
    ../clib/microlib/longlong.c              0x00000000   Number         0  llsshr.o ABSOLUTE
    ../clib/microlib/longlong.c              0x00000000   Number         0  llshl.o ABSOLUTE
    ../clib/microlib/longlong.c              0x00000000   Number         0  llushr.o ABSOLUTE
    ../clib/microlib/printf/printf.c         0x00000000   Number         0  printf8.o ABSOLUTE
    ../clib/microlib/printf/printf.c         0x00000000   Number         0  printfa.o ABSOLUTE
    ../clib/microlib/printf/printf.c         0x00000000   Number         0  printf2.o ABSOLUTE
    ../clib/microlib/printf/printf.c         0x00000000   Number         0  printfb.o ABSOLUTE
    ../clib/microlib/printf/printf.c         0x00000000   Number         0  printf0.o ABSOLUTE
    ../clib/microlib/printf/printf.c         0x00000000   Number         0  printf1.o ABSOLUTE
    ../clib/microlib/printf/printf.c         0x00000000   Number         0  printf3.o ABSOLUTE
    ../clib/microlib/printf/printf.c         0x00000000   Number         0  printf4.o ABSOLUTE
    ../clib/microlib/printf/printf.c         0x00000000   Number         0  printf5.o ABSOLUTE
    ../clib/microlib/printf/printf.c         0x00000000   Number         0  printf6.o ABSOLUTE
    ../clib/microlib/printf/printf.c         0x00000000   Number         0  printf7.o ABSOLUTE
    ../clib/microlib/printf/stubs.s          0x00000000   Number         0  stubs.o ABSOLUTE
    ../clib/microlib/stdio/fputs.c           0x00000000   Number         0  fputs.o ABSOLUTE
    ../clib/microlib/stdio/fputs.c           0x00000000   Number         0  fputs_e.o ABSOLUTE
    ../clib/microlib/stdio/streams.c         0x00000000   Number         0  stdout.o ABSOLUTE
    ../clib/microlib/stdio/streams.c         0x00000000   Number         0  stderr.o ABSOLUTE
    ../clib/microlib/string/memcmp.c         0x00000000   Number         0  memcmp.o ABSOLUTE
    ../clib/microlib/string/memcpy.c         0x00000000   Number         0  memcpyb.o ABSOLUTE
    ../clib/microlib/string/memcpy.c         0x00000000   Number         0  memcpya.o ABSOLUTE
    ../clib/microlib/string/memset.c         0x00000000   Number         0  memseta.o ABSOLUTE
    ../clib/microlib/string/strchr.c         0x00000000   Number         0  strchr.o ABSOLUTE
    ../clib/microlib/string/strlen.c         0x00000000   Number         0  strlen.o ABSOLUTE
    ../clib/microlib/string/strstr.c         0x00000000   Number         0  strstr.o ABSOLUTE
    ../clib/microlib/stubs.s                 0x00000000   Number         0  iusefp.o ABSOLUTE
    ../clib/microlib/time/localtime.c        0x00000000   Number         0  localtime.o ABSOLUTE
    ../fplib/microlib/fpadd.c                0x00000000   Number         0  dadd.o ABSOLUTE
    ../fplib/microlib/fpdiv.c                0x00000000   Number         0  ddiv.o ABSOLUTE
    ../fplib/microlib/fpepilogue.c           0x00000000   Number         0  depilogue.o ABSOLUTE
    ../fplib/microlib/fpfix.c                0x00000000   Number         0  dfixul.o ABSOLUTE
    ../fplib/microlib/fpfix.c                0x00000000   Number         0  dfixi.o ABSOLUTE
    ../fplib/microlib/fpflt.c                0x00000000   Number         0  dflti.o ABSOLUTE
    ../fplib/microlib/fpmul.c                0x00000000   Number         0  dmul.o ABSOLUTE
    ../fplib/microlib/fpscalb.c              0x00000000   Number         0  dscalb.o ABSOLUTE
    ..\APP\wifi_app.c                        0x00000000   Number         0  wifi_app.o ABSOLUTE
    ..\BSP\Calendar.c                        0x00000000   Number         0  calendar.o ABSOLUTE
    ..\BSP\ESP8266.c                         0x00000000   Number         0  esp8266.o ABSOLUTE
    ..\BSP\IIC.c                             0x00000000   Number         0  iic.o ABSOLUTE
    ..\BSP\InFared.c                         0x00000000   Number         0  infared.o ABSOLUTE
    ..\BSP\KEY.c                             0x00000000   Number         0  key.o ABSOLUTE
    ..\BSP\SPI.c                             0x00000000   Number         0  spi.o ABSOLUTE
    ..\BSP\Systick.c                         0x00000000   Number         0  systick.o ABSOLUTE
    ..\BSP\USBtoCom.c                        0x00000000   Number         0  usbtocom.o ABSOLUTE
    ..\BSP\USBtoComApp.c                     0x00000000   Number         0  usbtocomapp.o ABSOLUTE
    ..\BSP\app.c                             0x00000000   Number         0  app.o ABSOLUTE
    ..\BSP\at24c02.c                         0x00000000   Number         0  at24c02.o ABSOLUTE
    ..\BSP\delay.c                           0x00000000   Number         0  delay.o ABSOLUTE
    ..\BSP\led_driver.c                      0x00000000   Number         0  led_driver.o ABSOLUTE
    ..\BSP\noFlash.c                         0x00000000   Number         0  noflash.o ABSOLUTE
    ..\BSP\queue.c                           0x00000000   Number         0  queue.o ABSOLUTE
    ..\BSP\sdio_sdcard.c                     0x00000000   Number         0  sdio_sdcard.o ABSOLUTE
    ..\Core\startup_stm32f103xe.s            0x00000000   Number         0  startup_stm32f103xe.o ABSOLUTE
    ..\Core\stm32f1xx_clk.c                  0x00000000   Number         0  stm32f1xx_clk.o ABSOLUTE
    ..\Core\stm32f1xx_it.c                   0x00000000   Number         0  stm32f1xx_it.o ABSOLUTE
    ..\Core\system_stm32f1xx.c               0x00000000   Number         0  system_stm32f1xx.o ABSOLUTE
    ..\Drv_Modbus\portevent.c                0x00000000   Number         0  portevent.o ABSOLUTE
    ..\Drv_Modbus\portserial.c               0x00000000   Number         0  portserial.o ABSOLUTE
    ..\Drv_Modbus\porttimer.c                0x00000000   Number         0  porttimer.o ABSOLUTE
    ..\Fatfs\diskio.c                        0x00000000   Number         0  diskio.o ABSOLUTE
    ..\Fatfs\ff.c                            0x00000000   Number         0  ff.o ABSOLUTE
    ..\Fatfs\ffsystem.c                      0x00000000   Number         0  ffsystem.o ABSOLUTE
    ..\Fatfs\ffunicode.c                     0x00000000   Number         0  ffunicode.o ABSOLUTE
    ..\HAL_Driver\Src\stm32f1xx_hal.c        0x00000000   Number         0  stm32f1xx_hal.o ABSOLUTE
    ..\HAL_Driver\Src\stm32f1xx_hal_cortex.c 0x00000000   Number         0  stm32f1xx_hal_cortex.o ABSOLUTE
    ..\HAL_Driver\Src\stm32f1xx_hal_dma.c    0x00000000   Number         0  stm32f1xx_hal_dma.o ABSOLUTE
    ..\HAL_Driver\Src\stm32f1xx_hal_gpio.c   0x00000000   Number         0  stm32f1xx_hal_gpio.o ABSOLUTE
    ..\HAL_Driver\Src\stm32f1xx_hal_gpio_ex.c 0x00000000   Number         0  stm32f1xx_hal_gpio_ex.o ABSOLUTE
    ..\HAL_Driver\Src\stm32f1xx_hal_pwr.c    0x00000000   Number         0  stm32f1xx_hal_pwr.o ABSOLUTE
    ..\HAL_Driver\Src\stm32f1xx_hal_rcc.c    0x00000000   Number         0  stm32f1xx_hal_rcc.o ABSOLUTE
    ..\HAL_Driver\Src\stm32f1xx_hal_rcc_ex.c 0x00000000   Number         0  stm32f1xx_hal_rcc_ex.o ABSOLUTE
    ..\HAL_Driver\Src\stm32f1xx_hal_rtc.c    0x00000000   Number         0  stm32f1xx_hal_rtc.o ABSOLUTE
    ..\HAL_Driver\Src\stm32f1xx_hal_rtc_ex.c 0x00000000   Number         0  stm32f1xx_hal_rtc_ex.o ABSOLUTE
    ..\HAL_Driver\Src\stm32f1xx_hal_sd.c     0x00000000   Number         0  stm32f1xx_hal_sd.o ABSOLUTE
    ..\HAL_Driver\Src\stm32f1xx_hal_spi.c    0x00000000   Number         0  stm32f1xx_hal_spi.o ABSOLUTE
    ..\HAL_Driver\Src\stm32f1xx_hal_tim.c    0x00000000   Number         0  stm32f1xx_hal_tim.o ABSOLUTE
    ..\HAL_Driver\Src\stm32f1xx_hal_tim_ex.c 0x00000000   Number         0  stm32f1xx_hal_tim_ex.o ABSOLUTE
    ..\HAL_Driver\Src\stm32f1xx_hal_uart.c   0x00000000   Number         0  stm32f1xx_hal_uart.o ABSOLUTE
    ..\HAL_Driver\Src\stm32f1xx_ll_sdmmc.c   0x00000000   Number         0  stm32f1xx_ll_sdmmc.o ABSOLUTE
    ..\Mid_Modbus\functions\mbfuncholding.c  0x00000000   Number         0  mbfuncholding.o ABSOLUTE
    ..\Mid_Modbus\functions\mbutils.c        0x00000000   Number         0  mbutils.o ABSOLUTE
    ..\Mid_Modbus\mb.c                       0x00000000   Number         0  mb.o ABSOLUTE
    ..\Mid_Modbus\modbus_slave.c             0x00000000   Number         0  modbus_slave.o ABSOLUTE
    ..\Mid_Modbus\rtu\mbcrc.c                0x00000000   Number         0  mbcrc.o ABSOLUTE
    ..\Mid_Modbus\rtu\mbrtu.c                0x00000000   Number         0  mbrtu.o ABSOLUTE
    ..\User\main.c                           0x00000000   Number         0  main.o ABSOLUTE
    ..\\APP\\wifi_app.c                      0x00000000   Number         0  wifi_app.o ABSOLUTE
    ..\\BSP\\Calendar.c                      0x00000000   Number         0  calendar.o ABSOLUTE
    ..\\BSP\\ESP8266.c                       0x00000000   Number         0  esp8266.o ABSOLUTE
    ..\\BSP\\IIC.c                           0x00000000   Number         0  iic.o ABSOLUTE
    ..\\BSP\\InFared.c                       0x00000000   Number         0  infared.o ABSOLUTE
    ..\\BSP\\KEY.c                           0x00000000   Number         0  key.o ABSOLUTE
    ..\\BSP\\SPI.c                           0x00000000   Number         0  spi.o ABSOLUTE
    ..\\BSP\\Systick.c                       0x00000000   Number         0  systick.o ABSOLUTE
    ..\\BSP\\USBtoCom.c                      0x00000000   Number         0  usbtocom.o ABSOLUTE
    ..\\BSP\\USBtoComApp.c                   0x00000000   Number         0  usbtocomapp.o ABSOLUTE
    ..\\BSP\\app.c                           0x00000000   Number         0  app.o ABSOLUTE
    ..\\BSP\\at24c02.c                       0x00000000   Number         0  at24c02.o ABSOLUTE
    ..\\BSP\\delay.c                         0x00000000   Number         0  delay.o ABSOLUTE
    ..\\BSP\\led_driver.c                    0x00000000   Number         0  led_driver.o ABSOLUTE
    ..\\BSP\\noFlash.c                       0x00000000   Number         0  noflash.o ABSOLUTE
    ..\\BSP\\queue.c                         0x00000000   Number         0  queue.o ABSOLUTE
    ..\\BSP\\sdio_sdcard.c                   0x00000000   Number         0  sdio_sdcard.o ABSOLUTE
    ..\\Core\\stm32f1xx_clk.c                0x00000000   Number         0  stm32f1xx_clk.o ABSOLUTE
    ..\\Core\\stm32f1xx_it.c                 0x00000000   Number         0  stm32f1xx_it.o ABSOLUTE
    ..\\Core\\system_stm32f1xx.c             0x00000000   Number         0  system_stm32f1xx.o ABSOLUTE
    ..\\Drv_Modbus\\portserial.c             0x00000000   Number         0  portserial.o ABSOLUTE
    ..\\Drv_Modbus\\porttimer.c              0x00000000   Number         0  porttimer.o ABSOLUTE
    ..\\Fatfs\\diskio.c                      0x00000000   Number         0  diskio.o ABSOLUTE
    ..\\HAL_Driver\\Src\\stm32f1xx_hal.c     0x00000000   Number         0  stm32f1xx_hal.o ABSOLUTE
    ..\\HAL_Driver\\Src\\stm32f1xx_hal_cortex.c 0x00000000   Number         0  stm32f1xx_hal_cortex.o ABSOLUTE
    ..\\HAL_Driver\\Src\\stm32f1xx_hal_dma.c 0x00000000   Number         0  stm32f1xx_hal_dma.o ABSOLUTE
    ..\\HAL_Driver\\Src\\stm32f1xx_hal_gpio.c 0x00000000   Number         0  stm32f1xx_hal_gpio.o ABSOLUTE
    ..\\HAL_Driver\\Src\\stm32f1xx_hal_gpio_ex.c 0x00000000   Number         0  stm32f1xx_hal_gpio_ex.o ABSOLUTE
    ..\\HAL_Driver\\Src\\stm32f1xx_hal_pwr.c 0x00000000   Number         0  stm32f1xx_hal_pwr.o ABSOLUTE
    ..\\HAL_Driver\\Src\\stm32f1xx_hal_rcc.c 0x00000000   Number         0  stm32f1xx_hal_rcc.o ABSOLUTE
    ..\\HAL_Driver\\Src\\stm32f1xx_hal_rcc_ex.c 0x00000000   Number         0  stm32f1xx_hal_rcc_ex.o ABSOLUTE
    ..\\HAL_Driver\\Src\\stm32f1xx_hal_rtc.c 0x00000000   Number         0  stm32f1xx_hal_rtc.o ABSOLUTE
    ..\\HAL_Driver\\Src\\stm32f1xx_hal_rtc_ex.c 0x00000000   Number         0  stm32f1xx_hal_rtc_ex.o ABSOLUTE
    ..\\HAL_Driver\\Src\\stm32f1xx_hal_sd.c  0x00000000   Number         0  stm32f1xx_hal_sd.o ABSOLUTE
    ..\\HAL_Driver\\Src\\stm32f1xx_hal_spi.c 0x00000000   Number         0  stm32f1xx_hal_spi.o ABSOLUTE
    ..\\HAL_Driver\\Src\\stm32f1xx_hal_tim.c 0x00000000   Number         0  stm32f1xx_hal_tim.o ABSOLUTE
    ..\\HAL_Driver\\Src\\stm32f1xx_hal_tim_ex.c 0x00000000   Number         0  stm32f1xx_hal_tim_ex.o ABSOLUTE
    ..\\HAL_Driver\\Src\\stm32f1xx_hal_uart.c 0x00000000   Number         0  stm32f1xx_hal_uart.o ABSOLUTE
    ..\\HAL_Driver\\Src\\stm32f1xx_ll_sdmmc.c 0x00000000   Number         0  stm32f1xx_ll_sdmmc.o ABSOLUTE
    ..\\User\\main.c                         0x00000000   Number         0  main.o ABSOLUTE
    D:\software\stm32\Keil\KIEL_OTHER\Keil\ARM_Compiler\1.0.0\Source\retarget_io.c 0x00000000   Number         0  retarget_io.o ABSOLUTE
    cdcmple.s                                0x00000000   Number         0  cdcmple.o ABSOLUTE
    cdrcmple.s                               0x00000000   Number         0  cdrcmple.o ABSOLUTE
    dc.s                                     0x00000000   Number         0  dc.o ABSOLUTE
    handlers.s                               0x00000000   Number         0  handlers.o ABSOLUTE
    init.s                                   0x00000000   Number         0  init.o ABSOLUTE
    RESET                                    0x08000000   Section      304  startup_stm32f103xe.o(RESET)
    .ARM.Collect$$$$00000000                 0x08000130   Section        0  entry.o(.ARM.Collect$$$$00000000)
    .ARM.Collect$$$$00000001                 0x08000130   Section        4  entry2.o(.ARM.Collect$$$$00000001)
    .ARM.Collect$$$$00000004                 0x08000134   Section        4  entry5.o(.ARM.Collect$$$$00000004)
    .ARM.Collect$$$$00000008                 0x08000138   Section        0  entry7b.o(.ARM.Collect$$$$00000008)
    .ARM.Collect$$$$0000000A                 0x08000138   Section        0  entry8b.o(.ARM.Collect$$$$0000000A)
    .ARM.Collect$$$$0000000B                 0x08000138   Section        8  entry9a.o(.ARM.Collect$$$$0000000B)
    .ARM.Collect$$$$0000000D                 0x08000140   Section        0  entry10a.o(.ARM.Collect$$$$0000000D)
    .ARM.Collect$$$$0000000F                 0x08000140   Section        0  entry11a.o(.ARM.Collect$$$$0000000F)
    .ARM.Collect$$$$00002712                 0x08000140   Section        4  entry2.o(.ARM.Collect$$$$00002712)
    __lit__00000000                          0x08000140   Data           4  entry2.o(.ARM.Collect$$$$00002712)
    .text                                    0x08000144   Section       36  startup_stm32f103xe.o(.text)
    .text                                    0x08000168   Section        0  uldiv.o(.text)
    .text                                    0x080001ca   Section        0  memseta.o(.text)
    .text                                    0x080001ee   Section        0  strstr.o(.text)
    .text                                    0x08000212   Section        0  strlen.o(.text)
    .text                                    0x08000220   Section        0  llshl.o(.text)
    .text                                    0x0800023e   Section        0  llushr.o(.text)
    .text                                    0x08000260   Section       36  init.o(.text)
    .text                                    0x08000284   Section        0  __dczerorl2.o(.text)
    i.AtCmdHandle                            0x080002dc   Section        0  wifi_app.o(i.AtCmdHandle)
    i.BusFault_Handler                       0x0800037c   Section        0  stm32f1xx_it.o(i.BusFault_Handler)
    i.Calendar_Init                          0x0800037e   Section        0  calendar.o(i.Calendar_Init)
    i.CheckWifiModuleWork                    0x08000384   Section        0  wifi_app.o(i.CheckWifiModuleWork)
    i.DMA_SetConfig                          0x08000494   Section        0  stm32f1xx_hal_dma.o(i.DMA_SetConfig)
    DMA_SetConfig                            0x08000495   Thumb Code    42  stm32f1xx_hal_dma.o(i.DMA_SetConfig)
    i.DebugMon_Handler                       0x080004be   Section        0  stm32f1xx_it.o(i.DebugMon_Handler)
    i.DelayNums                              0x080004c0   Section        0  delay.o(i.DelayNums)
    i.DelayNus                               0x080004dc   Section        0  delay.o(i.DelayNus)
    i.Delay_Init                             0x080004f4   Section        0  delay.o(i.Delay_Init)
    i.EPS8266_Clear                          0x08000528   Section        0  esp8266.o(i.EPS8266_Clear)
    i.EPS8266_READ                           0x08000534   Section        0  esp8266.o(i.EPS8266_READ)
    i.ESP8266_GPIOInit                       0x08000548   Section        0  esp8266.o(i.ESP8266_GPIOInit)
    ESP8266_GPIOInit                         0x08000549   Thumb Code   104  esp8266.o(i.ESP8266_GPIOInit)
    i.ESP8266_Init                           0x080005bc   Section        0  esp8266.o(i.ESP8266_Init)
    i.ESP8266_UARTInit                       0x080005d0   Section        0  esp8266.o(i.ESP8266_UARTInit)
    ESP8266_UARTInit                         0x080005d1   Thumb Code   102  esp8266.o(i.ESP8266_UARTInit)
    i.ESP8266_Write                          0x08000644   Section        0  esp8266.o(i.ESP8266_Write)
    i.ESP8266_dmaInit                        0x08000658   Section        0  esp8266.o(i.ESP8266_dmaInit)
    ESP8266_dmaInit                          0x08000659   Thumb Code    54  esp8266.o(i.ESP8266_dmaInit)
    i.GPIO_CLK_ENABLE                        0x0800069c   Section        0  led_driver.o(i.GPIO_CLK_ENABLE)
    i.Get_Work_Time                          0x0800075c   Section        0  systick.o(i.Get_Work_Time)
    i.HAL_DMA_Abort                          0x08000768   Section        0  stm32f1xx_hal_dma.o(i.HAL_DMA_Abort)
    i.HAL_DMA_Init                           0x080007b0   Section        0  stm32f1xx_hal_dma.o(i.HAL_DMA_Init)
    i.HAL_DMA_Start_IT                       0x0800082c   Section        0  stm32f1xx_hal_dma.o(i.HAL_DMA_Start_IT)
    i.HAL_GPIO_Init                          0x0800089c   Section        0  stm32f1xx_hal_gpio.o(i.HAL_GPIO_Init)
    i.HAL_GPIO_WritePin                      0x08000a94   Section        0  stm32f1xx_hal_gpio.o(i.HAL_GPIO_WritePin)
    i.HAL_GetTick                            0x08000aa0   Section        0  stm32f1xx_hal.o(i.HAL_GetTick)
    i.HAL_Init                               0x08000aac   Section        0  stm32f1xx_hal.o(i.HAL_Init)
    i.HAL_InitTick                           0x08000ad0   Section        0  stm32f1xx_hal.o(i.HAL_InitTick)
    i.HAL_MspInit                            0x08000b10   Section        0  stm32f1xx_hal.o(i.HAL_MspInit)
    i.HAL_NVIC_EnableIRQ                     0x08000b12   Section        0  stm32f1xx_hal_cortex.o(i.HAL_NVIC_EnableIRQ)
    i.HAL_NVIC_SetPriority                   0x08000b2c   Section        0  stm32f1xx_hal_cortex.o(i.HAL_NVIC_SetPriority)
    i.HAL_NVIC_SetPriorityGrouping           0x08000b6c   Section        0  stm32f1xx_hal_cortex.o(i.HAL_NVIC_SetPriorityGrouping)
    i.HAL_PWR_EnableBkUpAccess               0x08000b90   Section        0  stm32f1xx_hal_pwr.o(i.HAL_PWR_EnableBkUpAccess)
    i.HAL_RCCEx_GetPeriphCLKFreq             0x08000b9c   Section        0  stm32f1xx_hal_rcc_ex.o(i.HAL_RCCEx_GetPeriphCLKFreq)
    i.HAL_RCCEx_PeriphCLKConfig              0x08000c70   Section        0  stm32f1xx_hal_rcc_ex.o(i.HAL_RCCEx_PeriphCLKConfig)
    i.HAL_RCC_ClockConfig                    0x08000d5c   Section        0  stm32f1xx_hal_rcc.o(i.HAL_RCC_ClockConfig)
    i.HAL_RCC_GetPCLK1Freq                   0x08000e88   Section        0  stm32f1xx_hal_rcc.o(i.HAL_RCC_GetPCLK1Freq)
    i.HAL_RCC_GetPCLK2Freq                   0x08000ea8   Section        0  stm32f1xx_hal_rcc.o(i.HAL_RCC_GetPCLK2Freq)
    i.HAL_RCC_GetSysClockFreq                0x08000ec8   Section        0  stm32f1xx_hal_rcc.o(i.HAL_RCC_GetSysClockFreq)
    i.HAL_RCC_OscConfig                      0x08000f34   Section        0  stm32f1xx_hal_rcc.o(i.HAL_RCC_OscConfig)
    i.HAL_RTCEx_BKUPRead                     0x08001254   Section        0  stm32f1xx_hal_rtc_ex.o(i.HAL_RTCEx_BKUPRead)
    i.HAL_RTCEx_BKUPWrite                    0x08001264   Section        0  stm32f1xx_hal_rtc_ex.o(i.HAL_RTCEx_BKUPWrite)
    i.HAL_RTC_Init                           0x08001274   Section        0  stm32f1xx_hal_rtc.o(i.HAL_RTC_Init)
    i.HAL_RTC_MspInit                        0x08001314   Section        0  stm32f1xx_hal_rtc.o(i.HAL_RTC_MspInit)
    i.HAL_RTC_WaitForSynchro                 0x08001316   Section        0  stm32f1xx_hal_rtc.o(i.HAL_RTC_WaitForSynchro)
    i.HAL_SPI_Init                           0x08001350   Section        0  stm32f1xx_hal_spi.o(i.HAL_SPI_Init)
    i.HAL_SPI_MspInit                        0x080013d8   Section        0  stm32f1xx_hal_spi.o(i.HAL_SPI_MspInit)
    i.HAL_SYSTICK_Config                     0x080013da   Section        0  stm32f1xx_hal_cortex.o(i.HAL_SYSTICK_Config)
    i.HAL_TIM_ReadCapturedValue              0x08001402   Section        0  stm32f1xx_hal_tim.o(i.HAL_TIM_ReadCapturedValue)
    i.HAL_UART_DMAStop                       0x0800142c   Section        0  stm32f1xx_hal_uart.o(i.HAL_UART_DMAStop)
    i.HAL_UART_ErrorCallback                 0x08001484   Section        0  stm32f1xx_hal_uart.o(i.HAL_UART_ErrorCallback)
    i.HAL_UART_Init                          0x08001486   Section        0  stm32f1xx_hal_uart.o(i.HAL_UART_Init)
    i.HAL_UART_MspInit                       0x080014e8   Section        0  stm32f1xx_hal_uart.o(i.HAL_UART_MspInit)
    i.HAL_UART_Receive_DMA                   0x080014ec   Section        0  stm32f1xx_hal_uart.o(i.HAL_UART_Receive_DMA)
    i.HAL_UART_RxCpltCallback                0x08001584   Section        0  stm32f1xx_hal_uart.o(i.HAL_UART_RxCpltCallback)
    i.HAL_UART_RxHalfCpltCallback            0x08001586   Section        0  stm32f1xx_hal_uart.o(i.HAL_UART_RxHalfCpltCallback)
    i.HAL_UART_Transmit                      0x08001588   Section        0  stm32f1xx_hal_uart.o(i.HAL_UART_Transmit)
    i.HardFault_Handler                      0x08001642   Section        0  stm32f1xx_it.o(i.HardFault_Handler)
    i.IIC_Init                               0x08001644   Section        0  iic.o(i.IIC_Init)
    i.Led_DrvInit                            0x0800168c   Section        0  led_driver.o(i.Led_DrvInit)
    i.MemManage_Handler                      0x080016d8   Section        0  stm32f1xx_it.o(i.MemManage_Handler)
    i.NMI_Handler                            0x080016da   Section        0  stm32f1xx_it.o(i.NMI_Handler)
    i.ParseIrFrame                           0x080016dc   Section        0  infared.o(i.ParseIrFrame)
    ParseIrFrame                             0x080016dd   Thumb Code   120  infared.o(i.ParseIrFrame)
    i.PendSV_Handler                         0x0800175c   Section        0  stm32f1xx_it.o(i.PendSV_Handler)
    i.QueuePush                              0x0800175e   Section        0  queue.o(i.QueuePush)
    i.QueuePushArry                          0x08001782   Section        0  queue.o(i.QueuePushArry)
    i.RTC_EnterInitMode                      0x080017a4   Section        0  stm32f1xx_hal_rtc.o(i.RTC_EnterInitMode)
    RTC_EnterInitMode                        0x080017a5   Thumb Code    52  stm32f1xx_hal_rtc.o(i.RTC_EnterInitMode)
    i.RTC_ExitInitMode                       0x080017d8   Section        0  stm32f1xx_hal_rtc.o(i.RTC_ExitInitMode)
    RTC_ExitInitMode                         0x080017d9   Thumb Code    54  stm32f1xx_hal_rtc.o(i.RTC_ExitInitMode)
    i.RTC_IRQHandler                         0x08001810   Section        0  calendar.o(i.RTC_IRQHandler)
    i.RTC_Init                               0x08001830   Section        0  calendar.o(i.RTC_Init)
    RTC_Init                                 0x08001831   Thumb Code   230  calendar.o(i.RTC_Init)
    i.SPI1_GPIO_Init                         0x08001928   Section        0  spi.o(i.SPI1_GPIO_Init)
    SPI1_GPIO_Init                           0x08001929   Thumb Code   118  spi.o(i.SPI1_GPIO_Init)
    i.SPI1_Init                              0x080019a8   Section        0  spi.o(i.SPI1_Init)
    i.SVC_Handler                            0x080019f8   Section        0  stm32f1xx_it.o(i.SVC_Handler)
    i.SysTick_Handler                        0x080019fc   Section        0  systick.o(i.SysTick_Handler)
    i.SystemClock_Config                     0x08001a1c   Section        0  stm32f1xx_clk.o(i.SystemClock_Config)
    i.SystemInit                             0x08001a78   Section        0  system_stm32f1xx.o(i.SystemInit)
    i.TIM3_IRQHandler                        0x08001ac0   Section        0  infared.o(i.TIM3_IRQHandler)
    i.TIM6_IRQHandler                        0x08001af8   Section        0  porttimer.o(i.TIM6_IRQHandler)
    i.UART_DMAError                          0x08001b20   Section        0  stm32f1xx_hal_uart.o(i.UART_DMAError)
    UART_DMAError                            0x08001b21   Thumb Code    74  stm32f1xx_hal_uart.o(i.UART_DMAError)
    i.UART_DMAReceiveCplt                    0x08001b6a   Section        0  stm32f1xx_hal_uart.o(i.UART_DMAReceiveCplt)
    UART_DMAReceiveCplt                      0x08001b6b   Thumb Code    60  stm32f1xx_hal_uart.o(i.UART_DMAReceiveCplt)
    i.UART_DMARxHalfCplt                     0x08001ba6   Section        0  stm32f1xx_hal_uart.o(i.UART_DMARxHalfCplt)
    UART_DMARxHalfCplt                       0x08001ba7   Thumb Code    10  stm32f1xx_hal_uart.o(i.UART_DMARxHalfCplt)
    i.UART_EndRxTransfer                     0x08001bb0   Section        0  stm32f1xx_hal_uart.o(i.UART_EndRxTransfer)
    UART_EndRxTransfer                       0x08001bb1   Thumb Code    28  stm32f1xx_hal_uart.o(i.UART_EndRxTransfer)
    i.UART_EndTxTransfer                     0x08001bcc   Section        0  stm32f1xx_hal_uart.o(i.UART_EndTxTransfer)
    UART_EndTxTransfer                       0x08001bcd   Thumb Code    18  stm32f1xx_hal_uart.o(i.UART_EndTxTransfer)
    i.UART_SetConfig                         0x08001be0   Section        0  stm32f1xx_hal_uart.o(i.UART_SetConfig)
    UART_SetConfig                           0x08001be1   Thumb Code   178  stm32f1xx_hal_uart.o(i.UART_SetConfig)
    i.UART_WaitOnFlagUntilTimeout            0x08001c98   Section        0  stm32f1xx_hal_uart.o(i.UART_WaitOnFlagUntilTimeout)
    UART_WaitOnFlagUntilTimeout              0x08001c99   Thumb Code   100  stm32f1xx_hal_uart.o(i.UART_WaitOnFlagUntilTimeout)
    i.USART1_IRQHandler                      0x08001cfc   Section        0  usbtocom.o(i.USART1_IRQHandler)
    i.USART2_IRQHandler                      0x08001d40   Section        0  portserial.o(i.USART2_IRQHandler)
    i.USART3_IRQHandler                      0x08001d8c   Section        0  esp8266.o(i.USART3_IRQHandler)
    i.USBtoComApp                            0x08001dd8   Section        0  usbtocomapp.o(i.USBtoComApp)
    i.USBtoComUsart_Init                     0x08001de8   Section        0  usbtocom.o(i.USBtoComUsart_Init)
    i.USBtoComUsart_UsartInit                0x08001e00   Section        0  usbtocom.o(i.USBtoComUsart_UsartInit)
    i.USBtoCom_DMA                           0x08001e78   Section        0  usbtocom.o(i.USBtoCom_DMA)
    i.USBtoCom_GPIOInit                      0x08001ebc   Section        0  usbtocom.o(i.USBtoCom_GPIOInit)
    i.UsageFault_Handler                     0x08001f14   Section        0  stm32f1xx_it.o(i.UsageFault_Handler)
    i.Work_Time_Init                         0x08001f18   Section        0  systick.o(i.Work_Time_Init)
    i.__0printf$5                            0x08001f3c   Section        0  printf5.o(i.__0printf$5)
    i.__NVIC_SetPriority                     0x08001f5c   Section        0  stm32f1xx_hal_cortex.o(i.__NVIC_SetPriority)
    __NVIC_SetPriority                       0x08001f5d   Thumb Code    32  stm32f1xx_hal_cortex.o(i.__NVIC_SetPriority)
    i.__scatterload_copy                     0x08001f7c   Section       14  handlers.o(i.__scatterload_copy)
    i.__scatterload_null                     0x08001f8a   Section        2  handlers.o(i.__scatterload_null)
    i.__scatterload_zeroinit                 0x08001f8c   Section       14  handlers.o(i.__scatterload_zeroinit)
    i._printf_core                           0x08001f9c   Section        0  printf5.o(i._printf_core)
    _printf_core                             0x08001f9d   Thumb Code   658  printf5.o(i._printf_core)
    i.eMBFuncReadHoldingRegister             0x0800225c   Section        0  mbfuncholding.o(i.eMBFuncReadHoldingRegister)
    i.eMBFuncWriteHoldingRegister            0x080022bc   Section        0  mbfuncholding.o(i.eMBFuncWriteHoldingRegister)
    i.eMBFuncWriteMultipleHoldingRegister    0x080022ea   Section        0  mbfuncholding.o(i.eMBFuncWriteMultipleHoldingRegister)
    i.eMBRegHoldingCB                        0x08002334   Section        0  modbus_slave.o(i.eMBRegHoldingCB)
    i.fputc                                  0x08002354   Section        0  usbtocom.o(i.fputc)
    i.main                                   0x08002370   Section        0  main.o(i.main)
    i.prveMBError2Exception                  0x080023c0   Section        0  mbutils.o(i.prveMBError2Exception)
    .constdata                               0x080023d8   Section       16  system_stm32f1xx.o(.constdata)
    .constdata                               0x080023e8   Section        8  system_stm32f1xx.o(.constdata)
    .conststring                             0x080023f0   Section      151  wifi_app.o(.conststring)
    .data                                    0x20000000   Section        4  system_stm32f1xx.o(.data)
    .data                                    0x20000004   Section        4  infared.o(.data)
    Head_Flag                                0x20000004   Data           1  infared.o(.data)
    Inedex                                   0x20000005   Data           1  infared.o(.data)
    .data                                    0x20000008   Section       24  led_driver.o(.data)
    led_list                                 0x20000008   Data          24  led_driver.o(.data)
    .data                                    0x20000020   Section       16  systick.o(.data)
    tiem_sheck                               0x20000020   Data           4  systick.o(.data)
    .data                                    0x20000030   Section        1  calendar.o(.data)
    .data                                    0x20000034   Section       12  stm32f1xx_hal.o(.data)
    .data                                    0x20000040   Section      172  mb.o(.data)
    eMBState                                 0x20000040   Data           1  mb.o(.data)
    ucRcvAddress                             0x20000041   Data           1  mb.o(.data)
    ucFunctionCode                           0x20000042   Data           1  mb.o(.data)
    eException                               0x20000043   Data           1  mb.o(.data)
    ucMBAddress                              0x20000044   Data           1  mb.o(.data)
    eMBCurrentMode                           0x20000045   Data           1  mb.o(.data)
    usLength                                 0x20000046   Data           2  mb.o(.data)
    ucMBFrame                                0x20000048   Data           4  mb.o(.data)
    peMBFrameSendCur                         0x2000004c   Data           4  mb.o(.data)
    pvMBFrameStartCur                        0x20000050   Data           4  mb.o(.data)
    pvMBFrameStopCur                         0x20000054   Data           4  mb.o(.data)
    peMBFrameReceiveCur                      0x20000058   Data           4  mb.o(.data)
    pvMBFrameCloseCur                        0x2000005c   Data           4  mb.o(.data)
    xFuncHandlers                            0x2000006c   Data         128  mb.o(.data)
    .data                                    0x200000f0   Section      100  wifi_app.o(.data)
    s_commState                              0x200000f0   Data           1  wifi_app.o(.data)
    retryCount                               0x200000f1   Data           1  wifi_app.o(.data)
    cmdType                                  0x200000f2   Data           1  wifi_app.o(.data)
    sendCmdTime                              0x200000f8   Data           8  wifi_app.o(.data)
    g_checkModuleCmdTable                    0x20000100   Data          84  wifi_app.o(.data)
    .data                                    0x20000154   Section        4  stdout.o(.data)
    .bss                                     0x20000158   Section      138  infared.o(.bss)
    Parese_buf                               0x20000158   Data          32  infared.o(.bss)
    .bss                                     0x200001e4   Section     1176  usbtocom.o(.bss)
    USBcom                                   0x200001e4   Data        1176  usbtocom.o(.bss)
    .bss                                     0x2000067c   Section       93  usbtocomapp.o(.bss)
    .bss                                     0x200006dc   Section       88  spi.o(.bss)
    .bss                                     0x20000734   Section       20  calendar.o(.bss)
    .bss                                     0x20000748   Section      332  esp8266.o(.bss)
    .bss                                     0x20000894   Section     1176  portserial.o(.bss)
    USBcom                                   0x20000894   Data        1176  portserial.o(.bss)
    .bss                                     0x20000d2c   Section       64  porttimer.o(.bss)
    STACK                                    0x20000d70   Section     4096  startup_stm32f103xe.o(STACK)

    Global Symbols

    Symbol Name                              Value     Ov Type        Size  Object(Section)

    BuildAttributes$$THM_ISAv4$P$D$K$B$S$PE$A:L22UL41UL21$X:L11$S22US41US21$IEEE1$IW$USESV6$~STKCKD$USESV7$~SHL$OSPACE$ROPI$EBA8$MICROLIB$REQ8$PRES8$EABIv2 0x00000000   Number         0  anon$$obj.o ABSOLUTE
    __ARM_use_no_argv                        0x00000000   Number         0  main.o ABSOLUTE
    _printf_a                                0x00000000   Number         0  stubs.o ABSOLUTE
    _printf_c                                0x00000000   Number         0  stubs.o ABSOLUTE
    _printf_charcount                        0x00000000   Number         0  stubs.o ABSOLUTE
    _printf_d                                0x00000000   Number         0  stubs.o ABSOLUTE
    _printf_e                                0x00000000   Number         0  stubs.o ABSOLUTE
    _printf_f                                0x00000000   Number         0  stubs.o ABSOLUTE
    _printf_flags                            0x00000000   Number         0  stubs.o ABSOLUTE
    _printf_fp_dec                           0x00000000   Number         0  stubs.o ABSOLUTE
    _printf_fp_hex                           0x00000000   Number         0  stubs.o ABSOLUTE
    _printf_g                                0x00000000   Number         0  stubs.o ABSOLUTE
    _printf_i                                0x00000000   Number         0  stubs.o ABSOLUTE
    _printf_int_dec                          0x00000000   Number         0  stubs.o ABSOLUTE
    _printf_l                                0x00000000   Number         0  stubs.o ABSOLUTE
    _printf_lc                               0x00000000   Number         0  stubs.o ABSOLUTE
    _printf_ll                               0x00000000   Number         0  stubs.o ABSOLUTE
    _printf_lld                              0x00000000   Number         0  stubs.o ABSOLUTE
    _printf_lli                              0x00000000   Number         0  stubs.o ABSOLUTE
    _printf_llo                              0x00000000   Number         0  stubs.o ABSOLUTE
    _printf_llu                              0x00000000   Number         0  stubs.o ABSOLUTE
    _printf_llx                              0x00000000   Number         0  stubs.o ABSOLUTE
    _printf_longlong_dec                     0x00000000   Number         0  stubs.o ABSOLUTE
    _printf_longlong_hex                     0x00000000   Number         0  stubs.o ABSOLUTE
    _printf_longlong_oct                     0x00000000   Number         0  stubs.o ABSOLUTE
    _printf_ls                               0x00000000   Number         0  stubs.o ABSOLUTE
    _printf_mbtowc                           0x00000000   Number         0  stubs.o ABSOLUTE
    _printf_n                                0x00000000   Number         0  stubs.o ABSOLUTE
    _printf_o                                0x00000000   Number         0  stubs.o ABSOLUTE
    _printf_p                                0x00000000   Number         0  stubs.o ABSOLUTE
    _printf_percent                          0x00000000   Number         0  stubs.o ABSOLUTE
    _printf_pre_padding                      0x00000000   Number         0  stubs.o ABSOLUTE
    _printf_return_value                     0x00000000   Number         0  stubs.o ABSOLUTE
    _printf_s                                0x00000000   Number         0  stubs.o ABSOLUTE
    _printf_sizespec                         0x00000000   Number         0  stubs.o ABSOLUTE
    _printf_str                              0x00000000   Number         0  stubs.o ABSOLUTE
    _printf_truncate_signed                  0x00000000   Number         0  stubs.o ABSOLUTE
    _printf_truncate_unsigned                0x00000000   Number         0  stubs.o ABSOLUTE
    _printf_u                                0x00000000   Number         0  stubs.o ABSOLUTE
    _printf_wc                               0x00000000   Number         0  stubs.o ABSOLUTE
    _printf_wctomb                           0x00000000   Number         0  stubs.o ABSOLUTE
    _printf_widthprec                        0x00000000   Number         0  stubs.o ABSOLUTE
    _printf_x                                0x00000000   Number         0  stubs.o ABSOLUTE
    __cpp_initialize__aeabi_                  - Undefined Weak Reference
    __cxa_finalize                            - Undefined Weak Reference
    _clock_init                               - Undefined Weak Reference
    _microlib_exit                            - Undefined Weak Reference
    __Vectors_Size                           0x00000130   Number         0  startup_stm32f103xe.o ABSOLUTE
    __Vectors                                0x08000000   Data           4  startup_stm32f103xe.o(RESET)
    __Vectors_End                            0x08000130   Data           0  startup_stm32f103xe.o(RESET)
    __main                                   0x08000131   Thumb Code     0  entry.o(.ARM.Collect$$$$00000000)
    _main_stk                                0x08000131   Thumb Code     0  entry2.o(.ARM.Collect$$$$00000001)
    _main_scatterload                        0x08000135   Thumb Code     0  entry5.o(.ARM.Collect$$$$00000004)
    __main_after_scatterload                 0x08000139   Thumb Code     0  entry5.o(.ARM.Collect$$$$00000004)
    _main_clock                              0x08000139   Thumb Code     0  entry7b.o(.ARM.Collect$$$$00000008)
    _main_cpp_init                           0x08000139   Thumb Code     0  entry8b.o(.ARM.Collect$$$$0000000A)
    _main_init                               0x08000139   Thumb Code     0  entry9a.o(.ARM.Collect$$$$0000000B)
    __rt_final_cpp                           0x08000141   Thumb Code     0  entry10a.o(.ARM.Collect$$$$0000000D)
    __rt_final_exit                          0x08000141   Thumb Code     0  entry11a.o(.ARM.Collect$$$$0000000F)
    Reset_Handler                            0x08000145   Thumb Code     8  startup_stm32f103xe.o(.text)
    ADC1_2_IRQHandler                        0x0800015f   Thumb Code     0  startup_stm32f103xe.o(.text)
    ADC3_IRQHandler                          0x0800015f   Thumb Code     0  startup_stm32f103xe.o(.text)
    CAN1_RX1_IRQHandler                      0x0800015f   Thumb Code     0  startup_stm32f103xe.o(.text)
    CAN1_SCE_IRQHandler                      0x0800015f   Thumb Code     0  startup_stm32f103xe.o(.text)
    DMA1_Channel1_IRQHandler                 0x0800015f   Thumb Code     0  startup_stm32f103xe.o(.text)
    DMA1_Channel2_IRQHandler                 0x0800015f   Thumb Code     0  startup_stm32f103xe.o(.text)
    DMA1_Channel3_IRQHandler                 0x0800015f   Thumb Code     0  startup_stm32f103xe.o(.text)
    DMA1_Channel4_IRQHandler                 0x0800015f   Thumb Code     0  startup_stm32f103xe.o(.text)
    DMA1_Channel5_IRQHandler                 0x0800015f   Thumb Code     0  startup_stm32f103xe.o(.text)
    DMA1_Channel6_IRQHandler                 0x0800015f   Thumb Code     0  startup_stm32f103xe.o(.text)
    DMA1_Channel7_IRQHandler                 0x0800015f   Thumb Code     0  startup_stm32f103xe.o(.text)
    DMA2_Channel1_IRQHandler                 0x0800015f   Thumb Code     0  startup_stm32f103xe.o(.text)
    DMA2_Channel2_IRQHandler                 0x0800015f   Thumb Code     0  startup_stm32f103xe.o(.text)
    DMA2_Channel3_IRQHandler                 0x0800015f   Thumb Code     0  startup_stm32f103xe.o(.text)
    DMA2_Channel4_5_IRQHandler               0x0800015f   Thumb Code     0  startup_stm32f103xe.o(.text)
    EXTI0_IRQHandler                         0x0800015f   Thumb Code     0  startup_stm32f103xe.o(.text)
    EXTI15_10_IRQHandler                     0x0800015f   Thumb Code     0  startup_stm32f103xe.o(.text)
    EXTI1_IRQHandler                         0x0800015f   Thumb Code     0  startup_stm32f103xe.o(.text)
    EXTI2_IRQHandler                         0x0800015f   Thumb Code     0  startup_stm32f103xe.o(.text)
    EXTI3_IRQHandler                         0x0800015f   Thumb Code     0  startup_stm32f103xe.o(.text)
    EXTI4_IRQHandler                         0x0800015f   Thumb Code     0  startup_stm32f103xe.o(.text)
    EXTI9_5_IRQHandler                       0x0800015f   Thumb Code     0  startup_stm32f103xe.o(.text)
    FLASH_IRQHandler                         0x0800015f   Thumb Code     0  startup_stm32f103xe.o(.text)
    FSMC_IRQHandler                          0x0800015f   Thumb Code     0  startup_stm32f103xe.o(.text)
    I2C1_ER_IRQHandler                       0x0800015f   Thumb Code     0  startup_stm32f103xe.o(.text)
    I2C1_EV_IRQHandler                       0x0800015f   Thumb Code     0  startup_stm32f103xe.o(.text)
    I2C2_ER_IRQHandler                       0x0800015f   Thumb Code     0  startup_stm32f103xe.o(.text)
    I2C2_EV_IRQHandler                       0x0800015f   Thumb Code     0  startup_stm32f103xe.o(.text)
    PVD_IRQHandler                           0x0800015f   Thumb Code     0  startup_stm32f103xe.o(.text)
    RCC_IRQHandler                           0x0800015f   Thumb Code     0  startup_stm32f103xe.o(.text)
    RTC_Alarm_IRQHandler                     0x0800015f   Thumb Code     0  startup_stm32f103xe.o(.text)
    SDIO_IRQHandler                          0x0800015f   Thumb Code     0  startup_stm32f103xe.o(.text)
    SPI1_IRQHandler                          0x0800015f   Thumb Code     0  startup_stm32f103xe.o(.text)
    SPI2_IRQHandler                          0x0800015f   Thumb Code     0  startup_stm32f103xe.o(.text)
    SPI3_IRQHandler                          0x0800015f   Thumb Code     0  startup_stm32f103xe.o(.text)
    TAMPER_IRQHandler                        0x0800015f   Thumb Code     0  startup_stm32f103xe.o(.text)
    TIM1_BRK_IRQHandler                      0x0800015f   Thumb Code     0  startup_stm32f103xe.o(.text)
    TIM1_CC_IRQHandler                       0x0800015f   Thumb Code     0  startup_stm32f103xe.o(.text)
    TIM1_TRG_COM_IRQHandler                  0x0800015f   Thumb Code     0  startup_stm32f103xe.o(.text)
    TIM1_UP_IRQHandler                       0x0800015f   Thumb Code     0  startup_stm32f103xe.o(.text)
    TIM2_IRQHandler                          0x0800015f   Thumb Code     0  startup_stm32f103xe.o(.text)
    TIM4_IRQHandler                          0x0800015f   Thumb Code     0  startup_stm32f103xe.o(.text)
    TIM5_IRQHandler                          0x0800015f   Thumb Code     0  startup_stm32f103xe.o(.text)
    TIM7_IRQHandler                          0x0800015f   Thumb Code     0  startup_stm32f103xe.o(.text)
    TIM8_BRK_IRQHandler                      0x0800015f   Thumb Code     0  startup_stm32f103xe.o(.text)
    TIM8_CC_IRQHandler                       0x0800015f   Thumb Code     0  startup_stm32f103xe.o(.text)
    TIM8_TRG_COM_IRQHandler                  0x0800015f   Thumb Code     0  startup_stm32f103xe.o(.text)
    TIM8_UP_IRQHandler                       0x0800015f   Thumb Code     0  startup_stm32f103xe.o(.text)
    UART4_IRQHandler                         0x0800015f   Thumb Code     0  startup_stm32f103xe.o(.text)
    UART5_IRQHandler                         0x0800015f   Thumb Code     0  startup_stm32f103xe.o(.text)
    USBWakeUp_IRQHandler                     0x0800015f   Thumb Code     0  startup_stm32f103xe.o(.text)
    USB_HP_CAN1_TX_IRQHandler                0x0800015f   Thumb Code     0  startup_stm32f103xe.o(.text)
    USB_LP_CAN1_RX0_IRQHandler               0x0800015f   Thumb Code     0  startup_stm32f103xe.o(.text)
    WWDG_IRQHandler                          0x0800015f   Thumb Code     0  startup_stm32f103xe.o(.text)
    __aeabi_uldivmod                         0x08000169   Thumb Code    98  uldiv.o(.text)
    __aeabi_memset                           0x080001cb   Thumb Code    14  memseta.o(.text)
    __aeabi_memset4                          0x080001cb   Thumb Code     0  memseta.o(.text)
    __aeabi_memset8                          0x080001cb   Thumb Code     0  memseta.o(.text)
    __aeabi_memclr                           0x080001d9   Thumb Code     4  memseta.o(.text)
    __aeabi_memclr4                          0x080001d9   Thumb Code     0  memseta.o(.text)
    __aeabi_memclr8                          0x080001d9   Thumb Code     0  memseta.o(.text)
    _memset$wrapper                          0x080001dd   Thumb Code    18  memseta.o(.text)
    strstr                                   0x080001ef   Thumb Code    36  strstr.o(.text)
    strlen                                   0x08000213   Thumb Code    14  strlen.o(.text)
    __aeabi_llsl                             0x08000221   Thumb Code    30  llshl.o(.text)
    _ll_shift_l                              0x08000221   Thumb Code     0  llshl.o(.text)
    __aeabi_llsr                             0x0800023f   Thumb Code    32  llushr.o(.text)
    _ll_ushift_r                             0x0800023f   Thumb Code     0  llushr.o(.text)
    __scatterload                            0x08000261   Thumb Code    28  init.o(.text)
    __scatterload_rt2                        0x08000261   Thumb Code     0  init.o(.text)
    __decompress                             0x08000285   Thumb Code     0  __dczerorl2.o(.text)
    __decompress1                            0x08000285   Thumb Code    86  __dczerorl2.o(.text)
    AtCmdHandle                              0x080002dd   Thumb Code   124  wifi_app.o(i.AtCmdHandle)
    BusFault_Handler                         0x0800037d   Thumb Code     2  stm32f1xx_it.o(i.BusFault_Handler)
    Calendar_Init                            0x0800037f   Thumb Code     4  calendar.o(i.Calendar_Init)
    CheckWifiModuleWork                      0x08000385   Thumb Code   250  wifi_app.o(i.CheckWifiModuleWork)
    DebugMon_Handler                         0x080004bf   Thumb Code     2  stm32f1xx_it.o(i.DebugMon_Handler)
    DelayNums                                0x080004c1   Thumb Code    26  delay.o(i.DelayNums)
    DelayNus                                 0x080004dd   Thumb Code    20  delay.o(i.DelayNus)
    Delay_Init                               0x080004f5   Thumb Code    42  delay.o(i.Delay_Init)
    EPS8266_Clear                            0x08000529   Thumb Code     8  esp8266.o(i.EPS8266_Clear)
    EPS8266_READ                             0x08000535   Thumb Code    16  esp8266.o(i.EPS8266_READ)
    ESP8266_Init                             0x080005bd   Thumb Code    18  esp8266.o(i.ESP8266_Init)
    ESP8266_Write                            0x08000645   Thumb Code    14  esp8266.o(i.ESP8266_Write)
    GPIO_CLK_ENABLE                          0x0800069d   Thumb Code   160  led_driver.o(i.GPIO_CLK_ENABLE)
    Get_Work_Time                            0x0800075d   Thumb Code     8  systick.o(i.Get_Work_Time)
    HAL_DMA_Abort                            0x08000769   Thumb Code    70  stm32f1xx_hal_dma.o(i.HAL_DMA_Abort)
    HAL_DMA_Init                             0x080007b1   Thumb Code   112  stm32f1xx_hal_dma.o(i.HAL_DMA_Init)
    HAL_DMA_Start_IT                         0x0800082d   Thumb Code   112  stm32f1xx_hal_dma.o(i.HAL_DMA_Start_IT)
    HAL_GPIO_Init                            0x0800089d   Thumb Code   462  stm32f1xx_hal_gpio.o(i.HAL_GPIO_Init)
    HAL_GPIO_WritePin                        0x08000a95   Thumb Code    10  stm32f1xx_hal_gpio.o(i.HAL_GPIO_WritePin)
    HAL_GetTick                              0x08000aa1   Thumb Code     6  stm32f1xx_hal.o(i.HAL_GetTick)
    HAL_Init                                 0x08000aad   Thumb Code    32  stm32f1xx_hal.o(i.HAL_Init)
    HAL_InitTick                             0x08000ad1   Thumb Code    54  stm32f1xx_hal.o(i.HAL_InitTick)
    HAL_MspInit                              0x08000b11   Thumb Code     2  stm32f1xx_hal.o(i.HAL_MspInit)
    HAL_NVIC_EnableIRQ                       0x08000b13   Thumb Code    26  stm32f1xx_hal_cortex.o(i.HAL_NVIC_EnableIRQ)
    HAL_NVIC_SetPriority                     0x08000b2d   Thumb Code    60  stm32f1xx_hal_cortex.o(i.HAL_NVIC_SetPriority)
    HAL_NVIC_SetPriorityGrouping             0x08000b6d   Thumb Code    26  stm32f1xx_hal_cortex.o(i.HAL_NVIC_SetPriorityGrouping)
    HAL_PWR_EnableBkUpAccess                 0x08000b91   Thumb Code     8  stm32f1xx_hal_pwr.o(i.HAL_PWR_EnableBkUpAccess)
    HAL_RCCEx_GetPeriphCLKFreq               0x08000b9d   Thumb Code   180  stm32f1xx_hal_rcc_ex.o(i.HAL_RCCEx_GetPeriphCLKFreq)
    HAL_RCCEx_PeriphCLKConfig                0x08000c71   Thumb Code   224  stm32f1xx_hal_rcc_ex.o(i.HAL_RCCEx_PeriphCLKConfig)
    HAL_RCC_ClockConfig                      0x08000d5d   Thumb Code   280  stm32f1xx_hal_rcc.o(i.HAL_RCC_ClockConfig)
    HAL_RCC_GetPCLK1Freq                     0x08000e89   Thumb Code    20  stm32f1xx_hal_rcc.o(i.HAL_RCC_GetPCLK1Freq)
    HAL_RCC_GetPCLK2Freq                     0x08000ea9   Thumb Code    20  stm32f1xx_hal_rcc.o(i.HAL_RCC_GetPCLK2Freq)
    HAL_RCC_GetSysClockFreq                  0x08000ec9   Thumb Code    74  stm32f1xx_hal_rcc.o(i.HAL_RCC_GetSysClockFreq)
    HAL_RCC_OscConfig                        0x08000f35   Thumb Code   778  stm32f1xx_hal_rcc.o(i.HAL_RCC_OscConfig)
    HAL_RTCEx_BKUPRead                       0x08001255   Thumb Code    10  stm32f1xx_hal_rtc_ex.o(i.HAL_RTCEx_BKUPRead)
    HAL_RTCEx_BKUPWrite                      0x08001265   Thumb Code    12  stm32f1xx_hal_rtc_ex.o(i.HAL_RTCEx_BKUPWrite)
    HAL_RTC_Init                             0x08001275   Thumb Code   154  stm32f1xx_hal_rtc.o(i.HAL_RTC_Init)
    HAL_RTC_MspInit                          0x08001315   Thumb Code     2  stm32f1xx_hal_rtc.o(i.HAL_RTC_MspInit)
    HAL_RTC_WaitForSynchro                   0x08001317   Thumb Code    58  stm32f1xx_hal_rtc.o(i.HAL_RTC_WaitForSynchro)
    HAL_SPI_Init                             0x08001351   Thumb Code   136  stm32f1xx_hal_spi.o(i.HAL_SPI_Init)
    HAL_SPI_MspInit                          0x080013d9   Thumb Code     2  stm32f1xx_hal_spi.o(i.HAL_SPI_MspInit)
    HAL_SYSTICK_Config                       0x080013db   Thumb Code    40  stm32f1xx_hal_cortex.o(i.HAL_SYSTICK_Config)
    HAL_TIM_ReadCapturedValue                0x08001403   Thumb Code    42  stm32f1xx_hal_tim.o(i.HAL_TIM_ReadCapturedValue)
    HAL_UART_DMAStop                         0x0800142d   Thumb Code    88  stm32f1xx_hal_uart.o(i.HAL_UART_DMAStop)
    HAL_UART_ErrorCallback                   0x08001485   Thumb Code     2  stm32f1xx_hal_uart.o(i.HAL_UART_ErrorCallback)
    HAL_UART_Init                            0x08001487   Thumb Code    98  stm32f1xx_hal_uart.o(i.HAL_UART_Init)
    HAL_UART_MspInit                         0x080014e9   Thumb Code     2  stm32f1xx_hal_uart.o(i.HAL_UART_MspInit)
    HAL_UART_Receive_DMA                     0x080014ed   Thumb Code   138  stm32f1xx_hal_uart.o(i.HAL_UART_Receive_DMA)
    HAL_UART_RxCpltCallback                  0x08001585   Thumb Code     2  stm32f1xx_hal_uart.o(i.HAL_UART_RxCpltCallback)
    HAL_UART_RxHalfCpltCallback              0x08001587   Thumb Code     2  stm32f1xx_hal_uart.o(i.HAL_UART_RxHalfCpltCallback)
    HAL_UART_Transmit                        0x08001589   Thumb Code   186  stm32f1xx_hal_uart.o(i.HAL_UART_Transmit)
    HardFault_Handler                        0x08001643   Thumb Code     2  stm32f1xx_it.o(i.HardFault_Handler)
    IIC_Init                                 0x08001645   Thumb Code    62  iic.o(i.IIC_Init)
    Led_DrvInit                              0x0800168d   Thumb Code    72  led_driver.o(i.Led_DrvInit)
    MemManage_Handler                        0x080016d9   Thumb Code     2  stm32f1xx_it.o(i.MemManage_Handler)
    NMI_Handler                              0x080016db   Thumb Code     2  stm32f1xx_it.o(i.NMI_Handler)
    PendSV_Handler                           0x0800175d   Thumb Code     2  stm32f1xx_it.o(i.PendSV_Handler)
    QueuePush                                0x0800175f   Thumb Code    36  queue.o(i.QueuePush)
    QueuePushArry                            0x08001783   Thumb Code    34  queue.o(i.QueuePushArry)
    RTC_IRQHandler                           0x08001811   Thumb Code    24  calendar.o(i.RTC_IRQHandler)
    SPI1_Init                                0x080019a9   Thumb Code    68  spi.o(i.SPI1_Init)
    SVC_Handler                              0x080019f9   Thumb Code     2  stm32f1xx_it.o(i.SVC_Handler)
    SysTick_Handler                          0x080019fd   Thumb Code    26  systick.o(i.SysTick_Handler)
    SystemClock_Config                       0x08001a1d   Thumb Code    90  stm32f1xx_clk.o(i.SystemClock_Config)
    SystemInit                               0x08001a79   Thumb Code    56  system_stm32f1xx.o(i.SystemInit)
    TIM3_IRQHandler                          0x08001ac1   Thumb Code    48  infared.o(i.TIM3_IRQHandler)
    TIM6_IRQHandler                          0x08001af9   Thumb Code    30  porttimer.o(i.TIM6_IRQHandler)
    USART1_IRQHandler                        0x08001cfd   Thumb Code    64  usbtocom.o(i.USART1_IRQHandler)
    USART2_IRQHandler                        0x08001d41   Thumb Code    54  portserial.o(i.USART2_IRQHandler)
    USART3_IRQHandler                        0x08001d8d   Thumb Code    70  esp8266.o(i.USART3_IRQHandler)
    USBtoComApp                              0x08001dd9   Thumb Code    10  usbtocomapp.o(i.USBtoComApp)
    USBtoComUsart_Init                       0x08001de9   Thumb Code    22  usbtocom.o(i.USBtoComUsart_Init)
    USBtoComUsart_UsartInit                  0x08001e01   Thumb Code   104  usbtocom.o(i.USBtoComUsart_UsartInit)
    USBtoCom_DMA                             0x08001e79   Thumb Code    56  usbtocom.o(i.USBtoCom_DMA)
    USBtoCom_GPIOInit                        0x08001ebd   Thumb Code    78  usbtocom.o(i.USBtoCom_GPIOInit)
    UsageFault_Handler                       0x08001f15   Thumb Code     2  stm32f1xx_it.o(i.UsageFault_Handler)
    Work_Time_Init                           0x08001f19   Thumb Code    30  systick.o(i.Work_Time_Init)
    __0printf$5                              0x08001f3d   Thumb Code    22  printf5.o(i.__0printf$5)
    __1printf$5                              0x08001f3d   Thumb Code     0  printf5.o(i.__0printf$5)
    __2printf                                0x08001f3d   Thumb Code     0  printf5.o(i.__0printf$5)
    __scatterload_copy                       0x08001f7d   Thumb Code    14  handlers.o(i.__scatterload_copy)
    __scatterload_null                       0x08001f8b   Thumb Code     2  handlers.o(i.__scatterload_null)
    __scatterload_zeroinit                   0x08001f8d   Thumb Code    14  handlers.o(i.__scatterload_zeroinit)
    eMBFuncReadHoldingRegister               0x0800225d   Thumb Code    96  mbfuncholding.o(i.eMBFuncReadHoldingRegister)
    eMBFuncWriteHoldingRegister              0x080022bd   Thumb Code    46  mbfuncholding.o(i.eMBFuncWriteHoldingRegister)
    eMBFuncWriteMultipleHoldingRegister      0x080022eb   Thumb Code    74  mbfuncholding.o(i.eMBFuncWriteMultipleHoldingRegister)
    eMBRegHoldingCB                          0x08002335   Thumb Code    20  modbus_slave.o(i.eMBRegHoldingCB)
    fputc                                    0x08002355   Thumb Code    24  usbtocom.o(i.fputc)
    main                                     0x08002371   Thumb Code    72  main.o(i.main)
    prveMBError2Exception                    0x080023c1   Thumb Code    24  mbutils.o(i.prveMBError2Exception)
    AHBPrescTable                            0x080023d8   Data          16  system_stm32f1xx.o(.constdata)
    APBPrescTable                            0x080023e8   Data           8  system_stm32f1xx.o(.constdata)
    Region$$Table$$Base                      0x08002488   Number         0  anon$$obj.o(Region$$Table)
    Region$$Table$$Limit                     0x080024a8   Number         0  anon$$obj.o(Region$$Table)
    SystemCoreClock                          0x20000000   Data           4  system_stm32f1xx.o(.data)
    time                                     0x20000006   Data           2  infared.o(.data)
    work_time                                0x20000028   Data           8  systick.o(.data)
    rtc_task                                 0x20000030   Data           1  calendar.o(.data)
    uwTickFreq                               0x20000034   Data           1  stm32f1xx_hal.o(.data)
    uwTickPrio                               0x20000038   Data           4  stm32f1xx_hal.o(.data)
    uwTick                                   0x2000003c   Data           4  stm32f1xx_hal.o(.data)
    pxMBFrameCBByteReceived                  0x20000060   Data           4  mb.o(.data)
    pxMBFrameCBTransmitterEmpty              0x20000064   Data           4  mb.o(.data)
    pxMBPortCBTimerExpired                   0x20000068   Data           4  mb.o(.data)
    __stdout                                 0x20000154   Data           4  stdout.o(.data)
    Tim_handler                              0x20000178   Data          64  infared.o(.bss)
    Chandl_Confing                           0x200001b8   Data          16  infared.o(.bss)
    InDrqueue                                0x200001c8   Data          16  infared.o(.bss)
    InDrQueue_Buf                            0x200001d8   Data          10  infared.o(.bss)
    queue                                    0x2000067c   Data          16  usbtocomapp.o(.bss)
    Queue_Buf                                0x2000068c   Data          77  usbtocomapp.o(.bss)
    Spi_Handler                              0x200006dc   Data          88  spi.o(.bss)
    Rtc_handler                              0x20000734   Data          20  calendar.o(.bss)
    RecvWifiRetbuf                           0x20000748   Data         200  esp8266.o(.bss)
    huart3_handle                            0x20000810   Data          64  esp8266.o(.bss)
    dam1_3_handle                            0x20000850   Data          68  esp8266.o(.bss)
    timer6                                   0x20000d2c   Data          64  porttimer.o(.bss)
    __initial_sp                             0x20001d70   Data           0  startup_stm32f103xe.o(STACK)



==============================================================================

Memory Map of the image

  Image Entry point : 0x08000131

  Load Region LR_IROM1 (Base: 0x08000000, Size: 0x00002600, Max: 0x00080000, ABSOLUTE, COMPRESSED[0x000024fc])

    Execution Region ER_IROM1 (Base: 0x08000000, Size: 0x000024a8, Max: 0x00080000, ABSOLUTE)

    Base Addr    Size         Type   Attr      Idx    E Section Name        Object

    0x08000000   0x00000130   Data   RO          236    RESET               startup_stm32f103xe.o
    0x08000130   0x00000000   Code   RO         5216  * .ARM.Collect$$$$00000000  mc_w.l(entry.o)
    0x08000130   0x00000004   Code   RO         5523    .ARM.Collect$$$$00000001  mc_w.l(entry2.o)
    0x08000134   0x00000004   Code   RO         5526    .ARM.Collect$$$$00000004  mc_w.l(entry5.o)
    0x08000138   0x00000000   Code   RO         5528    .ARM.Collect$$$$00000008  mc_w.l(entry7b.o)
    0x08000138   0x00000000   Code   RO         5530    .ARM.Collect$$$$0000000A  mc_w.l(entry8b.o)
    0x08000138   0x00000008   Code   RO         5531    .ARM.Collect$$$$0000000B  mc_w.l(entry9a.o)
    0x08000140   0x00000000   Code   RO         5533    .ARM.Collect$$$$0000000D  mc_w.l(entry10a.o)
    0x08000140   0x00000000   Code   RO         5535    .ARM.Collect$$$$0000000F  mc_w.l(entry11a.o)
    0x08000140   0x00000004   Code   RO         5524    .ARM.Collect$$$$00002712  mc_w.l(entry2.o)
    0x08000144   0x00000024   Code   RO          237    .text               startup_stm32f103xe.o
    0x08000168   0x00000062   Code   RO         5224    .text               mc_w.l(uldiv.o)
    0x080001ca   0x00000024   Code   RO         5234    .text               mc_w.l(memseta.o)
    0x080001ee   0x00000024   Code   RO         5236    .text               mc_w.l(strstr.o)
    0x08000212   0x0000000e   Code   RO         5240    .text               mc_w.l(strlen.o)
    0x08000220   0x0000001e   Code   RO         5540    .text               mc_w.l(llshl.o)
    0x0800023e   0x00000020   Code   RO         5542    .text               mc_w.l(llushr.o)
    0x0800025e   0x00000002   PAD
    0x08000260   0x00000024   Code   RO         5551    .text               mc_w.l(init.o)
    0x08000284   0x00000056   Code   RO         5561    .text               mc_w.l(__dczerorl2.o)
    0x080002da   0x00000002   PAD
    0x080002dc   0x000000a0   Code   RO         5140    i.AtCmdHandle       wifi_app.o
    0x0800037c   0x00000002   Code   RO          130    i.BusFault_Handler  stm32f1xx_it.o
    0x0800037e   0x00000004   Code   RO          890    i.Calendar_Init     calendar.o
    0x08000382   0x00000002   PAD
    0x08000384   0x00000110   Code   RO         5141    i.CheckWifiModuleWork  wifi_app.o
    0x08000494   0x0000002a   Code   RO         1310    i.DMA_SetConfig     stm32f1xx_hal_dma.o
    0x080004be   0x00000002   Code   RO          131    i.DebugMon_Handler  stm32f1xx_it.o
    0x080004c0   0x0000001a   Code   RO          244    i.DelayNums         delay.o
    0x080004da   0x00000002   PAD
    0x080004dc   0x00000018   Code   RO          245    i.DelayNus          delay.o
    0x080004f4   0x00000034   Code   RO          246    i.Delay_Init        delay.o
    0x08000528   0x0000000c   Code   RO         1064    i.EPS8266_Clear     esp8266.o
    0x08000534   0x00000014   Code   RO         1065    i.EPS8266_READ      esp8266.o
    0x08000548   0x00000074   Code   RO         1066    i.ESP8266_GPIOInit  esp8266.o
    0x080005bc   0x00000012   Code   RO         1067    i.ESP8266_Init      esp8266.o
    0x080005ce   0x00000002   PAD
    0x080005d0   0x00000074   Code   RO         1068    i.ESP8266_UARTInit  esp8266.o
    0x08000644   0x00000014   Code   RO         1069    i.ESP8266_Write     esp8266.o
    0x08000658   0x00000044   Code   RO         1070    i.ESP8266_dmaInit   esp8266.o
    0x0800069c   0x000000c0   Code   RO          349    i.GPIO_CLK_ENABLE   led_driver.o
    0x0800075c   0x0000000c   Code   RO          454    i.Get_Work_Time     systick.o
    0x08000768   0x00000046   Code   RO         1311    i.HAL_DMA_Abort     stm32f1xx_hal_dma.o
    0x080007ae   0x00000002   PAD
    0x080007b0   0x0000007c   Code   RO         1317    i.HAL_DMA_Init      stm32f1xx_hal_dma.o
    0x0800082c   0x00000070   Code   RO         1321    i.HAL_DMA_Start_IT  stm32f1xx_hal_dma.o
    0x0800089c   0x000001f8   Code   RO         1408    i.HAL_GPIO_Init     stm32f1xx_hal_gpio.o
    0x08000a94   0x0000000a   Code   RO         1412    i.HAL_GPIO_WritePin  stm32f1xx_hal_gpio.o
    0x08000a9e   0x00000002   PAD
    0x08000aa0   0x0000000c   Code   RO         1147    i.HAL_GetTick       stm32f1xx_hal.o
    0x08000aac   0x00000024   Code   RO         1154    i.HAL_Init          stm32f1xx_hal.o
    0x08000ad0   0x00000040   Code   RO         1155    i.HAL_InitTick      stm32f1xx_hal.o
    0x08000b10   0x00000002   Code   RO         1157    i.HAL_MspInit       stm32f1xx_hal.o
    0x08000b12   0x0000001a   Code   RO         2901    i.HAL_NVIC_EnableIRQ  stm32f1xx_hal_cortex.o
    0x08000b2c   0x00000040   Code   RO         2907    i.HAL_NVIC_SetPriority  stm32f1xx_hal_cortex.o
    0x08000b6c   0x00000024   Code   RO         2908    i.HAL_NVIC_SetPriorityGrouping  stm32f1xx_hal_cortex.o
    0x08000b90   0x0000000c   Code   RO         3295    i.HAL_PWR_EnableBkUpAccess  stm32f1xx_hal_pwr.o
    0x08000b9c   0x000000d4   Code   RO         1610    i.HAL_RCCEx_GetPeriphCLKFreq  stm32f1xx_hal_rcc_ex.o
    0x08000c70   0x000000ec   Code   RO         1611    i.HAL_RCCEx_PeriphCLKConfig  stm32f1xx_hal_rcc_ex.o
    0x08000d5c   0x0000012c   Code   RO         1508    i.HAL_RCC_ClockConfig  stm32f1xx_hal_rcc.o
    0x08000e88   0x00000020   Code   RO         1515    i.HAL_RCC_GetPCLK1Freq  stm32f1xx_hal_rcc.o
    0x08000ea8   0x00000020   Code   RO         1516    i.HAL_RCC_GetPCLK2Freq  stm32f1xx_hal_rcc.o
    0x08000ec8   0x0000006c   Code   RO         1517    i.HAL_RCC_GetSysClockFreq  stm32f1xx_hal_rcc.o
    0x08000f34   0x00000320   Code   RO         1520    i.HAL_RCC_OscConfig  stm32f1xx_hal_rcc.o
    0x08001254   0x00000010   Code   RO         3186    i.HAL_RTCEx_BKUPRead  stm32f1xx_hal_rtc_ex.o
    0x08001264   0x00000010   Code   RO         3187    i.HAL_RTCEx_BKUPWrite  stm32f1xx_hal_rtc_ex.o
    0x08001274   0x000000a0   Code   RO         3024    i.HAL_RTC_Init      stm32f1xx_hal_rtc.o
    0x08001314   0x00000002   Code   RO         3026    i.HAL_RTC_MspInit   stm32f1xx_hal_rtc.o
    0x08001316   0x0000003a   Code   RO         3032    i.HAL_RTC_WaitForSynchro  stm32f1xx_hal_rtc.o
    0x08001350   0x00000088   Code   RO         3424    i.HAL_SPI_Init      stm32f1xx_hal_spi.o
    0x080013d8   0x00000002   Code   RO         3426    i.HAL_SPI_MspInit   stm32f1xx_hal_spi.o
    0x080013da   0x00000028   Code   RO         2912    i.HAL_SYSTICK_Config  stm32f1xx_hal_cortex.o
    0x08001402   0x0000002a   Code   RO         1730    i.HAL_TIM_ReadCapturedValue  stm32f1xx_hal_tim.o
    0x0800142c   0x00000058   Code   RO         2592    i.HAL_UART_DMAStop  stm32f1xx_hal_uart.o
    0x08001484   0x00000002   Code   RO         2594    i.HAL_UART_ErrorCallback  stm32f1xx_hal_uart.o
    0x08001486   0x00000062   Code   RO         2598    i.HAL_UART_Init     stm32f1xx_hal_uart.o
    0x080014e8   0x00000002   Code   RO         2600    i.HAL_UART_MspInit  stm32f1xx_hal_uart.o
    0x080014ea   0x00000002   PAD
    0x080014ec   0x00000098   Code   RO         2602    i.HAL_UART_Receive_DMA  stm32f1xx_hal_uart.o
    0x08001584   0x00000002   Code   RO         2604    i.HAL_UART_RxCpltCallback  stm32f1xx_hal_uart.o
    0x08001586   0x00000002   Code   RO         2605    i.HAL_UART_RxHalfCpltCallback  stm32f1xx_hal_uart.o
    0x08001588   0x000000ba   Code   RO         2606    i.HAL_UART_Transmit  stm32f1xx_hal_uart.o
    0x08001642   0x00000002   Code   RO          132    i.HardFault_Handler  stm32f1xx_it.o
    0x08001644   0x00000048   Code   RO          605    i.IIC_Init          iic.o
    0x0800168c   0x0000004c   Code   RO          350    i.Led_DrvInit       led_driver.o
    0x080016d8   0x00000002   Code   RO          133    i.MemManage_Handler  stm32f1xx_it.o
    0x080016da   0x00000002   Code   RO          134    i.NMI_Handler       stm32f1xx_it.o
    0x080016dc   0x00000080   Code   RO          291    i.ParseIrFrame      infared.o
    0x0800175c   0x00000002   Code   RO          135    i.PendSV_Handler    stm32f1xx_it.o
    0x0800175e   0x00000024   Code   RO          405    i.QueuePush         queue.o
    0x08001782   0x00000022   Code   RO          406    i.QueuePushArry     queue.o
    0x080017a4   0x00000034   Code   RO         3036    i.RTC_EnterInitMode  stm32f1xx_hal_rtc.o
    0x080017d8   0x00000036   Code   RO         3037    i.RTC_ExitInitMode  stm32f1xx_hal_rtc.o
    0x0800180e   0x00000002   PAD
    0x08001810   0x00000020   Code   RO          893    i.RTC_IRQHandler    calendar.o
    0x08001830   0x000000f8   Code   RO          894    i.RTC_Init          calendar.o
    0x08001928   0x00000080   Code   RO          852    i.SPI1_GPIO_Init    spi.o
    0x080019a8   0x00000050   Code   RO          853    i.SPI1_Init         spi.o
    0x080019f8   0x00000002   Code   RO          136    i.SVC_Handler       stm32f1xx_it.o
    0x080019fa   0x00000002   PAD
    0x080019fc   0x00000020   Code   RO          455    i.SysTick_Handler   systick.o
    0x08001a1c   0x0000005a   Code   RO            4    i.SystemClock_Config  stm32f1xx_clk.o
    0x08001a76   0x00000002   PAD
    0x08001a78   0x00000048   Code   RO          200    i.SystemInit        system_stm32f1xx.o
    0x08001ac0   0x00000038   Code   RO          292    i.TIM3_IRQHandler   infared.o
    0x08001af8   0x00000028   Code   RO         5095    i.TIM6_IRQHandler   porttimer.o
    0x08001b20   0x0000004a   Code   RO         2612    i.UART_DMAError     stm32f1xx_hal_uart.o
    0x08001b6a   0x0000003c   Code   RO         2613    i.UART_DMAReceiveCplt  stm32f1xx_hal_uart.o
    0x08001ba6   0x0000000a   Code   RO         2615    i.UART_DMARxHalfCplt  stm32f1xx_hal_uart.o
    0x08001bb0   0x0000001c   Code   RO         2621    i.UART_EndRxTransfer  stm32f1xx_hal_uart.o
    0x08001bcc   0x00000012   Code   RO         2622    i.UART_EndTxTransfer  stm32f1xx_hal_uart.o
    0x08001bde   0x00000002   PAD
    0x08001be0   0x000000b8   Code   RO         2624    i.UART_SetConfig    stm32f1xx_hal_uart.o
    0x08001c98   0x00000064   Code   RO         2626    i.UART_WaitOnFlagUntilTimeout  stm32f1xx_hal_uart.o
    0x08001cfc   0x00000044   Code   RO          499    i.USART1_IRQHandler  usbtocom.o
    0x08001d40   0x0000004c   Code   RO         5034    i.USART2_IRQHandler  portserial.o
    0x08001d8c   0x0000004c   Code   RO         1071    i.USART3_IRQHandler  esp8266.o
    0x08001dd8   0x00000010   Code   RO          564    i.USBtoComApp       usbtocomapp.o
    0x08001de8   0x00000016   Code   RO          500    i.USBtoComUsart_Init  usbtocom.o
    0x08001dfe   0x00000002   PAD
    0x08001e00   0x00000078   Code   RO          501    i.USBtoComUsart_UsartInit  usbtocom.o
    0x08001e78   0x00000044   Code   RO          502    i.USBtoCom_DMA      usbtocom.o
    0x08001ebc   0x00000058   Code   RO          503    i.USBtoCom_GPIOInit  usbtocom.o
    0x08001f14   0x00000002   Code   RO          137    i.UsageFault_Handler  stm32f1xx_it.o
    0x08001f16   0x00000002   PAD
    0x08001f18   0x00000024   Code   RO          456    i.Work_Time_Init    systick.o
    0x08001f3c   0x00000020   Code   RO         5379    i.__0printf$5       mc_w.l(printf5.o)
    0x08001f5c   0x00000020   Code   RO         2914    i.__NVIC_SetPriority  stm32f1xx_hal_cortex.o
    0x08001f7c   0x0000000e   Code   RO         5555    i.__scatterload_copy  mc_w.l(handlers.o)
    0x08001f8a   0x00000002   Code   RO         5556    i.__scatterload_null  mc_w.l(handlers.o)
    0x08001f8c   0x0000000e   Code   RO         5557    i.__scatterload_zeroinit  mc_w.l(handlers.o)
    0x08001f9a   0x00000002   PAD
    0x08001f9c   0x000002c0   Code   RO         5386    i._printf_core      mc_w.l(printf5.o)
    0x0800225c   0x00000060   Code   RO         4755    i.eMBFuncReadHoldingRegister  mbfuncholding.o
    0x080022bc   0x0000002e   Code   RO         4756    i.eMBFuncWriteHoldingRegister  mbfuncholding.o
    0x080022ea   0x0000004a   Code   RO         4757    i.eMBFuncWriteMultipleHoldingRegister  mbfuncholding.o
    0x08002334   0x00000020   Code   RO         4969    i.eMBRegHoldingCB   modbus_slave.o
    0x08002354   0x0000001c   Code   RO          505    i.fputc             usbtocom.o
    0x08002370   0x00000050   Code   RO         4250    i.main              main.o
    0x080023c0   0x00000018   Code   RO         4810    i.prveMBError2Exception  mbutils.o
    0x080023d8   0x00000010   Data   RO          201    .constdata          system_stm32f1xx.o
    0x080023e8   0x00000008   Data   RO          202    .constdata          system_stm32f1xx.o
    0x080023f0   0x00000097   Data   RO         5142    .conststring        wifi_app.o
    0x08002487   0x00000001   PAD
    0x08002488   0x00000020   Data   RO         5553    Region$$Table       anon$$obj.o


    Execution Region RW_IRAM1 (Base: 0x20000000, Size: 0x00001d70, Max: 0x00010000, ABSOLUTE, COMPRESSED[0x00000054])

    Base Addr    Size         Type   Attr      Idx    E Section Name        Object

    0x20000000   0x00000004   Data   RW          203    .data               system_stm32f1xx.o
    0x20000004   0x00000004   Data   RW          295    .data               infared.o
    0x20000008   0x00000018   Data   RW          354    .data               led_driver.o
    0x20000020   0x00000010   Data   RW          458    .data               systick.o
    0x20000030   0x00000001   Data   RW          896    .data               calendar.o
    0x20000031   0x00000003   PAD
    0x20000034   0x0000000c   Data   RW         1161    .data               stm32f1xx_hal.o
    0x20000040   0x000000ac   Data   RW         4921    .data               mb.o
    0x200000ec   0x00000004   PAD
    0x200000f0   0x00000064   Data   RW         5143    .data               wifi_app.o
    0x20000154   0x00000004   Data   RW         5537    .data               mc_w.l(stdout.o)
    0x20000158   0x0000008a   Zero   RW          294    .bss                infared.o
    0x200001e2   0x00000002   PAD
    0x200001e4   0x00000498   Zero   RW          506    .bss                usbtocom.o
    0x2000067c   0x0000005d   Zero   RW          567    .bss                usbtocomapp.o
    0x200006d9   0x00000003   PAD
    0x200006dc   0x00000058   Zero   RW          855    .bss                spi.o
    0x20000734   0x00000014   Zero   RW          895    .bss                calendar.o
    0x20000748   0x0000014c   Zero   RW         1072    .bss                esp8266.o
    0x20000894   0x00000498   Zero   RW         5039    .bss                portserial.o
    0x20000d2c   0x00000040   Zero   RW         5097    .bss                porttimer.o
    0x20000d6c   0x00000004   PAD
    0x20000d70   0x00001000   Zero   RW          234    STACK               startup_stm32f103xe.o


==============================================================================

Image component sizes


      Code (inc. data)   RO Data    RW Data    ZI Data      Debug   Object Name

       284         26          0          1         20       3568   calendar.o
       102         14          0          0          0       1612   delay.o
       446         60          0          0        332       4671   esp8266.o
        72         10          0          0          0       1207   iic.o
       184         16          0          4        138       3660   infared.o
       268         36          0         24          0       1968   led_driver.o
        80          8          0          0          0        739   main.o
         0          0          0        172          0       2530   mb.o
       216          0          0          0          0       6901   mbfuncholding.o
        24          0          0          0          0        572   mbutils.o
        32         12          0          0          0       1594   modbus_slave.o
        76         22          0          0       1176       1532   portserial.o
        40         10          0          0         64       1055   porttimer.o
        70          0          0          0          0       1715   queue.o
       208         22          0          0         88       1934   spi.o
        36          8        304          0       4096        764   startup_stm32f103xe.o
        90          0          0          0          0     496113   stm32f1xx_clk.o
       114         20          0         12          0       5465   stm32f1xx_hal.o
       198         14          0          0          0      28507   stm32f1xx_hal_cortex.o
       348         12          0          0          0       2914   stm32f1xx_hal_dma.o
       514         42          0          0          0       2680   stm32f1xx_hal_gpio.o
        12          4          0          0          0        451   stm32f1xx_hal_pwr.o
      1272        100          0          0          0       4788   stm32f1xx_hal_rcc.o
       448         44          0          0          0       2333   stm32f1xx_hal_rcc_ex.o
       326          6          0          0          0       3782   stm32f1xx_hal_rtc.o
        32         10          0          0          0       1431   stm32f1xx_hal_rtc_ex.o
       138          0          0          0          0       1655   stm32f1xx_hal_spi.o
        42          0          0          0          0       2022   stm32f1xx_hal_tim.o
      1006         20          0          0          0       9058   stm32f1xx_hal_uart.o
        16          0          0          0          0       3180   stm32f1xx_it.o
        72         16         24          4          0       1075   system_stm32f1xx.o
        80         16          0         16          0       1759   systick.o
       394         46          0          0       1176       3822   usbtocom.o
        16          6          0          0         93       1409   usbtocomapp.o
       432         66        151        100          0       2384   wifi_app.o

    ----------------------------------------------------------------------
      7712        666        512        340       7192     610850   Object Totals
         0          0         32          0          0          0   (incl. Generated)
        24          0          1          7          9          0   (incl. Padding)

    ----------------------------------------------------------------------

      Code (inc. data)   RO Data    RW Data    ZI Data      Debug   Library Member Name

        86          0          0          0          0          0   __dczerorl2.o
         0          0          0          0          0          0   entry.o
         0          0          0          0          0          0   entry10a.o
         0          0          0          0          0          0   entry11a.o
         8          4          0          0          0          0   entry2.o
         4          0          0          0          0          0   entry5.o
         0          0          0          0          0          0   entry7b.o
         0          0          0          0          0          0   entry8b.o
         8          4          0          0          0          0   entry9a.o
        30          0          0          0          0          0   handlers.o
        36          8          0          0          0         68   init.o
        30          0          0          0          0         68   llshl.o
        32          0          0          0          0         68   llushr.o
        36          0          0          0          0        108   memseta.o
       736         56          0          0          0        184   printf5.o
         0          0          0          4          0          0   stdout.o
        14          0          0          0          0         68   strlen.o
        36          0          0          0          0         80   strstr.o
        98          0          0          0          0         92   uldiv.o

    ----------------------------------------------------------------------
      1160         72          0          4          0        736   Library Totals
         6          0          0          0          0          0   (incl. Padding)

    ----------------------------------------------------------------------

      Code (inc. data)   RO Data    RW Data    ZI Data      Debug   Library Name

      1154         72          0          4          0        736   mc_w.l

    ----------------------------------------------------------------------
      1160         72          0          4          0        736   Library Totals

    ----------------------------------------------------------------------

==============================================================================


      Code (inc. data)   RO Data    RW Data    ZI Data      Debug   

      8872        738        512        344       7192     606462   Grand Totals
      8872        738        512         84       7192     606462   ELF Image Totals (compressed)
      8872        738        512         84          0          0   ROM Totals

==============================================================================

    Total RO  Size (Code + RO Data)                 9384 (   9.16kB)
    Total RW  Size (RW Data + ZI Data)              7536 (   7.36kB)
    Total ROM Size (Code + RO Data + RW Data)       9468 (   9.25kB)

==============================================================================

